Archive member included to satisfy reference by file (symbol)

app/libapp.a(main.c.obj)      (--whole-archive)
zephyr/libzephyr.a(crc32_sw.c.obj)
                              (--whole-archive)
zephyr/libzephyr.a(crc16_sw.c.obj)
                              (--whole-archive)
zephyr/libzephyr.a(crc8_sw.c.obj)
                              (--whole-archive)
zephyr/libzephyr.a(crc7_sw.c.obj)
                              (--whole-archive)
zephyr/libzephyr.a(dec.c.obj)
                              (--whole-archive)
zephyr/libzephyr.a(fdtable.c.obj)
                              (--whole-archive)
zephyr/libzephyr.a(hex.c.obj)
                              (--whole-archive)
zephyr/libzephyr.a(mempool.c.obj)
                              (--whole-archive)
zephyr/libzephyr.a(printk.c.obj)
                              (--whole-archive)
zephyr/libzephyr.a(onoff.c.obj)
                              (--whole-archive)
zephyr/libzephyr.a(rb.c.obj)  (--whole-archive)
zephyr/libzephyr.a(sem.c.obj)
                              (--whole-archive)
zephyr/libzephyr.a(thread_entry.c.obj)
                              (--whole-archive)
zephyr/libzephyr.a(timeutil.c.obj)
                              (--whole-archive)
zephyr/libzephyr.a(work_q.c.obj)
                              (--whole-archive)
zephyr/libzephyr.a(configs.c.obj)
                              (--whole-archive)
zephyr/libzephyr.a(soc.c.obj)
                              (--whole-archive)
zephyr/libzephyr.a(power.c.obj)
                              (--whole-archive)
zephyr/libzephyr.a(validate_base_addresses.c.obj)
                              (--whole-archive)
zephyr/libzephyr.a(power.c.obj)
                              (--whole-archive)
zephyr/libzephyr.a(policy_residency.c.obj)
                              (--whole-archive)
zephyr/libzephyr.a(uart_console.c.obj)
                              (--whole-archive)
zephyr/libzephyr.a(nrf_power_clock.c.obj)
                              (--whole-archive)
zephyr/libzephyr.a(sys_clock_init.c.obj)
                              (--whole-archive)
zephyr/libzephyr.a(nrf_rtc_timer.c.obj)
                              (--whole-archive)
zephyr/libzephyr.a(spm.c.obj)
                              (--whole-archive)
zephyr/libzephyr.a(secure_services.c.obj)
                              (--whole-archive)
zephyr/libzephyr.a(nrf_cc310_platform_abort_zephyr.c.obj)
                              (--whole-archive)
zephyr/libzephyr.a(nrf_cc310_platform_mutex_zephyr.c.obj)
                              (--whole-archive)
zephyr/arch/common/libarch__common.a(isr_tables.c.obj)
                              (--whole-archive)
zephyr/arch/common/libarch__common.a(sw_isr_common.c.obj)
                              (--whole-archive)
zephyr/arch/arch/arm/core/aarch32/libarch__arm__core__aarch32.a(exc_exit.S.obj)
                              (--whole-archive)
zephyr/arch/arch/arm/core/aarch32/libarch__arm__core__aarch32.a(swap.c.obj)
                              (--whole-archive)
zephyr/arch/arch/arm/core/aarch32/libarch__arm__core__aarch32.a(swap_helper.S.obj)
                              (--whole-archive)
zephyr/arch/arch/arm/core/aarch32/libarch__arm__core__aarch32.a(irq_manage.c.obj)
                              (--whole-archive)
zephyr/arch/arch/arm/core/aarch32/libarch__arm__core__aarch32.a(thread.c.obj)
                              (--whole-archive)
zephyr/arch/arch/arm/core/aarch32/libarch__arm__core__aarch32.a(cpu_idle.S.obj)
                              (--whole-archive)
zephyr/arch/arch/arm/core/aarch32/libarch__arm__core__aarch32.a(fault_s.S.obj)
                              (--whole-archive)
zephyr/arch/arch/arm/core/aarch32/libarch__arm__core__aarch32.a(fatal.c.obj)
                              (--whole-archive)
zephyr/arch/arch/arm/core/aarch32/libarch__arm__core__aarch32.a(nmi.c.obj)
                              (--whole-archive)
zephyr/arch/arch/arm/core/aarch32/libarch__arm__core__aarch32.a(nmi_on_reset.S.obj)
                              (--whole-archive)
zephyr/arch/arch/arm/core/aarch32/libarch__arm__core__aarch32.a(prep_c.c.obj)
                              (--whole-archive)
zephyr/arch/arch/arm/core/aarch32/libarch__arm__core__aarch32.a(isr_wrapper.S.obj)
                              (--whole-archive)
zephyr/arch/arch/arm/core/aarch32/cortex_m/libarch__arm__core__aarch32__cortex_m.a(vector_table.S.obj)
                              (--whole-archive)
zephyr/arch/arch/arm/core/aarch32/cortex_m/libarch__arm__core__aarch32__cortex_m.a(reset.S.obj)
                              (--whole-archive)
zephyr/arch/arch/arm/core/aarch32/cortex_m/libarch__arm__core__aarch32__cortex_m.a(fault.c.obj)
                              (--whole-archive)
zephyr/arch/arch/arm/core/aarch32/cortex_m/libarch__arm__core__aarch32__cortex_m.a(scb.c.obj)
                              (--whole-archive)
zephyr/arch/arch/arm/core/aarch32/cortex_m/libarch__arm__core__aarch32__cortex_m.a(irq_init.c.obj)
[...]
Memory Configuration

Name             Origin             Length             Attributes
FLASH            0x0000000000010200 0x000000000000c000 xr
SRAM             0x0000000020000000 0x0000000000010000 xw
IDT_LIST         0x0000000020010000 0x0000000000000800 xw
*default*        0x0000000000000000 0xffffffffffffffff

Linker script and memory map

LOAD zephyr/CMakeFiles/zephyr_prebuilt.dir/misc/empty_file.c.obj
                0x0000000000000020                _region_min_align = 0x20

.rel.plt        0x0000000000010200        0x0
 *(SORT_BY_ALIGNMENT(.rel.plt))
                [!provide]                        PROVIDE (__rel_iplt_start = .)
 *(SORT_BY_ALIGNMENT(.rel.iplt))
 .rel.iplt      0x0000000000010200        0x0 app/libapp.a(main.c.obj)
                [!provide]                        PROVIDE (__rel_iplt_end = .)

.rela.plt       0x0000000000000000        0x0
 *(SORT_BY_ALIGNMENT(.rela.plt))
                [!provide]                        PROVIDE (__rela_iplt_start = .)
 *(SORT_BY_ALIGNMENT(.rela.iplt))
                [!provide]                        PROVIDE (__rela_iplt_end = .)

.rel.dyn
 *(SORT_BY_ALIGNMENT(.rel.*))

.rela.dyn
 *(SORT_BY_ALIGNMENT(.rela.*))

/DISCARD/
 *(SORT_BY_ALIGNMENT(.plt))
 *(SORT_BY_ALIGNMENT(.iplt))
 *(SORT_BY_ALIGNMENT(.got.plt))
 *(SORT_BY_ALIGNMENT(.igot.plt))
 *(SORT_BY_ALIGNMENT(.got))
 *(SORT_BY_ALIGNMENT(.igot))
 *(SORT_BY_ALIGNMENT(.note.GNU-stack))
                0x0000000000010200                _image_rom_start = 0x10200

rom_start       0x0000000000010200      0x23c
                0x0000000000000000                . = 0x0
                0x0000000000000000                . = ALIGN (0x4)
                0x0000000000010200                _vector_start = .
 *(SORT_BY_ALIGNMENT(.exc_vector_table))
 *(SORT_BY_ALIGNMENT(.exc_vector_table.*))
 .exc_vector_table._vector_table_section
                0x0000000000010200       0x40 zephyr/arch/arch/arm/core/aarch32/cortex_m/libarch__arm__core__aarch32__cortex_m.a(vector_table.S.obj)
                0x0000000000010200                _vector_table
 *(SORT_BY_ALIGNMENT(.gnu.linkonce.irq_vector_table))
 .gnu.linkonce.irq_vector_table
                0x0000000000010240      0x104 zephyr/arch/common/libarch__common.a(isr_tables.c.obj)
                0x0000000000010240                _irq_vector_table
 *(SORT_BY_ALIGNMENT(.vectors))
                0x0000000000010344                _vector_end = .
 *(SORT_BY_ALIGNMENT(.openocd_dbg))
 *(SORT_BY_ALIGNMENT(.openocd_dbg.*))
                0x0000000000000200                . = 0x200
 *fill*         0x0000000000010344       0xbc 
                0x0000000000010400                _fw_info_start = .
 *(SORT_BY_NAME(SORT_BY_ALIGNMENT(.firmware_info*)))
 .firmware_info
                0x0000000000010400       0x3c modules/nrf/subsys/fw_info/lib..__nrf__subsys__fw_info.a(fw_info.c.obj)
                0x0000000000010400                m_firmware_info
                0x000000000000003c                _fw_info_size = ABSOLUTE ((. - _fw_info_start))

text            0x000000000001043c     0x3f5e
                0x000000000001043c                _image_text_start = .
 *(SORT_BY_ALIGNMENT(.text))
 .text          0x000000000001043c       0x30 /opt/gnuarmemb/bin/../lib/gcc/arm-none-eabi/9.2.1/thumb/v8-m.main+fp/hard/libgcc.a(_aeabi_uldivmod.o)
                0x000000000001043c                __aeabi_uldivmod
 .text          0x000000000001046c      0x2c0 /opt/gnuarmemb/bin/../lib/gcc/arm-none-eabi/9.2.1/thumb/v8-m.main+fp/hard/libgcc.a(_udivmoddi4.o)
                0x000000000001046c                __udivmoddi4
 .text          0x000000000001072c        0x4 /opt/gnuarmemb/bin/../lib/gcc/arm-none-eabi/9.2.1/thumb/v8-m.main+fp/hard/libgcc.a(_dvmd_tls.o)
                0x000000000001072c                __aeabi_ldiv0
                0x000000000001072c                __aeabi_idiv0
 .text          0x0000000000010730       0x5c /opt/gnuarmemb/bin/../lib/gcc/arm-none-eabi/9.2.1/thumb/v8-m.main+fp/hard/libgcc.a(cmse_nonsecure_call.o)
                0x0000000000010730                __gnu_cmse_nonsecure_call
 *(SORT_BY_ALIGNMENT(.text.*))
 .text.char_out
                0x000000000001078c       0x10 zephyr/libzephyr.a(printk.c.obj)
 .text._printk_dec_ulong
                0x000000000001079c       0xa8 zephyr/libzephyr.a(printk.c.obj)
 .text.__printk_hook_install
                0x0000000000010844        0xc zephyr/libzephyr.a(printk.c.obj)
                0x0000000000010844                __printk_hook_install
 .text.z_vprintk
                0x0000000000010850      0x328 zephyr/libzephyr.a(printk.c.obj)
                0x0000000000010850                z_vprintk
 .text.vprintk  0x0000000000010b78       0x1c zephyr/libzephyr.a(printk.c.obj)
                0x0000000000010b78                vprintk
 .text.nordicsemi_nrf91_init
                0x0000000000010b94       0x28 zephyr/libzephyr.a(soc.c.obj)
 .text.console_out
                0x0000000000010bbc       0x28 zephyr/libzephyr.a(uart_console.c.obj)
 .text.uart_console_hook_install
                0x0000000000010be4       0x18 zephyr/libzephyr.a(uart_console.c.obj)
                0x0000000000010be4                uart_console_hook_install
 .text.uart_console_init
                0x0000000000010bfc       0x1c zephyr/libzephyr.a(uart_console.c.obj)
 .text.nrf_power_clock_isr
                0x0000000000010c18       0x54 zephyr/libzephyr.a(nrf_power_clock.c.obj)
                0x0000000000010c18                nrf_power_clock_isr
 .text.rtc1_nrf_isr
                0x0000000000010c6c       0x40 zephyr/libzephyr.a(nrf_rtc_timer.c.obj)
                0x0000000000010c6c                rtc1_nrf_isr
 .text.z_clock_driver_init
                0x0000000000010cac       0x6c zephyr/libzephyr.a(nrf_rtc_timer.c.obj)
                0x0000000000010cac                z_clock_driver_init
 .text.z_clock_set_timeout
                0x0000000000010d18       0xac zephyr/libzephyr.a(nrf_rtc_timer.c.obj)
                0x0000000000010d18                z_clock_set_timeout
 .text.z_clock_elapsed
                0x0000000000010dc4       0x34 zephyr/libzephyr.a(nrf_rtc_timer.c.obj)
                0x0000000000010dc4                z_clock_elapsed
 .text.config_regions
                0x0000000000010df8       0xb0 zephyr/libzephyr.a(spm.c.obj)
 .text.spm_config_peripheral.constprop.0
                0x0000000000010ea8       0x5c zephyr/libzephyr.a(spm.c.obj)
 .text.spm_jump
                0x0000000000010f04       0xd8 zephyr/libzephyr.a(spm.c.obj)
                0x0000000000010f04                spm_jump
 .text.spm_config
                0x0000000000010fdc      0x130 zephyr/libzephyr.a(spm.c.obj)
                0x0000000000010fdc                spm_config
 .text.spm_request_read
                0x000000000001110c       0xbc zephyr/libzephyr.a(secure_services.c.obj)
                0x000000000001110c                __acle_se_spm_request_read
 .text.spm_firmware_info
                0x00000000000111c8       0xd4 zephyr/libzephyr.a(secure_services.c.obj)
                0x00000000000111c8                __acle_se_spm_firmware_info
 .text.nrf_cc310_platform_abort_init
                0x000000000001129c        0xc zephyr/libzephyr.a(nrf_cc310_platform_abort_zephyr.c.obj)
                0x000000000001129c                nrf_cc310_platform_abort_init
 .text.mutex_unlock
                0x00000000000112a8       0x20 zephyr/libzephyr.a(nrf_cc310_platform_mutex_zephyr.c.obj)
 .text.mutex_free
                0x00000000000112c8       0x40 zephyr/libzephyr.a(nrf_cc310_platform_mutex_zephyr.c.obj)
 .text.mutex_init
                0x0000000000011308       0x64 zephyr/libzephyr.a(nrf_cc310_platform_mutex_zephyr.c.obj)
 .text.mutex_lock
                0x000000000001136c       0x30 zephyr/libzephyr.a(nrf_cc310_platform_mutex_zephyr.c.obj)
 .text.nrf_cc310_platform_mutex_init
                0x000000000001139c       0x2c zephyr/libzephyr.a(nrf_cc310_platform_mutex_zephyr.c.obj)
                0x000000000001139c                nrf_cc310_platform_mutex_init
 .text._HandlerModeExit
                0x00000000000113c8       0x1c zephyr/arch/arch/arm/core/aarch32/libarch__arm__core__aarch32.a(exc_exit.S.obj)
                0x00000000000113c8                z_arm_exc_exit
                0x00000000000113c8                z_arm_int_exit
 .text.arch_swap
                0x00000000000113e4       0x34 zephyr/arch/arch/arm/core/aarch32/libarch__arm__core__aarch32.a(swap.c.obj)
                0x00000000000113e4                arch_swap
 .text.z_arm_pendsv
                0x0000000000011418       0x54 zephyr/arch/arch/arm/core/aarch32/libarch__arm__core__aarch32.a(swap_helper.S.obj)
                0x0000000000011418                z_arm_pendsv
 .text.z_arm_svc
                0x000000000001146c       0x20 zephyr/arch/arch/arm/core/aarch32/libarch__arm__core__aarch32.a(swap_helper.S.obj)
                0x000000000001146c                z_arm_svc
 .text.arch_irq_enable
                0x000000000001148c       0x20 zephyr/arch/arch/arm/core/aarch32/libarch__arm__core__aarch32.a(irq_manage.c.obj)
                0x000000000001148c                arch_irq_enable
 .text.z_arm_irq_priority_set
                0x00000000000114ac       0x2c zephyr/arch/arch/arm/core/aarch32/libarch__arm__core__aarch32.a(irq_manage.c.obj)
                0x00000000000114ac                z_arm_irq_priority_set
 .text.arch_new_thread
                0x00000000000114d8       0x44 zephyr/arch/arch/arm/core/aarch32/libarch__arm__core__aarch32.a(thread.c.obj)
                0x00000000000114d8                arch_new_thread
 .text.arch_switch_to_main_thread
                0x000000000001151c       0x44 zephyr/arch/arch/arm/core/aarch32/libarch__arm__core__aarch32.a(thread.c.obj)
                0x000000000001151c                arch_switch_to_main_thread
 .text.z_arm_cpu_idle_init
                0x0000000000011560        0xc zephyr/arch/arch/arm/core/aarch32/libarch__arm__core__aarch32.a(cpu_idle.S.obj)
                0x0000000000011560                z_arm_cpu_idle_init
 .text.arch_cpu_idle
                0x000000000001156c        0xc zephyr/arch/arch/arm/core/aarch32/libarch__arm__core__aarch32.a(cpu_idle.S.obj)
                0x000000000001156c                arch_cpu_idle
 .text.__fault  0x0000000000011578       0x14 zephyr/arch/arch/arm/core/aarch32/libarch__arm__core__aarch32.a(fault_s.S.obj)
                0x0000000000011578                z_arm_secure_fault
                0x0000000000011578                z_arm_bus_fault
                0x0000000000011578                z_arm_usage_fault
                0x0000000000011578                z_arm_mpu_fault
                0x0000000000011578                z_arm_reserved
                0x0000000000011578                z_arm_debug_monitor
                0x0000000000011578                z_arm_hard_fault
 .text.z_SysNmiOnReset
                0x000000000001158c        0x8 zephyr/arch/arch/arm/core/aarch32/libarch__arm__core__aarch32.a(nmi_on_reset.S.obj)
                0x000000000001158c                z_SysNmiOnReset
 .text.z_arm_prep_c
                0x0000000000011594       0x54 zephyr/arch/arch/arm/core/aarch32/libarch__arm__core__aarch32.a(prep_c.c.obj)
                0x0000000000011594                z_arm_prep_c
 .text._isr_wrapper
                0x00000000000115e8       0x40 zephyr/arch/arch/arm/core/aarch32/libarch__arm__core__aarch32.a(isr_wrapper.S.obj)
                0x00000000000115e8                _isr_wrapper
 .text._reset_section
                0x0000000000011628       0x30 zephyr/arch/arch/arm/core/aarch32/cortex_m/libarch__arm__core__aarch32__cortex_m.a(reset.S.obj)
                0x0000000000011628                z_arm_reset
                0x0000000000011628                __start
 .text.mem_manage_fault.isra.0
                0x0000000000011658       0x38 zephyr/arch/arch/arm/core/aarch32/cortex_m/libarch__arm__core__aarch32__cortex_m.a(fault.c.obj)
 .text.bus_fault.isra.0
                0x0000000000011690       0x3c zephyr/arch/arch/arm/core/aarch32/cortex_m/libarch__arm__core__aarch32__cortex_m.a(fault.c.obj)
 .text.usage_fault.isra.0
                0x00000000000116cc       0x24 zephyr/arch/arch/arm/core/aarch32/cortex_m/libarch__arm__core__aarch32__cortex_m.a(fault.c.obj)
 .text.secure_fault.isra.0
                0x00000000000116f0       0x3c zephyr/arch/arch/arm/core/aarch32/cortex_m/libarch__arm__core__aarch32__cortex_m.a(fault.c.obj)
 .text.z_arm_fault
                0x000000000001172c      0x118 zephyr/arch/arch/arm/core/aarch32/cortex_m/libarch__arm__core__aarch32__cortex_m.a(fault.c.obj)
                0x000000000001172c                z_arm_fault
 .text.z_arm_fault_init
                0x0000000000011844       0x10 zephyr/arch/arch/arm/core/aarch32/cortex_m/libarch__arm__core__aarch32__cortex_m.a(fault.c.obj)
                0x0000000000011844                z_arm_fault_init
 .text.sys_arch_reboot
                0x0000000000011854       0x24 zephyr/arch/arch/arm/core/aarch32/cortex_m/libarch__arm__core__aarch32__cortex_m.a(scb.c.obj)
                0x0000000000011854                sys_arch_reboot
 .text.z_arm_int_lib_init
                0x0000000000011878       0x18 zephyr/arch/arch/arm/core/aarch32/cortex_m/libarch__arm__core__aarch32__cortex_m.a(irq_init.c.obj)
                0x0000000000011878                z_arm_int_lib_init
 .text.z_impl_k_thread_abort
                0x0000000000011890       0x4c zephyr/arch/arch/arm/core/aarch32/cortex_m/libarch__arm__core__aarch32__cortex_m.a(thread_abort.c.obj)
                0x0000000000011890                z_impl_k_thread_abort
 .text.z_arm_configure_static_mpu_regions
                0x00000000000118dc       0x54 zephyr/arch/arch/arm/core/aarch32/cortex_m/mpu/libarch__arm__core__aarch32__cortex_m__mpu.a(arm_core_mpu.c.obj)
                0x00000000000118dc                z_arm_configure_static_mpu_regions
 .text.region_init
                0x0000000000011930       0x30 zephyr/arch/arch/arm/core/aarch32/cortex_m/mpu/libarch__arm__core__aarch32__cortex_m__mpu.a(arm_mpu.c.obj)
 .text.mpu_configure_regions_and_partition.constprop.0
                0x0000000000011960      0x13c zephyr/arch/arch/arm/core/aarch32/cortex_m/mpu/libarch__arm__core__aarch32__cortex_m__mpu.a(arm_mpu.c.obj)
 .text.arm_core_mpu_enable
                0x0000000000011a9c       0x14 zephyr/arch/arch/arm/core/aarch32/cortex_m/mpu/libarch__arm__core__aarch32__cortex_m__mpu.a(arm_mpu.c.obj)
                0x0000000000011a9c                arm_core_mpu_enable
 .text.arm_core_mpu_disable
                0x0000000000011ab0       0x10 zephyr/arch/arch/arm/core/aarch32/cortex_m/mpu/libarch__arm__core__aarch32__cortex_m__mpu.a(arm_mpu.c.obj)
                0x0000000000011ab0                arm_core_mpu_disable
 .text.arm_mpu_init
                0x0000000000011ac0       0x4c zephyr/arch/arch/arm/core/aarch32/cortex_m/mpu/libarch__arm__core__aarch32__cortex_m__mpu.a(arm_mpu.c.obj)
 .text.arm_core_mpu_configure_static_mpu_regions
                0x0000000000011b0c       0x14 zephyr/arch/arch/arm/core/aarch32/cortex_m/mpu/libarch__arm__core__aarch32__cortex_m__mpu.a(arm_mpu.c.obj)
                0x0000000000011b0c                arm_core_mpu_configure_static_mpu_regions
 .text.arm_core_mpu_mark_areas_for_dynamic_regions
                0x0000000000011b20       0xac zephyr/arch/arch/arm/core/aarch32/cortex_m/mpu/libarch__arm__core__aarch32__cortex_m__mpu.a(arm_mpu.c.obj)
                0x0000000000011b20                arm_core_mpu_mark_areas_for_dynamic_regions
 .text.arm_core_mpu_configure_dynamic_mpu_regions
                0x0000000000011bcc       0x40 zephyr/arch/arch/arm/core/aarch32/cortex_m/mpu/libarch__arm__core__aarch32__cortex_m__mpu.a(arm_mpu.c.obj)
                0x0000000000011bcc                arm_core_mpu_configure_dynamic_mpu_regions
 .text.tz_nonsecure_state_setup
                0x0000000000011c0c       0x38 zephyr/arch/arch/arm/core/aarch32/cortex_m/tz/libarch__arm__core__aarch32__cortex_m__tz.a(arm_core_tz.c.obj)
                0x0000000000011c0c                tz_nonsecure_state_setup
 .text.tz_nbanked_exception_target_state_set
                0x0000000000011c44       0x28 zephyr/arch/arch/arm/core/aarch32/cortex_m/tz/libarch__arm__core__aarch32__cortex_m__tz.a(arm_core_tz.c.obj)
                0x0000000000011c44                tz_nbanked_exception_target_state_set
 .text.tz_nonsecure_exception_prio_config
                0x0000000000011c6c       0x28 zephyr/arch/arch/arm/core/aarch32/cortex_m/tz/libarch__arm__core__aarch32__cortex_m__tz.a(arm_core_tz.c.obj)
                0x0000000000011c6c                tz_nonsecure_exception_prio_config
 .text.tz_nonsecure_system_reset_req_block
                0x0000000000011c94       0x28 zephyr/arch/arch/arm/core/aarch32/cortex_m/tz/libarch__arm__core__aarch32__cortex_m__tz.a(arm_core_tz.c.obj)
                0x0000000000011c94                tz_nonsecure_system_reset_req_block
 .text.tz_nonsecure_fpu_access_enable
                0x0000000000011cbc       0x14 zephyr/arch/arch/arm/core/aarch32/cortex_m/tz/libarch__arm__core__aarch32__cortex_m__tz.a(arm_core_tz.c.obj)
                0x0000000000011cbc                tz_nonsecure_fpu_access_enable
 .text.tz_sau_configure
                0x0000000000011cd0       0x28 zephyr/arch/arch/arm/core/aarch32/cortex_m/tz/libarch__arm__core__aarch32__cortex_m__tz.a(arm_core_tz.c.obj)
                0x0000000000011cd0                tz_sau_configure
 .text.__stdout_hook_install
                0x0000000000011cf8        0xc zephyr/lib/libc/minimal/liblib__libc__minimal.a(stdout_console.c.obj)
                0x0000000000011cf8                __stdout_hook_install
 .text.uarte_nrfx_configure
                0x0000000000011d04      0x16c zephyr/drivers/serial/libdrivers__serial.a(uart_nrfx_uarte.c.obj)
 .text.uarte_0_init
                0x0000000000011e70       0x6c zephyr/drivers/serial/libdrivers__serial.a(uart_nrfx_uarte.c.obj)
 .text.check_ext_api_requests
                0x0000000000011edc       0x9c modules/nrf/subsys/fw_info/lib..__nrf__subsys__fw_info.a(fw_info.c.obj)
 .text.nrf91_errata_6
                0x0000000000011f78       0x20 modules/nordic/lib..__modules__hal__nordic.a(system_nrf9160.c.obj)
 .text.nrf91_errata_14
                0x0000000000011f98       0x1c modules/nordic/lib..__modules__hal__nordic.a(system_nrf9160.c.obj)
 .text.SystemInit
                0x0000000000011fb4      0x170 modules/nordic/lib..__modules__hal__nordic.a(system_nrf9160.c.obj)
                0x0000000000011fb4                SystemInit
 .text.z_sys_device_do_config_level
                0x0000000000012124       0x2c zephyr/kernel/libkernel.a(device.c.obj)
                0x0000000000012124                z_sys_device_do_config_level
 .text.z_impl_device_get_binding
                0x0000000000012150       0x4c zephyr/kernel/libkernel.a(device.c.obj)
                0x0000000000012150                z_impl_device_get_binding
 .text.idle     0x000000000001219c       0x34 zephyr/kernel/libkernel.a(idle.c.obj)
                0x000000000001219c                idle
 .text.z_bss_zero
                0x00000000000121d0       0x14 zephyr/kernel/libkernel.a(init.c.obj)
                0x00000000000121d0                z_bss_zero
 .text.z_data_copy
                0x00000000000121e4       0x34 zephyr/kernel/libkernel.a(init.c.obj)
                0x00000000000121e4                z_data_copy
 .text.bg_thread_main
                0x0000000000012218       0x48 zephyr/kernel/libkernel.a(init.c.obj)
 .text.z_cstart
                0x0000000000012260      0x110 zephyr/kernel/libkernel.a(init.c.obj)
                0x0000000000012260                z_cstart
 .text.init_mem_slab_module
                0x0000000000012370       0x44 zephyr/kernel/libkernel.a(mem_slab.c.obj)
 .text.k_mem_slab_alloc
                0x00000000000123b4       0x58 zephyr/kernel/libkernel.a(mem_slab.c.obj)
                0x00000000000123b4                k_mem_slab_alloc
 .text.k_mem_slab_free
                0x000000000001240c       0x5c zephyr/kernel/libkernel.a(mem_slab.c.obj)
                0x000000000001240c                k_mem_slab_free
 .text.z_impl_k_mutex_lock
                0x0000000000012468       0xe4 zephyr/kernel/libkernel.a(mutex.c.obj)
                0x0000000000012468                z_impl_k_mutex_lock
 .text.z_impl_k_mutex_unlock
                0x000000000001254c       0x98 zephyr/kernel/libkernel.a(mutex.c.obj)
                0x000000000001254c                z_impl_k_mutex_unlock
 .text.z_reset_time_slice
                0x00000000000125e4       0x2c zephyr/kernel/libkernel.a(sched.c.obj)
                0x00000000000125e4                z_reset_time_slice
 .text.k_sched_time_slice_set
                0x0000000000012610       0x58 zephyr/kernel/libkernel.a(sched.c.obj)
                0x0000000000012610                k_sched_time_slice_set
 .text.k_sched_lock
                0x0000000000012668       0x28 zephyr/kernel/libkernel.a(sched.c.obj)
                0x0000000000012668                k_sched_lock
 .text.z_priq_dumb_remove
                0x0000000000012690       0x2c zephyr/kernel/libkernel.a(sched.c.obj)
                0x0000000000012690                z_priq_dumb_remove
 .text.update_cache
                0x00000000000126bc       0x3c zephyr/kernel/libkernel.a(sched.c.obj)
 .text.k_sched_unlock
                0x00000000000126f8       0x38 zephyr/kernel/libkernel.a(sched.c.obj)
                0x00000000000126f8                k_sched_unlock
 .text.z_add_thread_to_ready_q
                0x0000000000012730       0x70 zephyr/kernel/libkernel.a(sched.c.obj)
                0x0000000000012730                z_add_thread_to_ready_q
 .text.z_move_thread_to_end_of_prio_q
                0x00000000000127a0       0x8c zephyr/kernel/libkernel.a(sched.c.obj)
                0x00000000000127a0                z_move_thread_to_end_of_prio_q
 .text.z_time_slice
                0x000000000001282c       0x6c zephyr/kernel/libkernel.a(sched.c.obj)
                0x000000000001282c                z_time_slice
 .text.z_thread_single_abort
                0x0000000000012898       0x88 zephyr/kernel/libkernel.a(sched.c.obj)
                0x0000000000012898                z_thread_single_abort
 .text.z_remove_thread_from_ready_q
                0x0000000000012920       0x4c zephyr/kernel/libkernel.a(sched.c.obj)
                0x0000000000012920                z_remove_thread_from_ready_q
 .text.pend     0x000000000001296c       0x8c zephyr/kernel/libkernel.a(sched.c.obj)
 .text.z_pend_curr
                0x00000000000129f8       0x28 zephyr/kernel/libkernel.a(sched.c.obj)
                0x00000000000129f8                z_pend_curr
 .text.z_set_prio
                0x0000000000012a20       0x84 zephyr/kernel/libkernel.a(sched.c.obj)
                0x0000000000012a20                z_set_prio
 .text.z_sched_init
                0x0000000000012aa4       0x18 zephyr/kernel/libkernel.a(sched.c.obj)
                0x0000000000012aa4                z_sched_init
 .text.z_impl_k_current_get
                0x0000000000012abc        0xc zephyr/kernel/libkernel.a(sched.c.obj)
                0x0000000000012abc                z_impl_k_current_get
 .text.z_impl_k_thread_start
                0x0000000000012ac8       0x48 zephyr/kernel/libkernel.a(thread.c.obj)
                0x0000000000012ac8                z_impl_k_thread_start
 .text.z_setup_new_thread
                0x0000000000012b10       0x30 zephyr/kernel/libkernel.a(thread.c.obj)
                0x0000000000012b10                z_setup_new_thread
 .text.z_init_static_threads
                0x0000000000012b40       0xb4 zephyr/kernel/libkernel.a(thread.c.obj)
                0x0000000000012b40                z_init_static_threads
 .text.elapsed  0x0000000000012bf4       0x14 zephyr/kernel/libkernel.a(timeout.c.obj)
 .text.remove_timeout
                0x0000000000012c08       0x28 zephyr/kernel/libkernel.a(timeout.c.obj)
 .text.next_timeout
                0x0000000000012c30       0x38 zephyr/kernel/libkernel.a(timeout.c.obj)
 .text.z_add_timeout
                0x0000000000012c68       0x84 zephyr/kernel/libkernel.a(timeout.c.obj)
                0x0000000000012c68                z_add_timeout
 .text.z_clock_announce
                0x0000000000012cec       0xa8 zephyr/kernel/libkernel.a(timeout.c.obj)
                0x0000000000012cec                z_clock_announce
 .text.init_static_pools
                0x0000000000012d94       0x28 zephyr/kernel/libkernel.a(mempool.c.obj)
                0x0000000000012d94                init_static_pools
 .text.CC_PalMemCopyPlat
                0x0000000000012dbc        0x4 /Users/aaarcr/ncs/nrfxlib/crypto/nrf_cc310_mbedcrypto/lib/cortex-m33/hard-float/no-interrupts/libnrf_cc310_mbedcrypto_0.9.2.a(cc_pal_mem.c.obj)
                0x0000000000012dbc                CC_PalMemCopyPlat
 .text.CC_PalMemSetZeroPlat
                0x0000000000012dc0        0x8 /Users/aaarcr/ncs/nrfxlib/crypto/nrf_cc310_mbedcrypto/lib/cortex-m33/hard-float/no-interrupts/libnrf_cc310_mbedcrypto_0.9.2.a(cc_pal_mem.c.obj)
                0x0000000000012dc0                CC_PalMemSetZeroPlat
 .text.CC_PalInit
                0x0000000000012dc8       0x5c /Users/aaarcr/ncs/nrfxlib/crypto/nrf_cc310_mbedcrypto/lib/cortex-m33/hard-float/no-interrupts/libnrf_cc310_mbedcrypto_0.9.2.a(cc_pal.c.obj)
                0x0000000000012dc8                CC_PalInit
 .text.CC_PalTerminate
                0x0000000000012e24       0x34 /Users/aaarcr/ncs/nrfxlib/crypto/nrf_cc310_mbedcrypto/lib/cortex-m33/hard-float/no-interrupts/libnrf_cc310_mbedcrypto_0.9.2.a(cc_pal.c.obj)
                0x0000000000012e24                CC_PalTerminate
 .text.CC_PalDmaInit
                0x0000000000012e58        0x4 /Users/aaarcr/ncs/nrfxlib/crypto/nrf_cc310_mbedcrypto/lib/cortex-m33/hard-float/no-interrupts/libnrf_cc310_mbedcrypto_0.9.2.a(cc_pal_dma.c.obj)
                0x0000000000012e58                CC_PalDmaInit
 .text.CC_PalDmaTerminate
                0x0000000000012e5c        0x4 /Users/aaarcr/ncs/nrfxlib/crypto/nrf_cc310_mbedcrypto/lib/cortex-m33/hard-float/no-interrupts/libnrf_cc310_mbedcrypto_0.9.2.a(cc_pal_dma.c.obj)
                0x0000000000012e5c                CC_PalDmaTerminate
 .text.CC_PalMutexCreate
                0x0000000000012e60       0x14 /Users/aaarcr/ncs/nrfxlib/crypto/nrf_cc310_mbedcrypto/lib/cortex-m33/hard-float/no-interrupts/libnrf_cc310_mbedcrypto_0.9.2.a(cc_pal_mutex.c.obj)
                0x0000000000012e60                CC_PalMutexCreate
 .text.CC_PalMutexDestroy
                0x0000000000012e74       0x14 /Users/aaarcr/ncs/nrfxlib/crypto/nrf_cc310_mbedcrypto/lib/cortex-m33/hard-float/no-interrupts/libnrf_cc310_mbedcrypto_0.9.2.a(cc_pal_mutex.c.obj)
                0x0000000000012e74                CC_PalMutexDestroy
 .text.CC_PalMutexLock
                0x0000000000012e88       0x10 /Users/aaarcr/ncs/nrfxlib/crypto/nrf_cc310_mbedcrypto/lib/cortex-m33/hard-float/no-interrupts/libnrf_cc310_mbedcrypto_0.9.2.a(cc_pal_mutex.c.obj)
                0x0000000000012e88                CC_PalMutexLock
 .text.CC_PalMutexUnlock
                0x0000000000012e98       0x14 /Users/aaarcr/ncs/nrfxlib/crypto/nrf_cc310_mbedcrypto/lib/cortex-m33/hard-float/no-interrupts/libnrf_cc310_mbedcrypto_0.9.2.a(cc_pal_mutex.c.obj)
                0x0000000000012e98                CC_PalMutexUnlock
 .text.CC_PalPowerSaveModeInit
                0x0000000000012eac       0x3c /Users/aaarcr/ncs/nrfxlib/crypto/nrf_cc310_mbedcrypto/lib/cortex-m33/hard-float/no-interrupts/libnrf_cc310_mbedcrypto_0.9.2.a(cc_pal_pm.c.obj)
                0x0000000000012eac                CC_PalPowerSaveModeInit
 .text.CC_PalPowerSaveModeSelect
                0x0000000000012ee8       0x84 /Users/aaarcr/ncs/nrfxlib/crypto/nrf_cc310_mbedcrypto/lib/cortex-m33/hard-float/no-interrupts/libnrf_cc310_mbedcrypto_0.9.2.a(cc_pal_pm.c.obj)
                0x0000000000012ee8                CC_PalPowerSaveModeSelect
 .text.CC_HalInit
                0x0000000000012f6c        0x4 /Users/aaarcr/ncs/nrfxlib/crypto/nrf_cc310_mbedcrypto/lib/cortex-m33/hard-float/no-interrupts/libnrf_cc310_mbedcrypto_0.9.2.a(cc_hal.c.obj)
                0x0000000000012f6c                CC_HalInit
 .text.CC_HalTerminate
                0x0000000000012f70        0x4 /Users/aaarcr/ncs/nrfxlib/crypto/nrf_cc310_mbedcrypto/lib/cortex-m33/hard-float/no-interrupts/libnrf_cc310_mbedcrypto_0.9.2.a(cc_hal.c.obj)
                0x0000000000012f70                CC_HalTerminate
 .text.CC_HalClearInterruptBit
                0x0000000000012f74       0x1c /Users/aaarcr/ncs/nrfxlib/crypto/nrf_cc310_mbedcrypto/lib/cortex-m33/hard-float/no-interrupts/libnrf_cc310_mbedcrypto_0.9.2.a(cc_hal.c.obj)
                0x0000000000012f74                CC_HalClearInterruptBit
 .text.CC_HalMaskInterrupt
                0x0000000000012f90        0xc /Users/aaarcr/ncs/nrfxlib/crypto/nrf_cc310_mbedcrypto/lib/cortex-m33/hard-float/no-interrupts/libnrf_cc310_mbedcrypto_0.9.2.a(cc_hal.c.obj)
                0x0000000000012f90                CC_HalMaskInterrupt
 .text.CC_HalWaitInterruptRND
                0x0000000000012f9c        0xc /Users/aaarcr/ncs/nrfxlib/crypto/nrf_cc310_mbedcrypto/lib/cortex-m33/hard-float/no-interrupts/libnrf_cc310_mbedcrypto_0.9.2.a(cc_hal.c.obj)
                0x0000000000012f9c                CC_HalWaitInterruptRND
 .text.CC_PalWaitInterruptRND
                0x0000000000012fa8       0x30 /Users/aaarcr/ncs/nrfxlib/crypto/nrf_cc310_mbedcrypto/lib/cortex-m33/hard-float/no-interrupts/libnrf_cc310_mbedcrypto_0.9.2.a(cc_pal_interrupt_ctrl.c.obj)
                0x0000000000012fa8                CC_PalWaitInterruptRND
 .text.mbedtls_platform_setup
                0x0000000000012fd8        0x4 /Users/aaarcr/ncs/nrfxlib/crypto/nrf_cc310_platform/lib/cortex-m33/hard-float/no-interrupts/libnrf_cc310_platform_0.9.2.a(platform_alt.c.obj)
                0x0000000000012fd8                mbedtls_platform_setup
 .text.mbedtls_platform_zeroize
                0x0000000000012fdc       0x14 /Users/aaarcr/ncs/nrfxlib/crypto/nrf_cc310_platform/lib/cortex-m33/hard-float/no-interrupts/libnrf_cc310_platform_0.9.2.a(mbedtls_common.c.obj)
                0x0000000000012fdc                mbedtls_platform_zeroize
 .text.mbedtls_hardware_poll
                0x0000000000012ff0       0xb0 /Users/aaarcr/ncs/nrfxlib/crypto/nrf_cc310_platform/lib/cortex-m33/hard-float/no-interrupts/libnrf_cc310_platform_0.9.2.a(trng_api.c.obj)
                0x0000000000012ff0                mbedtls_hardware_poll
 .text.RNG_PLAT_SetUserRngParameters
                0x00000000000130a0       0x7c /Users/aaarcr/ncs/nrfxlib/crypto/nrf_cc310_platform/lib/cortex-m33/hard-float/no-interrupts/libnrf_cc310_platform_0.9.2.a(cc_rng_plat.c.obj)
                0x00000000000130a0                RNG_PLAT_SetUserRngParameters
 .text.nrf_cc310_platform_init
                0x000000000001311c       0x44 /Users/aaarcr/ncs/nrfxlib/crypto/nrf_cc310_platform/lib/cortex-m33/hard-float/no-interrupts/libnrf_cc310_platform_0.9.2.a(nrf_cc310_platform.c.obj)
                0x000000000001311c                nrf_cc310_platform_init
 .text.nrf_cc310_platform_init_no_rng
                0x0000000000013160       0x34 /Users/aaarcr/ncs/nrfxlib/crypto/nrf_cc310_platform/lib/cortex-m33/hard-float/no-interrupts/libnrf_cc310_platform_0.9.2.a(nrf_cc310_platform.c.obj)
                0x0000000000013160                nrf_cc310_platform_init_no_rng
 .text.nrf_cc310_platform_abort
                0x0000000000013194       0x24 /Users/aaarcr/ncs/nrfxlib/crypto/nrf_cc310_platform/lib/cortex-m33/hard-float/no-interrupts/libnrf_cc310_platform_0.9.2.a(nrf_cc310_platform_abort.c.obj)
 .text.CC_PalAbort
                0x00000000000131b8        0xc /Users/aaarcr/ncs/nrfxlib/crypto/nrf_cc310_platform/lib/cortex-m33/hard-float/no-interrupts/libnrf_cc310_platform_0.9.2.a(nrf_cc310_platform_abort.c.obj)
                0x00000000000131b8                CC_PalAbort
 .text.nrf_cc310_platform_set_abort
                0x00000000000131c4       0x10 /Users/aaarcr/ncs/nrfxlib/crypto/nrf_cc310_platform/lib/cortex-m33/hard-float/no-interrupts/libnrf_cc310_platform_0.9.2.a(nrf_cc310_platform_abort.c.obj)
                0x00000000000131c4                nrf_cc310_platform_set_abort
 .text.mutex_free
                0x00000000000131d4        0x4 /Users/aaarcr/ncs/nrfxlib/crypto/nrf_cc310_platform/lib/cortex-m33/hard-float/no-interrupts/libnrf_cc310_platform_0.9.2.a(nrf_cc310_platform_mutex.c.obj)
 .text.mutex_unlock
                0x00000000000131d8       0x24 /Users/aaarcr/ncs/nrfxlib/crypto/nrf_cc310_platform/lib/cortex-m33/hard-float/no-interrupts/libnrf_cc310_platform_0.9.2.a(nrf_cc310_platform_mutex.c.obj)
 .text.mutex_init
                0x00000000000131fc       0x1c /Users/aaarcr/ncs/nrfxlib/crypto/nrf_cc310_platform/lib/cortex-m33/hard-float/no-interrupts/libnrf_cc310_platform_0.9.2.a(nrf_cc310_platform_mutex.c.obj)
 .text.mutex_lock
                0x0000000000013218       0x1c /Users/aaarcr/ncs/nrfxlib/crypto/nrf_cc310_platform/lib/cortex-m33/hard-float/no-interrupts/libnrf_cc310_platform_0.9.2.a(nrf_cc310_platform_mutex.c.obj)
 .text.nrf_cc310_platform_set_mutexes
                0x0000000000013234       0x38 /Users/aaarcr/ncs/nrfxlib/crypto/nrf_cc310_platform/lib/cortex-m33/hard-float/no-interrupts/libnrf_cc310_platform_0.9.2.a(nrf_cc310_platform_mutex.c.obj)
                0x0000000000013234                nrf_cc310_platform_set_mutexes
 .text.CC_LibInitNoRng
                0x000000000001326c       0x6c /Users/aaarcr/ncs/nrfxlib/crypto/nrf_cc310_platform/lib/cortex-m33/hard-float/no-interrupts/libnrf_cc310_platform_0.9.2.a(cc_lib.c.obj)
                0x000000000001326c                CC_LibInitNoRng
 .text.CC_LibInitRngModule
                0x00000000000132d8       0xb8 /Users/aaarcr/ncs/nrfxlib/crypto/nrf_cc310_platform/lib/cortex-m33/hard-float/no-interrupts/libnrf_cc310_platform_0.9.2.a(cc_lib.c.obj)
                0x00000000000132d8                CC_LibInitRngModule
 .text.CC_LibInit
                0x0000000000013390       0x84 /Users/aaarcr/ncs/nrfxlib/crypto/nrf_cc310_platform/lib/cortex-m33/hard-float/no-interrupts/libnrf_cc310_platform_0.9.2.a(cc_lib.c.obj)
                0x0000000000013390                CC_LibInit
 .text.CC_PalTrngParamGet
                0x0000000000013414      0x10c /Users/aaarcr/ncs/nrfxlib/crypto/nrf_cc310_platform/lib/cortex-m33/hard-float/no-interrupts/libnrf_cc310_platform_0.9.2.a(cc_pal_trng.c.obj)
                0x0000000000013414                CC_PalTrngParamGet
 .text.LLF_RND_AdaptiveProportionTest
                0x0000000000013520       0x7c /Users/aaarcr/ncs/nrfxlib/crypto/nrf_cc310_platform/lib/cortex-m33/hard-float/no-interrupts/libnrf_cc310_platform_0.9.2.a(llf_rnd_trng90b.c.obj)
                0x0000000000013520                LLF_RND_AdaptiveProportionTest
 .text.getTrngSource
                0x000000000001359c      0x4b0 /Users/aaarcr/ncs/nrfxlib/crypto/nrf_cc310_platform/lib/cortex-m33/hard-float/no-interrupts/libnrf_cc310_platform_0.9.2.a(llf_rnd_trng90b.c.obj)
 .text.LLF_RND_GetTrngSource
                0x0000000000013a4c       0x88 /Users/aaarcr/ncs/nrfxlib/crypto/nrf_cc310_platform/lib/cortex-m33/hard-float/no-interrupts/libnrf_cc310_platform_0.9.2.a(llf_rnd_trng90b.c.obj)
                0x0000000000013a4c                LLF_RND_GetTrngSource
 .text.LLF_RND_RunTrngStartupTest
                0x0000000000013ad4       0x1c /Users/aaarcr/ncs/nrfxlib/crypto/nrf_cc310_platform/lib/cortex-m33/hard-float/no-interrupts/libnrf_cc310_platform_0.9.2.a(llf_rnd_trng90b.c.obj)
                0x0000000000013ad4                LLF_RND_RunTrngStartupTest
 .text.LLF_RND_WaitRngInterrupt
                0x0000000000013af0       0x20 /Users/aaarcr/ncs/nrfxlib/crypto/nrf_cc310_platform/lib/cortex-m33/hard-float/no-interrupts/libnrf_cc310_platform_0.9.2.a(llf_rnd.c.obj)
                0x0000000000013af0                LLF_RND_WaitRngInterrupt
 .text.LLF_RND_GetRoscSampleCnt
                0x0000000000013b10       0x3c /Users/aaarcr/ncs/nrfxlib/crypto/nrf_cc310_platform/lib/cortex-m33/hard-float/no-interrupts/libnrf_cc310_platform_0.9.2.a(llf_rnd.c.obj)
                0x0000000000013b10                LLF_RND_GetRoscSampleCnt
 .text.LLF_RND_GetFastestRosc
                0x0000000000013b4c       0x20 /Users/aaarcr/ncs/nrfxlib/crypto/nrf_cc310_platform/lib/cortex-m33/hard-float/no-interrupts/libnrf_cc310_platform_0.9.2.a(llf_rnd.c.obj)
                0x0000000000013b4c                LLF_RND_GetFastestRosc
 .text.LLF_RND_TurnOffTrng
                0x0000000000013b6c       0x1c /Users/aaarcr/ncs/nrfxlib/crypto/nrf_cc310_platform/lib/cortex-m33/hard-float/no-interrupts/libnrf_cc310_platform_0.9.2.a(llf_rnd.c.obj)
                0x0000000000013b6c                LLF_RND_TurnOffTrng
 .text.main     0x0000000000013b88        0xe app/libapp.a(main.c.obj)
                0x0000000000013b88                main
 .text.z_sys_mem_pool_base_init
                0x0000000000013b96       0x8c zephyr/libzephyr.a(mempool.c.obj)
                0x0000000000013b96                z_sys_mem_pool_base_init
 .text.arch_printk_char_out
                0x0000000000013c22        0x4 zephyr/libzephyr.a(printk.c.obj)
                0x0000000000013c22                arch_printk_char_out
 .text.print_err
                0x0000000000013c26       0x1c zephyr/libzephyr.a(printk.c.obj)
 .text.printk   0x0000000000013c42       0x1a zephyr/libzephyr.a(printk.c.obj)
                0x0000000000013c42                printk
 .text.z_thread_entry
                0x0000000000013c5c       0x14 zephyr/libzephyr.a(thread_entry.c.obj)
                0x0000000000013c5c                z_thread_entry
 .text._ConfigAbsSyms
                0x0000000000013c70        0x2 zephyr/libzephyr.a(configs.c.obj)
                0x0000000000013c70                _ConfigAbsSyms
 .text.z_platform_init
                0x0000000000013c72        0x4 zephyr/libzephyr.a(soc.c.obj)
                0x0000000000013c72                z_platform_init
 .text.get_status
                0x0000000000013c76       0x1c zephyr/libzephyr.a(nrf_power_clock.c.obj)
 .text.clock_stop
                0x0000000000013c92       0x76 zephyr/libzephyr.a(nrf_power_clock.c.obj)
 .text.clkstarted_handle
                0x0000000000013d08       0x46 zephyr/libzephyr.a(nrf_power_clock.c.obj)
 .text.clock_async_start
                0x0000000000013d4e       0xe0 zephyr/libzephyr.a(nrf_power_clock.c.obj)
 .text.clock_start
                0x0000000000013e2e        0x6 zephyr/libzephyr.a(nrf_power_clock.c.obj)
 .text.clk_init
                0x0000000000013e34       0x34 zephyr/libzephyr.a(nrf_power_clock.c.obj)
 .text.z_clock_isr
                0x0000000000013e68        0x2 zephyr/libzephyr.a(sys_clock_init.c.obj)
                0x0000000000013e68                z_clock_isr
 .text.z_clock_idle_exit
                0x0000000000013e6a        0x2 zephyr/libzephyr.a(sys_clock_init.c.obj)
                0x0000000000013e6a                z_clock_idle_exit
 .text.spm_secure_services_init
                0x0000000000013e6c       0x14 zephyr/libzephyr.a(secure_services.c.obj)
                0x0000000000013e6c                spm_secure_services_init
 .text.spm_request_random_number
                0x0000000000013e80       0x82 zephyr/libzephyr.a(secure_services.c.obj)
                0x0000000000013e80                __acle_se_spm_request_random_number
 .text.abort_function
                0x0000000000013f02        0x2 zephyr/libzephyr.a(nrf_cc310_platform_abort_zephyr.c.obj)
 .text.z_irq_spurious
                0x0000000000013f04        0x4 zephyr/arch/arch/arm/core/aarch32/libarch__arm__core__aarch32.a(irq_manage.c.obj)
                0x0000000000013f04                z_irq_spurious
 .text.irq_target_state_set
                0x0000000000013f08       0x52 zephyr/arch/arch/arm/core/aarch32/libarch__arm__core__aarch32.a(irq_manage.c.obj)
                0x0000000000013f08                irq_target_state_set
 .text.z_arm_fatal_error
                0x0000000000013f5a        0x4 zephyr/arch/arch/arm/core/aarch32/libarch__arm__core__aarch32.a(fatal.c.obj)
                0x0000000000013f5a                z_arm_fatal_error
 .text.z_do_kernel_oops
                0x0000000000013f5e        0x8 zephyr/arch/arch/arm/core/aarch32/libarch__arm__core__aarch32.a(fatal.c.obj)
                0x0000000000013f5e                z_do_kernel_oops
 .text.z_arm_nmi
                0x0000000000013f66        0xe zephyr/arch/arch/arm/core/aarch32/libarch__arm__core__aarch32.a(nmi.c.obj)
                0x0000000000013f66                z_arm_nmi
 .text.z_arm_configure_dynamic_mpu_regions
                0x0000000000013f74       0x10 zephyr/arch/arch/arm/core/aarch32/cortex_m/mpu/libarch__arm__core__aarch32__cortex_m__mpu.a(arm_core_mpu.c.obj)
                0x0000000000013f74                z_arm_configure_dynamic_mpu_regions
 .text.mpu_configure_region
                0x0000000000013f84       0x40 zephyr/arch/arch/arm/core/aarch32/cortex_m/mpu/libarch__arm__core__aarch32__cortex_m__mpu.a(arm_mpu.c.obj)
 .text.arm_cmse_mpu_region_get
                0x0000000000013fc4       0x14 zephyr/arch/arch/arm/core/aarch32/cortex_m/cmse/libarch__arm__core__aarch32__cortex_m__cmse.a(arm_core_cmse.c.obj)
                0x0000000000013fc4                arm_cmse_mpu_region_get
 .text.strcmp   0x0000000000013fd8       0x18 zephyr/lib/libc/minimal/liblib__libc__minimal.a(string.c.obj)
                0x0000000000013fd8                strcmp
 .text.memcmp   0x0000000000013ff0       0x20 zephyr/lib/libc/minimal/liblib__libc__minimal.a(string.c.obj)
                0x0000000000013ff0                memcmp
 .text.memmove  0x0000000000014010       0x2e zephyr/lib/libc/minimal/liblib__libc__minimal.a(string.c.obj)
                0x0000000000014010                memmove
 .text.memcpy   0x000000000001403e       0x56 zephyr/lib/libc/minimal/liblib__libc__minimal.a(string.c.obj)
                0x000000000001403e                memcpy
 .text.memset   0x0000000000014094       0x46 zephyr/lib/libc/minimal/liblib__libc__minimal.a(string.c.obj)
                0x0000000000014094                memset
 .text._stdout_hook_default
                0x00000000000140da        0x6 zephyr/lib/libc/minimal/liblib__libc__minimal.a(stdout_console.c.obj)
 .text.uarte_nrfx_config_get
                0x00000000000140e0       0x10 zephyr/drivers/serial/libdrivers__serial.a(uart_nrfx_uarte.c.obj)
 .text.uarte_nrfx_err_check
                0x00000000000140f0       0x10 zephyr/drivers/serial/libdrivers__serial.a(uart_nrfx_uarte.c.obj)
 .text.uarte_nrfx_poll_in
                0x0000000000014100       0x24 zephyr/drivers/serial/libdrivers__serial.a(uart_nrfx_uarte.c.obj)
 .text.uarte_nrfx_poll_out
                0x0000000000014124       0x30 zephyr/drivers/serial/libdrivers__serial.a(uart_nrfx_uarte.c.obj)
 .text.k_sys_fatal_error_handler
                0x0000000000014154        0x8 modules/nrf/lib/fatal_error/lib..__nrf__lib__fatal_error.a(fatal_error.c.obj)
                0x0000000000014154                k_sys_fatal_error_handler
 .text.hw_cc310_init
                0x000000000001415c       0x12 modules/nrf/drivers/hw_cc310/lib..__nrf__drivers__hw_cc310.a(hw_cc310.c.obj)
 .text.z_fatal_error
                0x000000000001416e       0x20 zephyr/kernel/libkernel.a(fatal.c.obj)
                0x000000000001416e                z_fatal_error
 .text.z_sys_power_save_idle_exit
                0x000000000001418e        0x4 zephyr/kernel/libkernel.a(idle.c.obj)
                0x000000000001418e                z_sys_power_save_idle_exit
 .text.k_mem_slab_init
                0x0000000000014192       0x36 zephyr/kernel/libkernel.a(mem_slab.c.obj)
                0x0000000000014192                k_mem_slab_init
 .text.z_impl_k_mutex_init
                0x00000000000141c8        0xe zephyr/kernel/libkernel.a(mutex.c.obj)
                0x00000000000141c8                z_impl_k_mutex_init
 .text.z_is_thread_ready
                0x00000000000141d6       0x12 zephyr/kernel/libkernel.a(sched.c.obj)
 .text.z_reschedule
                0x00000000000141e8       0x16 zephyr/kernel/libkernel.a(sched.c.obj)
                0x00000000000141e8                z_reschedule
 .text.z_reschedule_irqlock
                0x00000000000141fe       0x18 zephyr/kernel/libkernel.a(sched.c.obj)
                0x00000000000141fe                z_reschedule_irqlock
 .text.z_reschedule_unlocked
                0x0000000000014216       0x14 zephyr/kernel/libkernel.a(sched.c.obj)
 .text.z_priq_dumb_best
                0x000000000001422a       0x14 zephyr/kernel/libkernel.a(sched.c.obj)
                0x000000000001422a                z_priq_dumb_best
 .text.z_thread_timeout
                0x000000000001423e       0x60 zephyr/kernel/libkernel.a(sched.c.obj)
                0x000000000001423e                z_thread_timeout
 .text.z_unpend_first_thread
                0x000000000001429e       0x5a zephyr/kernel/libkernel.a(sched.c.obj)
                0x000000000001429e                z_unpend_first_thread
 .text.z_new_thread_init
                0x00000000000142f8       0x1e zephyr/kernel/libkernel.a(thread.c.obj)
                0x00000000000142f8                z_new_thread_init
 .text.z_abort_timeout
                0x0000000000014316       0x2c zephyr/kernel/libkernel.a(timeout.c.obj)
                0x0000000000014316                z_abort_timeout
 .text.z_get_next_timeout_expiry
                0x0000000000014342       0x20 zephyr/kernel/libkernel.a(timeout.c.obj)
                0x0000000000014342                z_get_next_timeout_expiry
 .text.z_set_timeout_expiry
                0x0000000000014362       0x36 zephyr/kernel/libkernel.a(timeout.c.obj)
                0x0000000000014362                z_set_timeout_expiry
 .text._OffsetAbsSyms
                0x0000000000014398        0x2 zephyr/CMakeFiles/offsets.dir/./arch/arm/core/offsets/offsets.c.obj
                0x0000000000014398                _OffsetAbsSyms
 *(SORT_BY_ALIGNMENT(.gnu.linkonce.t.*))
 *(SORT_BY_ALIGNMENT(.glue_7t))
 .glue_7t       0x000000000001439a        0x0 linker stubs
 *(SORT_BY_ALIGNMENT(.glue_7))
 .glue_7        0x000000000001439a        0x0 linker stubs
 *(SORT_BY_ALIGNMENT(.vfp11_veneer))
 .vfp11_veneer  0x000000000001439a        0x0 linker stubs
 *(SORT_BY_ALIGNMENT(.v4_bx))
 .v4_bx         0x000000000001439a        0x0 linker stubs
                0x000000000001439a                _image_text_end = .

.ARM.exidx      0x000000000001439c        0x8
                0x000000000001439c                __exidx_start = .
 *(SORT_BY_ALIGNMENT(.ARM.exidx*) SORT_BY_ALIGNMENT(gnu.linkonce.armexidx.*))
 .ARM.exidx     0x000000000001439c        0x8 /opt/gnuarmemb/bin/../lib/gcc/arm-none-eabi/9.2.1/thumb/v8-m.main+fp/hard/libgcc.a(_udivmoddi4.o)
                0x00000000000143a4                __exidx_end = .
                0x00000000000143a4                _image_rodata_start = .

sw_isr_table    0x00000000000143a4      0x208
                0x00000000000143a4                . = ALIGN (0x0)
 *(SORT_BY_ALIGNMENT(.gnu.linkonce.sw_isr_table))
 .gnu.linkonce.sw_isr_table
                0x00000000000143a4      0x208 zephyr/arch/common/libarch__common.a(isr_tables.c.obj)
                0x00000000000143a4                _sw_isr_table

app_shmem_regions
                0x00000000000145ac        0x0
                0x00000000000145ac                __app_shmem_regions_start = .
 *(SORT_BY_NAME(SORT_BY_ALIGNMENT(.app_regions.*)))
                0x00000000000145ac                __app_shmem_regions_end = .

devconfig       0x00000000000145ac       0x78
                0x00000000000145ac                __devconfig_start = .
 *(SORT_BY_ALIGNMENT(.devconfig.*))
 .devconfig.init
                0x00000000000145ac        0xc zephyr/libzephyr.a(soc.c.obj)
 .devconfig.init
                0x00000000000145b8        0xc zephyr/libzephyr.a(uart_console.c.obj)
 .devconfig.init
                0x00000000000145c4        0xc zephyr/libzephyr.a(nrf_power_clock.c.obj)
 .devconfig.init
                0x00000000000145d0        0xc zephyr/libzephyr.a(sys_clock_init.c.obj)
 .devconfig.init
                0x00000000000145dc        0xc zephyr/arch/arch/arm/core/aarch32/cortex_m/mpu/libarch__arm__core__aarch32__cortex_m__mpu.a(arm_mpu.c.obj)
 .devconfig.init
                0x00000000000145e8        0xc zephyr/drivers/serial/libdrivers__serial.a(uart_nrfx_uarte.c.obj)
 .devconfig.init
                0x00000000000145f4        0xc modules/nrf/subsys/fw_info/lib..__nrf__subsys__fw_info.a(fw_info.c.obj)
 .devconfig.init
                0x0000000000014600        0xc modules/nrf/drivers/hw_cc310/lib..__nrf__drivers__hw_cc310.a(hw_cc310.c.obj)
 .devconfig.init
                0x000000000001460c        0xc zephyr/kernel/libkernel.a(mem_slab.c.obj)
 .devconfig.init
                0x0000000000014618        0xc zephyr/kernel/libkernel.a(mempool.c.obj)
 *(SORT_BY_NAME(SORT_BY_ALIGNMENT(.devconfig*)))
                0x0000000000014624                __devconfig_end = .

net_l2          0x0000000000014624        0x0
                0x0000000000014624                __net_l2_start = .
 *(SORT_BY_ALIGNMENT(.net_l2.init))
 *(SORT_BY_NAME(SORT_BY_ALIGNMENT(.net_l2.init*)))
                0x0000000000014624                __net_l2_end = .

_bt_channels_area
                0x0000000000014624        0x0
                0x0000000000014624                _bt_l2cap_fixed_chan_list_start = .
 *(SORT_BY_NAME(SORT_BY_ALIGNMENT(._bt_l2cap_fixed_chan.static.*)))
                0x0000000000014624                _bt_l2cap_fixed_chan_list_end = .

_bt_services_area
                0x0000000000014624        0x0
                0x0000000000014624                _bt_gatt_service_static_list_start = .
 *(SORT_BY_NAME(SORT_BY_ALIGNMENT(._bt_gatt_service_static.static.*)))
                0x0000000000014624                _bt_gatt_service_static_list_end = .

log_const_sections
                0x0000000000014624        0x0
                0x0000000000014624                __log_const_start = .
 *(SORT_BY_NAME(SORT_BY_ALIGNMENT(.log_const_*)))
                0x0000000000014624                __log_const_end = .

log_backends_sections
                0x0000000000014624        0x0
                0x0000000000014624                __log_backends_start = .
 *(SORT_BY_ALIGNMENT(._log_backend.*))
                0x0000000000014624                __log_backends_end = .

shell_root_cmds_sections
                0x0000000000014624        0x0
                0x0000000000014624                __shell_root_cmds_start = .
 *(SORT_BY_NAME(SORT_BY_ALIGNMENT(.shell_root_cmd_*)))
                0x0000000000014624                __shell_root_cmds_end = .

font_entry_sections
                0x0000000000014624        0x0
                0x0000000000014624                __font_entry_start = .
 *(SORT_BY_NAME(SORT_BY_ALIGNMENT(._cfb_font.*)))
                0x0000000000014624                __font_entry_end = .

rodata          0x0000000000014624      0x680
 *(SORT_BY_ALIGNMENT(.rodata))
 .rodata        0x0000000000014624        0xc zephyr/libzephyr.a(secure_services.c.obj)
 .rodata        0x0000000000014630       0x18 modules/nrf/subsys/fw_info/lib..__nrf__subsys__fw_info.a(fw_info.c.obj)
 *(SORT_BY_ALIGNMENT(.rodata.*))
 .rodata.clock_control_api
                0x0000000000014648       0x14 zephyr/libzephyr.a(nrf_power_clock.c.obj)
 .rodata.config
                0x000000000001465c       0x18 zephyr/libzephyr.a(nrf_power_clock.c.obj)
 .rodata.periph.10419
                0x0000000000014674       0xd0 zephyr/libzephyr.a(spm.c.obj)
 .rodata.fw_info_allowed_offsets
                0x0000000000014744       0x14 zephyr/libzephyr.a(secure_services.c.obj)
 .rodata.apis   0x0000000000014758        0x8 zephyr/libzephyr.a(nrf_cc310_platform_abort_zephyr.c.obj)
 .rodata.mutex_apis
                0x0000000000014760       0x10 zephyr/libzephyr.a(nrf_cc310_platform_mutex_zephyr.c.obj)
 .rodata.mutexes
                0x0000000000014770       0x14 zephyr/libzephyr.a(nrf_cc310_platform_mutex_zephyr.c.obj)
 .rodata.mpu_config
                0x0000000000014784        0x8 zephyr/soc/arm/common/cortex_m/libsoc__arm__common__cortex_m.a(arm_mpu_regions.c.obj)
                0x0000000000014784                mpu_config
 .rodata.mpu_regions
                0x000000000001478c       0x20 zephyr/soc/arm/common/cortex_m/libsoc__arm__common__cortex_m.a(arm_mpu_regions.c.obj)
 .rodata.uart_nrfx_uarte_driver_api
                0x00000000000147ac       0x14 zephyr/drivers/serial/libdrivers__serial.a(uart_nrfx_uarte.c.obj)
 .rodata.uarte_0z_config
                0x00000000000147c0        0x8 zephyr/drivers/serial/libdrivers__serial.a(uart_nrfx_uarte.c.obj)
 .rodata.config_levels.9911
                0x00000000000147c8       0x14 zephyr/kernel/libkernel.a(device.c.obj)
 .rodata._k_neg_eagain
                0x00000000000147dc        0x4 zephyr/kernel/libkernel.a(errno.c.obj)
                0x00000000000147dc                _k_neg_eagain
 .rodata.CC_PalPowerSaveModeInit.str1.4
                0x00000000000147e0       0x20 /Users/aaarcr/ncs/nrfxlib/crypto/nrf_cc310_mbedcrypto/lib/cortex-m33/hard-float/no-interrupts/libnrf_cc310_mbedcrypto_0.9.2.a(cc_pal_pm.c.obj)
 .rodata.CSWTCH.6
                0x0000000000014800       0x1c /Users/aaarcr/ncs/nrfxlib/crypto/nrf_cc310_platform/lib/cortex-m33/hard-float/no-interrupts/libnrf_cc310_platform_0.9.2.a(nrf_cc310_platform.c.obj)
 .rodata.mutex_init.str1.4
                0x000000000001481c       0x23 /Users/aaarcr/ncs/nrfxlib/crypto/nrf_cc310_platform/lib/cortex-m33/hard-float/no-interrupts/libnrf_cc310_platform_0.9.2.a(nrf_cc310_platform_mutex.c.obj)
 *fill*         0x000000000001483f        0x1 
 .rodata.mutex_unlock.str1.4
                0x0000000000014840       0x1f /Users/aaarcr/ncs/nrfxlib/crypto/nrf_cc310_platform/lib/cortex-m33/hard-float/no-interrupts/libnrf_cc310_platform_0.9.2.a(nrf_cc310_platform_mutex.c.obj)
 *fill*         0x000000000001485f        0x1 
 .rodata.CC_LibInitRngModule.str1.4
                0x0000000000014860       0x6d /Users/aaarcr/ncs/nrfxlib/crypto/nrf_cc310_platform/lib/cortex-m33/hard-float/no-interrupts/libnrf_cc310_platform_0.9.2.a(cc_lib.c.obj)
 .rodata.LLF_RND_GetTrngSource.str1.4
                0x00000000000148cd       0x6f /Users/aaarcr/ncs/nrfxlib/crypto/nrf_cc310_platform/lib/cortex-m33/hard-float/no-interrupts/libnrf_cc310_platform_0.9.2.a(llf_rnd_trng90b.c.obj)
 .rodata.str1.1
                0x00000000000148cd        0x0 zephyr/libzephyr.a(soc.c.obj)
                                          0x1 (size before relaxing)
 .rodata.uart_console_init.str1.1
                0x00000000000148cd        0x7 zephyr/libzephyr.a(uart_console.c.obj)
 .rodata.str1.1
                0x00000000000148d4        0x1 zephyr/libzephyr.a(uart_console.c.obj)
 .rodata.str1.1
                0x00000000000148d4        0x7 zephyr/libzephyr.a(nrf_power_clock.c.obj)
                                          0x6 (size before relaxing)
 .rodata.str1.1
                0x00000000000148d4        0xa zephyr/libzephyr.a(sys_clock_init.c.obj)
 .rodata.z_clock_driver_init.str1.1
                0x00000000000148de        0x6 zephyr/libzephyr.a(nrf_rtc_timer.c.obj)
 .rodata.config_regions.str1.1
                0x00000000000148de       0x32 zephyr/libzephyr.a(spm.c.obj)
                                         0x37 (size before relaxing)
 .rodata.spm_jump.str1.1
                0x0000000000014910       0x75 zephyr/libzephyr.a(spm.c.obj)
 .rodata.spm_config.str1.1
                0x0000000000014985      0x104 zephyr/libzephyr.a(spm.c.obj)
                                        0x10c (size before relaxing)
 .rodata.str1.1
                0x0000000000014a89       0xfc zephyr/libzephyr.a(spm.c.obj)
 .rodata.mutex_free.str1.1
                0x0000000000014b85       0x26 zephyr/libzephyr.a(nrf_cc310_platform_mutex_zephyr.c.obj)
 .rodata.mutex_init.str1.1
                0x0000000000014bab       0x2d zephyr/libzephyr.a(nrf_cc310_platform_mutex_zephyr.c.obj)
 .rodata.str1.1
                0x0000000000014bd8        0x1 zephyr/arch/arch/arm/core/aarch32/cortex_m/mpu/libarch__arm__core__aarch32__cortex_m__mpu.a(arm_mpu.c.obj)
 .rodata.str1.1
                0x0000000000014bd8        0xf zephyr/soc/arm/common/cortex_m/libsoc__arm__common__cortex_m.a(arm_mpu_regions.c.obj)
 .rodata.str1.1
                0x0000000000014be7        0x7 zephyr/drivers/serial/libdrivers__serial.a(uart_nrfx_uarte.c.obj)
 .rodata.check_ext_api_requests.str1.1
                0x0000000000014be7       0x5c modules/nrf/subsys/fw_info/lib..__nrf__subsys__fw_info.a(fw_info.c.obj)
 .rodata.str1.1
                0x0000000000014c43        0x1 modules/nrf/subsys/fw_info/lib..__nrf__subsys__fw_info.a(fw_info.c.obj)
 .rodata.str1.1
                0x0000000000014c43        0xb modules/nrf/drivers/hw_cc310/lib..__nrf__drivers__hw_cc310.a(hw_cc310.c.obj)
 .rodata.bg_thread_main.str1.1
                0x0000000000014c4e       0x45 zephyr/kernel/libkernel.a(init.c.obj)
                                         0x46 (size before relaxing)
 .rodata.z_cstart.str1.1
                0x0000000000014c93        0xa zephyr/kernel/libkernel.a(init.c.obj)
 .rodata.str1.1
                0x0000000000014c9d        0x1 zephyr/kernel/libkernel.a(mem_slab.c.obj)
 .rodata.str1.1
                0x0000000000014c9d        0x1 zephyr/kernel/libkernel.a(mempool.c.obj)
 *(SORT_BY_ALIGNMENT(.gnu.linkonce.r.*))
                0x0000000000014ca0                . = ALIGN (0x4)
 *fill*         0x0000000000014c9d        0x3 
                0x0000000000014ca0                _fw_info_images_start = .
 *(SORT_BY_ALIGNMENT(.fw_info_images))
 .fw_info_images
                0x0000000000014ca0        0x4 modules/nrf/subsys/fw_info/lib..__nrf__subsys__fw_info.a(fw_info.c.obj)
                0x0000000000014ca0                self_image
                0x0000000000000001                _fw_info_images_size = ABSOLUTE (((. - _fw_info_images_start) / 0x4))
                0x0000000000014ca4                _ext_apis_start = .
 *(SORT_BY_ALIGNMENT(.ext_apis))
                0x0000000000000000                _ext_apis_size = ABSOLUTE ((. - _ext_apis_start))
                0x0000000000014ca4                _ext_apis_req_start = .
 *(SORT_BY_ALIGNMENT(.ext_apis_req))
                0x0000000000000000                _ext_apis_req_size = ABSOLUTE ((. - _ext_apis_req_start))
                0x0000000000014ca4                . = ALIGN (0x4)
                0x0000000000014ca4                _image_rodata_end = .
                0x0000000000014cc0                . = ALIGN (_region_min_align)
                0x0000000000014cc0                _image_rom_end = .
                0x0000000020000000                . = 0x20000000
                0x0000000020000000                . = ALIGN (_region_min_align)
                0x0000000020000000                _image_ram_start = .

.ramfunc        0x0000000020000000        0x0 load address 0x0000000000014ca4
                0x0000000020000000                . = ALIGN (_region_min_align)
                0x0000000020000000                _ramfunc_ram_start = .
 *(SORT_BY_ALIGNMENT(.ramfunc))
 *(SORT_BY_ALIGNMENT(.ramfunc.*))
                0x0000000020000000                . = ALIGN (_region_min_align)
                0x0000000020000000                _ramfunc_ram_end = .
                0x0000000000000000                _ramfunc_ram_size = (_ramfunc_ram_end - _ramfunc_ram_start)
                0x0000000000014ca4                _ramfunc_rom_start = LOADADDR (.ramfunc)

bss             0x0000000020000000      0x68e
                0x0000000020000000                . = ALIGN (0x4)
                0x0000000020000000                __bss_start = .
                0x0000000020000000                __kernel_ram_start = .
 *(SORT_BY_ALIGNMENT(.bss))
 *(SORT_BY_ALIGNMENT(.bss.*))
 .bss.curr_tick
                0x0000000020000000        0x8 zephyr/kernel/libkernel.a(timeout.c.obj)
 .bss.uart_console_dev
                0x0000000020000008        0x4 zephyr/libzephyr.a(uart_console.c.obj)
 .bss.data      0x000000002000000c       0x18 zephyr/libzephyr.a(nrf_power_clock.c.obj)
 .bss.last_count
                0x0000000020000024        0x4 zephyr/libzephyr.a(nrf_rtc_timer.c.obj)
 .bss.mutex_slab
                0x0000000020000028       0x1c zephyr/libzephyr.a(nrf_cc310_platform_mutex_zephyr.c.obj)
                0x0000000020000028                mutex_slab
 .bss.mutex_slab_buffer
                0x0000000020000044      0x500 zephyr/libzephyr.a(nrf_cc310_platform_mutex_zephyr.c.obj)
                0x0000000020000044                mutex_slab_buffer
 .bss.dyn_reg_info
                0x0000000020000544       0x14 zephyr/arch/arch/arm/core/aarch32/cortex_m/mpu/libarch__arm__core__aarch32__cortex_m__mpu.a(arm_mpu.c.obj)
 .bss.z_idle_thread
                0x0000000020000558       0x6c zephyr/kernel/libkernel.a(init.c.obj)
                0x0000000020000558                z_idle_thread
 .bss.z_main_thread
                0x00000000200005c4       0x6c zephyr/kernel/libkernel.a(init.c.obj)
                0x00000000200005c4                z_main_thread
 .bss._kernel   0x0000000020000630       0x30 zephyr/kernel/libkernel.a(sched.c.obj)
                0x0000000020000630                _kernel
 .bss.pending_current
                0x0000000020000660        0x4 zephyr/kernel/libkernel.a(sched.c.obj)
 .bss.slice_max_prio
                0x0000000020000664        0x4 zephyr/kernel/libkernel.a(sched.c.obj)
 .bss.slice_time
                0x0000000020000668        0x4 zephyr/kernel/libkernel.a(sched.c.obj)
 .bss.announce_remaining
                0x000000002000066c        0x4 zephyr/kernel/libkernel.a(timeout.c.obj)
 .bss.use_count
                0x0000000020000670        0x4 /Users/aaarcr/ncs/nrfxlib/crypto/nrf_cc310_mbedcrypto/lib/cortex-m33/hard-float/no-interrupts/libnrf_cc310_mbedcrypto_0.9.2.a(cc_pal_pm.c.obj)
 .bss.nrf_cc310_platform_initialized
                0x0000000020000674        0x4 /Users/aaarcr/ncs/nrfxlib/crypto/nrf_cc310_platform/lib/cortex-m33/hard-float/no-interrupts/libnrf_cc310_platform_0.9.2.a(nrf_cc310_platform.c.obj)
 .bss.nrf_cc310_platform_rng_initialized
                0x0000000020000678        0x4 /Users/aaarcr/ncs/nrfxlib/crypto/nrf_cc310_platform/lib/cortex-m33/hard-float/no-interrupts/libnrf_cc310_platform_0.9.2.a(nrf_cc310_platform.c.obj)
 .bss.asym_mutex
                0x000000002000067c        0x4 /Users/aaarcr/ncs/nrfxlib/crypto/nrf_cc310_platform/lib/cortex-m33/hard-float/no-interrupts/libnrf_cc310_platform_0.9.2.a(nrf_cc310_platform_mutex.c.obj)
 .bss.power_mutex
                0x0000000020000680        0x4 /Users/aaarcr/ncs/nrfxlib/crypto/nrf_cc310_platform/lib/cortex-m33/hard-float/no-interrupts/libnrf_cc310_platform_0.9.2.a(nrf_cc310_platform_mutex.c.obj)
 .bss.rng_mutex
                0x0000000020000684        0x4 /Users/aaarcr/ncs/nrfxlib/crypto/nrf_cc310_platform/lib/cortex-m33/hard-float/no-interrupts/libnrf_cc310_platform_0.9.2.a(nrf_cc310_platform_mutex.c.obj)
 .bss.sym_mutex
                0x0000000020000688        0x4 /Users/aaarcr/ncs/nrfxlib/crypto/nrf_cc310_platform/lib/cortex-m33/hard-float/no-interrupts/libnrf_cc310_platform_0.9.2.a(nrf_cc310_platform_mutex.c.obj)
 .bss.static_regions_num
                0x000000002000068c        0x1 zephyr/arch/arch/arm/core/aarch32/cortex_m/mpu/libarch__arm__core__aarch32__cortex_m__mpu.a(arm_mpu.c.obj)
 .bss.z_sys_post_kernel
                0x000000002000068d        0x1 zephyr/kernel/libkernel.a(init.c.obj)
                0x000000002000068d                z_sys_post_kernel
 .bss.lock      0x000000002000068e        0x0 zephyr/kernel/libkernel.a(mem_slab.c.obj)
 .bss.lock      0x000000002000068e        0x0 zephyr/kernel/libkernel.a(mutex.c.obj)
 .bss.lock      0x000000002000068e        0x0 zephyr/kernel/libkernel.a(thread.c.obj)
 *(SORT_BY_ALIGNMENT(COMMON))
 *(SORT_BY_ALIGNMENT(.kernel_bss.*))
                0x0000000020000690                __bss_end = ALIGN (0x4)

noinit          0x0000000020000690      0xd40
 *(SORT_BY_ALIGNMENT(.noinit))
 *(SORT_BY_ALIGNMENT(.noinit.*))
 .noinit."WEST_TOPDIR/zephyr/kernel/init.c".3
                0x0000000020000690      0x400 zephyr/kernel/libkernel.a(init.c.obj)
                0x0000000020000690                z_main_stack
 .noinit."WEST_TOPDIR/zephyr/kernel/init.c".4
                0x0000000020000a90      0x140 zephyr/kernel/libkernel.a(init.c.obj)
                0x0000000020000a90                z_idle_stack
 .noinit."WEST_TOPDIR/zephyr/kernel/init.c".5
                0x0000000020000bd0      0x800 zephyr/kernel/libkernel.a(init.c.obj)
                0x0000000020000bd0                _interrupt_stack
 *(SORT_BY_ALIGNMENT(.kernel_noinit.*))

datas           0x00000000200013d0       0x80 load address 0x0000000000014ca4
                0x00000000200013d0                __data_ram_start = .
 *(SORT_BY_ALIGNMENT(.data))
 *(SORT_BY_ALIGNMENT(.data.*))
 .data._char_out
                0x00000000200013d0        0x4 zephyr/libzephyr.a(printk.c.obj)
                0x00000000200013d0                _char_out
 .data.asym_mutex
                0x00000000200013d4        0x8 zephyr/libzephyr.a(nrf_cc310_platform_mutex_zephyr.c.obj)
                0x00000000200013d4                asym_mutex
 .data.power_mutex
                0x00000000200013dc        0x8 zephyr/libzephyr.a(nrf_cc310_platform_mutex_zephyr.c.obj)
                0x00000000200013dc                power_mutex
 .data.rng_mutex
                0x00000000200013e4        0x8 zephyr/libzephyr.a(nrf_cc310_platform_mutex_zephyr.c.obj)
                0x00000000200013e4                rng_mutex
 .data.sym_mutex
                0x00000000200013ec        0x8 zephyr/libzephyr.a(nrf_cc310_platform_mutex_zephyr.c.obj)
                0x00000000200013ec                sym_mutex
 .data._stdout_hook
                0x00000000200013f4        0x4 zephyr/lib/libc/minimal/liblib__libc__minimal.a(stdout_console.c.obj)
 .data.uarte_0_data
                0x00000000200013f8        0xc zephyr/drivers/serial/libdrivers__serial.a(uart_nrfx_uarte.c.obj)
 .data.SystemCoreClock
                0x0000000020001404        0x4 modules/nordic/lib..__modules__hal__nordic.a(system_nrf9160.c.obj)
                0x0000000020001404                SystemCoreClock
 .data.timeout_list
                0x0000000020001408        0x8 zephyr/kernel/libkernel.a(timeout.c.obj)
 .data.CCAsymCryptoMutex
                0x0000000020001410        0x4 /Users/aaarcr/ncs/nrfxlib/crypto/nrf_cc310_mbedcrypto/lib/cortex-m33/hard-float/no-interrupts/libnrf_cc310_mbedcrypto_0.9.2.a(cc_pal.c.obj)
                0x0000000020001410                CCAsymCryptoMutex
 .data.CCPowerMutex
                0x0000000020001414        0x4 /Users/aaarcr/ncs/nrfxlib/crypto/nrf_cc310_mbedcrypto/lib/cortex-m33/hard-float/no-interrupts/libnrf_cc310_mbedcrypto_0.9.2.a(cc_pal.c.obj)
                0x0000000020001414                CCPowerMutex
 .data.CCRndCryptoMutex
                0x0000000020001418        0x4 /Users/aaarcr/ncs/nrfxlib/crypto/nrf_cc310_mbedcrypto/lib/cortex-m33/hard-float/no-interrupts/libnrf_cc310_mbedcrypto_0.9.2.a(cc_pal.c.obj)
                0x0000000020001418                CCRndCryptoMutex
 .data.CCSymCryptoMutex
                0x000000002000141c        0x4 /Users/aaarcr/ncs/nrfxlib/crypto/nrf_cc310_mbedcrypto/lib/cortex-m33/hard-float/no-interrupts/libnrf_cc310_mbedcrypto_0.9.2.a(cc_pal.c.obj)
                0x000000002000141c                CCSymCryptoMutex
 .data.pCCRndCryptoMutex
                0x0000000020001420        0x4 /Users/aaarcr/ncs/nrfxlib/crypto/nrf_cc310_mbedcrypto/lib/cortex-m33/hard-float/no-interrupts/libnrf_cc310_mbedcrypto_0.9.2.a(cc_pal.c.obj)
                0x0000000020001420                pCCRndCryptoMutex
 .data.platform_abort_apis
                0x0000000020001424        0x8 /Users/aaarcr/ncs/nrfxlib/crypto/nrf_cc310_platform/lib/cortex-m33/hard-float/no-interrupts/libnrf_cc310_platform_0.9.2.a(nrf_cc310_platform_abort.c.obj)
                0x0000000020001424                platform_abort_apis
 .data.platform_mutex_apis
                0x000000002000142c       0x10 /Users/aaarcr/ncs/nrfxlib/crypto/nrf_cc310_platform/lib/cortex-m33/hard-float/no-interrupts/libnrf_cc310_platform_0.9.2.a(nrf_cc310_platform_mutex.c.obj)
                0x000000002000142c                platform_mutex_apis
 .data.platform_mutexes
                0x000000002000143c       0x14 /Users/aaarcr/ncs/nrfxlib/crypto/nrf_cc310_platform/lib/cortex-m33/hard-float/no-interrupts/libnrf_cc310_platform_0.9.2.a(nrf_cc310_platform_mutex.c.obj)
                0x000000002000143c                platform_mutexes
 *(SORT_BY_ALIGNMENT(.kernel.*))
                0x0000000000014ca4                __data_rom_start = LOADADDR (datas)

initlevel       0x0000000020001450       0x78 load address 0x0000000000014d24
                0x0000000020001450                __device_init_start = .
                0x0000000020001450                __device_PRE_KERNEL_1_start = .
 *(SORT_BY_NAME(SORT_BY_ALIGNMENT(.init_PRE_KERNEL_1[0-9])))
 .init_PRE_KERNEL_10
                0x0000000020001450        0xc zephyr/libzephyr.a(soc.c.obj)
 *(SORT_BY_NAME(SORT_BY_ALIGNMENT(.init_PRE_KERNEL_1[1-9][0-9])))
 .init_PRE_KERNEL_130
                0x000000002000145c        0xc zephyr/kernel/libkernel.a(mem_slab.c.obj)
 .init_PRE_KERNEL_130
                0x0000000020001468        0xc zephyr/kernel/libkernel.a(mempool.c.obj)
 .init_PRE_KERNEL_140
                0x0000000020001474        0xc zephyr/arch/arch/arm/core/aarch32/cortex_m/mpu/libarch__arm__core__aarch32__cortex_m__mpu.a(arm_mpu.c.obj)
 .init_PRE_KERNEL_150
                0x0000000020001480        0xc zephyr/libzephyr.a(nrf_power_clock.c.obj)
 .init_PRE_KERNEL_150
                0x000000002000148c        0xc zephyr/drivers/serial/libdrivers__serial.a(uart_nrfx_uarte.c.obj)
 .init_PRE_KERNEL_160
                0x0000000020001498        0xc zephyr/libzephyr.a(uart_console.c.obj)
                0x00000000200014a4                __device_PRE_KERNEL_2_start = .
 *(SORT_BY_NAME(SORT_BY_ALIGNMENT(.init_PRE_KERNEL_2[0-9])))
 .init_PRE_KERNEL_20
                0x00000000200014a4        0xc zephyr/libzephyr.a(sys_clock_init.c.obj)
 *(SORT_BY_NAME(SORT_BY_ALIGNMENT(.init_PRE_KERNEL_2[1-9][0-9])))
                0x00000000200014b0                __device_POST_KERNEL_start = .
 *(SORT_BY_NAME(SORT_BY_ALIGNMENT(.init_POST_KERNEL[0-9])))
 *(SORT_BY_NAME(SORT_BY_ALIGNMENT(.init_POST_KERNEL[1-9][0-9])))
 .init_POST_KERNEL40
                0x00000000200014b0        0xc modules/nrf/drivers/hw_cc310/lib..__nrf__drivers__hw_cc310.a(hw_cc310.c.obj)
 .init_POST_KERNEL90
                0x00000000200014bc        0xc modules/nrf/subsys/fw_info/lib..__nrf__subsys__fw_info.a(fw_info.c.obj)
                0x00000000200014c8                __device_APPLICATION_start = .
 *(SORT_BY_NAME(SORT_BY_ALIGNMENT(.init_APPLICATION[0-9])))
 *(SORT_BY_NAME(SORT_BY_ALIGNMENT(.init_APPLICATION[1-9][0-9])))
                0x00000000200014c8                __device_init_end = .

initlevel_error
                0x0000000020001450        0x0
 *(SORT_BY_NAME(SORT_BY_ALIGNMENT(.init_[_A-Z0-9]*)))
                0x0000000000000001                ASSERT ((SIZEOF (initlevel_error) == 0x0), Undefined initialization levels used.)

initshell       0x00000000200014c8        0x0 load address 0x0000000000014d9c
                0x00000000200014c8                __shell_module_start = .
 *(SORT_BY_ALIGNMENT(.shell_module_*))
                0x00000000200014c8                __shell_module_end = .
                0x00000000200014c8                __shell_cmd_start = .
 *(SORT_BY_ALIGNMENT(.shell_cmd_*))
                0x00000000200014c8                __shell_cmd_end = .

log_dynamic_sections
                0x00000000200014c8        0x0 load address 0x0000000000014d9c
                0x00000000200014c8                __log_dynamic_start = .
 *(SORT_BY_NAME(SORT_BY_ALIGNMENT(.log_dynamic_*)))
                0x00000000200014c8                __log_dynamic_end = .

_static_thread_area
                0x00000000200014c8        0x0 load address 0x0000000000014d9c
                0x00000000200014c8                __static_thread_data_list_start = .
 *(SORT_BY_NAME(SORT_BY_ALIGNMENT(.__static_thread_data.static.*)))
                0x00000000200014c8                __static_thread_data_list_end = .

_k_timer_area   0x00000000200014c8        0x0 load address 0x0000000000014d9c
                0x00000000200014c8                _k_timer_list_start = .
 *(SORT_BY_ALIGNMENT(._k_timer.static.*))
                0x00000000200014c8                _k_timer_list_end = .

_k_mem_slab_area
                0x00000000200014c8        0x0 load address 0x0000000000014d9c
                0x00000000200014c8                _k_mem_slab_list_start = .
 *(SORT_BY_ALIGNMENT(._k_mem_slab.static.*))
                0x00000000200014c8                _k_mem_slab_list_end = .

_k_mem_pool_area
                0x00000000200014c8        0x0 load address 0x0000000000014d9c
                0x00000000200014c8                _k_mem_pool_list_start = .
 *(SORT_BY_ALIGNMENT(._k_mem_pool.static.*))
                0x00000000200014c8                _k_mem_pool_list_end = .

_k_sem_area     0x00000000200014c8        0x0 load address 0x0000000000014d9c
                0x00000000200014c8                _k_sem_list_start = .
 *(SORT_BY_ALIGNMENT(._k_sem.static.*))
 *(SORT_BY_ALIGNMENT(._sys_sem.static.*))
                0x00000000200014c8                _k_sem_list_end = .

_k_mutex_area   0x00000000200014c8       0x64 load address 0x0000000000014d9c
                0x00000000200014c8                _k_mutex_list_start = .
 *(SORT_BY_ALIGNMENT(._k_mutex.static.*))
 ._k_mutex.static.fdtable_lock
                0x00000000200014c8       0x14 zephyr/libzephyr.a(fdtable.c.obj)
 ._k_mutex.static.asym_mutex_int
                0x00000000200014dc       0x14 zephyr/libzephyr.a(nrf_cc310_platform_mutex_zephyr.c.obj)
                0x00000000200014dc                asym_mutex_int
 ._k_mutex.static.power_mutex_int
                0x00000000200014f0       0x14 zephyr/libzephyr.a(nrf_cc310_platform_mutex_zephyr.c.obj)
                0x00000000200014f0                power_mutex_int
 ._k_mutex.static.rng_mutex_int
                0x0000000020001504       0x14 zephyr/libzephyr.a(nrf_cc310_platform_mutex_zephyr.c.obj)
                0x0000000020001504                rng_mutex_int
 ._k_mutex.static.sym_mutex_int
                0x0000000020001518       0x14 zephyr/libzephyr.a(nrf_cc310_platform_mutex_zephyr.c.obj)
                0x0000000020001518                sym_mutex_int
                0x000000002000152c                _k_mutex_list_end = .

_k_queue_area   0x000000002000152c        0x0 load address 0x0000000000014e00
                0x000000002000152c                _k_queue_list_start = .
 *(SORT_BY_ALIGNMENT(._k_queue.static.*))
 *(SORT_BY_ALIGNMENT(._k_fifo.static.*))
 *(SORT_BY_ALIGNMENT(._k_lifo.static.*))
                0x000000002000152c                _k_queue_list_end = .

_k_stack_area   0x000000002000152c        0x0 load address 0x0000000000014e00
                0x000000002000152c                _k_stack_list_start = .
 *(SORT_BY_ALIGNMENT(._k_stack.static.*))
                0x000000002000152c                _k_stack_list_end = .

_k_msgq_area    0x000000002000152c        0x0 load address 0x0000000000014e00
                0x000000002000152c                _k_msgq_list_start = .
 *(SORT_BY_ALIGNMENT(._k_msgq.static.*))
                0x000000002000152c                _k_msgq_list_end = .

_k_mbox_area    0x000000002000152c        0x0 load address 0x0000000000014e00
                0x000000002000152c                _k_mbox_list_start = .
 *(SORT_BY_ALIGNMENT(._k_mbox.static.*))
                0x000000002000152c                _k_mbox_list_end = .

_k_pipe_area    0x000000002000152c        0x0 load address 0x0000000000014e00
                0x000000002000152c                _k_pipe_list_start = .
 *(SORT_BY_ALIGNMENT(._k_pipe.static.*))
                0x000000002000152c                _k_pipe_list_end = .

_net_buf_pool_area
                0x000000002000152c        0x0 load address 0x0000000000014e00
                0x000000002000152c                _net_buf_pool_list = .
 *(SORT_BY_NAME(SORT_BY_ALIGNMENT(._net_buf_pool.static.*)))

net_if          0x000000002000152c        0x0 load address 0x0000000000014e00
                0x000000002000152c                __net_if_start = .
 *(SORT_BY_ALIGNMENT(.net_if.*))
 *(SORT_BY_NAME(SORT_BY_ALIGNMENT(.net_if.*)))
                0x000000002000152c                __net_if_end = .

net_if_dev      0x000000002000152c        0x0 load address 0x0000000000014e00
                0x000000002000152c                __net_if_dev_start = .
 *(SORT_BY_ALIGNMENT(.net_if_dev.*))
 *(SORT_BY_NAME(SORT_BY_ALIGNMENT(.net_if_dev.*)))
                0x000000002000152c                __net_if_dev_end = .

net_l2_data     0x000000002000152c        0x0 load address 0x0000000000014e00
                0x000000002000152c                __net_l2_data_start = .
 *(SORT_BY_ALIGNMENT(.net_l2.data))
 *(SORT_BY_NAME(SORT_BY_ALIGNMENT(.net_l2.data*)))
                0x000000002000152c                __net_l2_data_end = .

priv_stacks_noinit
                0x000000002000152c        0x0 load address 0x0000000000014e00
                0x000000002000152c                z_priv_stacks_ram_start = .
 *(SORT_BY_ALIGNMENT(.priv_stacks.noinit))
                0x000000002000152c                z_priv_stacks_ram_end = .
                0x000000002000152c                __data_ram_end = .
                0x000000002000152c                _image_ram_end = .
                0x000000002000152c                _end = .
                0x0000000020010000                __kernel_ram_end = 0x20010000
                0x0000000000010000                __kernel_ram_size = (__kernel_ram_end - __kernel_ram_start)
                0x0000000000000001                ASSERT (((((_image_rom_start + _flash_used) - 0x1) / 0x8000) < 0x3), SPM and app are sharing an SPU region. Cannot partition flash correctly into secure and non-secure. Adjust partitions sizes so they are placed in separate regions.)

.intList        0x0000000020010000       0x28
 *(SORT_BY_ALIGNMENT(.irq_info))
 .irq_info      0x0000000020010000        0x8 zephyr/arch/common/libarch__common.a(isr_tables.c.obj)
                0x0000000020010000                _iheader
 *(SORT_BY_ALIGNMENT(.intList))
 .intList       0x0000000020010008       0x10 zephyr/libzephyr.a(nrf_power_clock.c.obj)
 .intList       0x0000000020010018       0x10 zephyr/libzephyr.a(nrf_rtc_timer.c.obj)

.gnu.sgstubs    0x0000000000014e00     0x3200
                0x0000000000017fe0                . = (ALIGN (0x8000) - (0x1 << LOG2CEIL (__sg_size)))
 *fill*         0x0000000000014e00     0x31e0 
                0x0000000000017fe0                __sg_start = .
 *fill*         0x0000000000017fe0        0x0 
 .gnu.sgstubs.__stub
                0x0000000000017fe0       0x18 linker stubs
                0x0000000000017fe0                spm_request_read
                0x0000000000017fe8                spm_firmware_info
                0x0000000000017ff0                spm_request_random_number
                0x0000000000018000                __sg_end = .
                0x0000000000000020                __sg_size = (__sg_end - __sg_start)
                0x0000000000018000                . = ALIGN (0x8000)
                0x0000000000000020                __nsc_size = (. - __sg_start)
                0x0000000000000001                ASSERT (((__sg_size == 0x0) || ((((0x1 << LOG2CEIL ((0x8000 - (__sg_start % 0x8000)))) == (0x8000 - (__sg_start % 0x8000))) && ((0x8000 - (__sg_start % 0x8000)) >= 0x20)) && ((0x8000 - (__sg_start % 0x8000)) <= 0x1000))), The Non-Secure Callable region size must be a power of 2 between 32 and 4096 bytes.)

.stab
 *(SORT_BY_ALIGNMENT(.stab))

.stabstr
 *(SORT_BY_ALIGNMENT(.stabstr))

.stab.excl
 *(SORT_BY_ALIGNMENT(.stab.excl))

.stab.exclstr
 *(SORT_BY_ALIGNMENT(.stab.exclstr))

.stab.index
 *(SORT_BY_ALIGNMENT(.stab.index))

.stab.indexstr
 *(SORT_BY_ALIGNMENT(.stab.indexstr))

.gnu.build.attributes
 *(SORT_BY_ALIGNMENT(.gnu.build.attributes) SORT_BY_ALIGNMENT(.gnu.build.attributes.*))

.comment        0x0000000000000000       0xf8
 *(SORT_BY_ALIGNMENT(.comment))
 .comment       0x0000000000000000       0x79 app/libapp.a(main.c.obj)
                                         0x7a (size before relaxing)
 .comment       0x0000000000000079       0x7a zephyr/libzephyr.a(fdtable.c.obj)
 .comment       0x0000000000000079       0x7a zephyr/libzephyr.a(mempool.c.obj)
 .comment       0x0000000000000079       0x7a zephyr/libzephyr.a(printk.c.obj)
 .comment       0x0000000000000079       0x7a zephyr/libzephyr.a(thread_entry.c.obj)
 .comment       0x0000000000000079       0x7a zephyr/libzephyr.a(configs.c.obj)
 .comment       0x0000000000000079       0x7a zephyr/libzephyr.a(soc.c.obj)
 .comment       0x0000000000000079       0x7a zephyr/libzephyr.a(uart_console.c.obj)
 .comment       0x0000000000000079       0x7a zephyr/libzephyr.a(nrf_power_clock.c.obj)
 .comment       0x0000000000000079       0x7a zephyr/libzephyr.a(sys_clock_init.c.obj)
 .comment       0x0000000000000079       0x7a zephyr/libzephyr.a(nrf_rtc_timer.c.obj)
 .comment       0x0000000000000079       0x7a zephyr/libzephyr.a(spm.c.obj)
 .comment       0x0000000000000079       0x7a zephyr/libzephyr.a(secure_services.c.obj)
 .comment       0x0000000000000079       0x7a zephyr/libzephyr.a(nrf_cc310_platform_abort_zephyr.c.obj)
 .comment       0x0000000000000079       0x7a zephyr/libzephyr.a(nrf_cc310_platform_mutex_zephyr.c.obj)
 .comment       0x0000000000000079       0x7a zephyr/arch/common/libarch__common.a(isr_tables.c.obj)
 .comment       0x0000000000000079       0x7a zephyr/arch/arch/arm/core/aarch32/libarch__arm__core__aarch32.a(swap.c.obj)
 .comment       0x0000000000000079       0x7a zephyr/arch/arch/arm/core/aarch32/libarch__arm__core__aarch32.a(irq_manage.c.obj)
 .comment       0x0000000000000079       0x7a zephyr/arch/arch/arm/core/aarch32/libarch__arm__core__aarch32.a(thread.c.obj)
 .comment       0x0000000000000079       0x7a zephyr/arch/arch/arm/core/aarch32/libarch__arm__core__aarch32.a(fatal.c.obj)
 .comment       0x0000000000000079       0x7a zephyr/arch/arch/arm/core/aarch32/libarch__arm__core__aarch32.a(nmi.c.obj)
 .comment       0x0000000000000079       0x7a zephyr/arch/arch/arm/core/aarch32/libarch__arm__core__aarch32.a(prep_c.c.obj)
 .comment       0x0000000000000079       0x7a zephyr/arch/arch/arm/core/aarch32/cortex_m/libarch__arm__core__aarch32__cortex_m.a(fault.c.obj)
 .comment       0x0000000000000079       0x7a zephyr/arch/arch/arm/core/aarch32/cortex_m/libarch__arm__core__aarch32__cortex_m.a(scb.c.obj)
 .comment       0x0000000000000079       0x7a zephyr/arch/arch/arm/core/aarch32/cortex_m/libarch__arm__core__aarch32__cortex_m.a(irq_init.c.obj)
 .comment       0x0000000000000079       0x7a zephyr/arch/arch/arm/core/aarch32/cortex_m/libarch__arm__core__aarch32__cortex_m.a(thread_abort.c.obj)
 .comment       0x0000000000000079       0x7a zephyr/arch/arch/arm/core/aarch32/cortex_m/mpu/libarch__arm__core__aarch32__cortex_m__mpu.a(arm_core_mpu.c.obj)
 .comment       0x0000000000000079       0x7a zephyr/arch/arch/arm/core/aarch32/cortex_m/mpu/libarch__arm__core__aarch32__cortex_m__mpu.a(arm_mpu.c.obj)
 .comment       0x0000000000000079       0x7a zephyr/arch/arch/arm/core/aarch32/cortex_m/cmse/libarch__arm__core__aarch32__cortex_m__cmse.a(arm_core_cmse.c.obj)
 .comment       0x0000000000000079       0x7a zephyr/arch/arch/arm/core/aarch32/cortex_m/tz/libarch__arm__core__aarch32__cortex_m__tz.a(arm_core_tz.c.obj)
 .comment       0x0000000000000079       0x7a zephyr/lib/libc/minimal/liblib__libc__minimal.a(string.c.obj)
 .comment       0x0000000000000079       0x7a zephyr/lib/libc/minimal/liblib__libc__minimal.a(stdout_console.c.obj)
 .comment       0x0000000000000079       0x7a zephyr/soc/arm/common/cortex_m/libsoc__arm__common__cortex_m.a(arm_mpu_regions.c.obj)
 .comment       0x0000000000000079       0x7a zephyr/drivers/serial/libdrivers__serial.a(uart_nrfx_uarte.c.obj)
 .comment       0x0000000000000079       0x7a modules/nrf/lib/fatal_error/lib..__nrf__lib__fatal_error.a(fatal_error.c.obj)
 .comment       0x0000000000000079       0x7a modules/nrf/subsys/fw_info/lib..__nrf__subsys__fw_info.a(fw_info.c.obj)
 .comment       0x0000000000000079       0x7a modules/nrf/drivers/hw_cc310/lib..__nrf__drivers__hw_cc310.a(hw_cc310.c.obj)
 .comment       0x0000000000000079       0x7a modules/nordic/lib..__modules__hal__nordic.a(system_nrf9160.c.obj)
 .comment       0x0000000000000079       0x7a zephyr/kernel/libkernel.a(device.c.obj)
 .comment       0x0000000000000079       0x7a zephyr/kernel/libkernel.a(errno.c.obj)
 .comment       0x0000000000000079       0x7a zephyr/kernel/libkernel.a(fatal.c.obj)
 .comment       0x0000000000000079       0x7a zephyr/kernel/libkernel.a(idle.c.obj)
 .comment       0x0000000000000079       0x7a zephyr/kernel/libkernel.a(init.c.obj)
 .comment       0x0000000000000079       0x7a zephyr/kernel/libkernel.a(mem_slab.c.obj)
 .comment       0x0000000000000079       0x7a zephyr/kernel/libkernel.a(mutex.c.obj)
 .comment       0x0000000000000079       0x7a zephyr/kernel/libkernel.a(sched.c.obj)
 .comment       0x0000000000000079       0x7a zephyr/kernel/libkernel.a(thread.c.obj)
 .comment       0x0000000000000079       0x7a zephyr/kernel/libkernel.a(timeout.c.obj)
 .comment       0x0000000000000079       0x7a zephyr/kernel/libkernel.a(mempool.c.obj)
 .comment       0x0000000000000079       0x7a zephyr/CMakeFiles/offsets.dir/./arch/arm/core/offsets/offsets.c.obj
 .comment       0x0000000000000079       0x7f /Users/aaarcr/ncs/nrfxlib/crypto/nrf_cc310_mbedcrypto/lib/cortex-m33/hard-float/no-interrupts/libnrf_cc310_mbedcrypto_0.9.2.a(cc_pal_mem.c.obj)
                                         0x80 (size before relaxing)
 .comment       0x00000000000000f8       0x80 /Users/aaarcr/ncs/nrfxlib/crypto/nrf_cc310_mbedcrypto/lib/cortex-m33/hard-float/no-interrupts/libnrf_cc310_mbedcrypto_0.9.2.a(cc_pal.c.obj)
 .comment       0x00000000000000f8       0x80 /Users/aaarcr/ncs/nrfxlib/crypto/nrf_cc310_mbedcrypto/lib/cortex-m33/hard-float/no-interrupts/libnrf_cc310_mbedcrypto_0.9.2.a(cc_pal_dma.c.obj)
 .comment       0x00000000000000f8       0x80 /Users/aaarcr/ncs/nrfxlib/crypto/nrf_cc310_mbedcrypto/lib/cortex-m33/hard-float/no-interrupts/libnrf_cc310_mbedcrypto_0.9.2.a(cc_pal_mutex.c.obj)
 .comment       0x00000000000000f8       0x80 /Users/aaarcr/ncs/nrfxlib/crypto/nrf_cc310_mbedcrypto/lib/cortex-m33/hard-float/no-interrupts/libnrf_cc310_mbedcrypto_0.9.2.a(cc_pal_pm.c.obj)
 .comment       0x00000000000000f8       0x80 /Users/aaarcr/ncs/nrfxlib/crypto/nrf_cc310_mbedcrypto/lib/cortex-m33/hard-float/no-interrupts/libnrf_cc310_mbedcrypto_0.9.2.a(cc_hal.c.obj)
 .comment       0x00000000000000f8       0x80 /Users/aaarcr/ncs/nrfxlib/crypto/nrf_cc310_mbedcrypto/lib/cortex-m33/hard-float/no-interrupts/libnrf_cc310_mbedcrypto_0.9.2.a(cc_pal_interrupt_ctrl.c.obj)
 .comment       0x00000000000000f8       0x80 /Users/aaarcr/ncs/nrfxlib/crypto/nrf_cc310_platform/lib/cortex-m33/hard-float/no-interrupts/libnrf_cc310_platform_0.9.2.a(platform_alt.c.obj)
 .comment       0x00000000000000f8       0x80 /Users/aaarcr/ncs/nrfxlib/crypto/nrf_cc310_platform/lib/cortex-m33/hard-float/no-interrupts/libnrf_cc310_platform_0.9.2.a(cc_rng_plat.c.obj)
 .comment       0x00000000000000f8       0x80 /Users/aaarcr/ncs/nrfxlib/crypto/nrf_cc310_platform/lib/cortex-m33/hard-float/no-interrupts/libnrf_cc310_platform_0.9.2.a(nrf_cc310_platform.c.obj)
 .comment       0x00000000000000f8       0x80 /Users/aaarcr/ncs/nrfxlib/crypto/nrf_cc310_platform/lib/cortex-m33/hard-float/no-interrupts/libnrf_cc310_platform_0.9.2.a(nrf_cc310_platform_abort.c.obj)
 .comment       0x00000000000000f8       0x80 /Users/aaarcr/ncs/nrfxlib/crypto/nrf_cc310_platform/lib/cortex-m33/hard-float/no-interrupts/libnrf_cc310_platform_0.9.2.a(nrf_cc310_platform_mutex.c.obj)
 .comment       0x00000000000000f8       0x80 /Users/aaarcr/ncs/nrfxlib/crypto/nrf_cc310_platform/lib/cortex-m33/hard-float/no-interrupts/libnrf_cc310_platform_0.9.2.a(cc_lib.c.obj)
 .comment       0x00000000000000f8       0x80 /Users/aaarcr/ncs/nrfxlib/crypto/nrf_cc310_platform/lib/cortex-m33/hard-float/no-interrupts/libnrf_cc310_platform_0.9.2.a(cc_pal_trng.c.obj)
 .comment       0x00000000000000f8       0x80 /Users/aaarcr/ncs/nrfxlib/crypto/nrf_cc310_platform/lib/cortex-m33/hard-float/no-interrupts/libnrf_cc310_platform_0.9.2.a(llf_rnd_trng90b.c.obj)
 .comment       0x00000000000000f8       0x80 /Users/aaarcr/ncs/nrfxlib/crypto/nrf_cc310_platform/lib/cortex-m33/hard-float/no-interrupts/libnrf_cc310_platform_0.9.2.a(llf_rnd.c.obj)

.debug
 *(SORT_BY_ALIGNMENT(.debug))

.line
 *(SORT_BY_ALIGNMENT(.line))

.debug_srcinfo
 *(SORT_BY_ALIGNMENT(.debug_srcinfo))

.debug_sfnames
 *(SORT_BY_ALIGNMENT(.debug_sfnames))

.debug_aranges  0x0000000000000000      0xe60
 *(SORT_BY_ALIGNMENT(.debug_aranges))
 .debug_aranges
                0x0000000000000000       0x20 zephyr/arch/arch/arm/core/aarch32/libarch__arm__core__aarch32.a(exc_exit.S.obj)
 .debug_aranges
                0x0000000000000020       0x28 zephyr/arch/arch/arm/core/aarch32/libarch__arm__core__aarch32.a(swap_helper.S.obj)
 .debug_aranges
                0x0000000000000048       0x30 zephyr/arch/arch/arm/core/aarch32/libarch__arm__core__aarch32.a(cpu_idle.S.obj)
 .debug_aranges
                0x0000000000000078       0x20 zephyr/arch/arch/arm/core/aarch32/libarch__arm__core__aarch32.a(fault_s.S.obj)
 .debug_aranges
                0x0000000000000098       0x20 zephyr/arch/arch/arm/core/aarch32/libarch__arm__core__aarch32.a(nmi_on_reset.S.obj)
 .debug_aranges
                0x00000000000000b8       0x20 zephyr/arch/arch/arm/core/aarch32/libarch__arm__core__aarch32.a(isr_wrapper.S.obj)
 .debug_aranges
                0x00000000000000d8       0x20 zephyr/arch/arch/arm/core/aarch32/cortex_m/libarch__arm__core__aarch32__cortex_m.a(reset.S.obj)
 .debug_aranges
                0x00000000000000f8       0x20 app/libapp.a(main.c.obj)
 .debug_aranges
                0x0000000000000118       0x50 zephyr/libzephyr.a(fdtable.c.obj)
 .debug_aranges
                0x0000000000000168       0x68 zephyr/libzephyr.a(mempool.c.obj)
 .debug_aranges
                0x00000000000001d0       0x80 zephyr/libzephyr.a(printk.c.obj)
 .debug_aranges
                0x0000000000000250       0x20 zephyr/libzephyr.a(thread_entry.c.obj)
 .debug_aranges
                0x0000000000000270       0x20 zephyr/libzephyr.a(configs.c.obj)
 .debug_aranges
                0x0000000000000290       0x30 zephyr/libzephyr.a(soc.c.obj)
 .debug_aranges
                0x00000000000002c0       0x30 zephyr/libzephyr.a(uart_console.c.obj)
 .debug_aranges
                0x00000000000002f0       0x50 zephyr/libzephyr.a(nrf_power_clock.c.obj)
 .debug_aranges
                0x0000000000000340       0x40 zephyr/libzephyr.a(sys_clock_init.c.obj)
 .debug_aranges
                0x0000000000000380       0x40 zephyr/libzephyr.a(nrf_rtc_timer.c.obj)
 .debug_aranges
                0x00000000000003c0       0x38 zephyr/libzephyr.a(spm.c.obj)
 .debug_aranges
                0x00000000000003f8       0x38 zephyr/libzephyr.a(secure_services.c.obj)
 .debug_aranges
                0x0000000000000430       0x28 zephyr/libzephyr.a(nrf_cc310_platform_abort_zephyr.c.obj)
 .debug_aranges
                0x0000000000000458       0x40 zephyr/libzephyr.a(nrf_cc310_platform_mutex_zephyr.c.obj)
 .debug_aranges
                0x0000000000000498       0x18 zephyr/arch/common/libarch__common.a(isr_tables.c.obj)
 .debug_aranges
                0x00000000000004b0       0x20 zephyr/arch/arch/arm/core/aarch32/libarch__arm__core__aarch32.a(swap.c.obj)
 .debug_aranges
                0x00000000000004d0       0x58 zephyr/arch/arch/arm/core/aarch32/libarch__arm__core__aarch32.a(irq_manage.c.obj)
 .debug_aranges
                0x0000000000000528       0x28 zephyr/arch/arch/arm/core/aarch32/libarch__arm__core__aarch32.a(thread.c.obj)
 .debug_aranges
                0x0000000000000550       0x30 zephyr/arch/arch/arm/core/aarch32/libarch__arm__core__aarch32.a(fatal.c.obj)
 .debug_aranges
                0x0000000000000580       0x20 zephyr/arch/arch/arm/core/aarch32/libarch__arm__core__aarch32.a(nmi.c.obj)
 .debug_aranges
                0x00000000000005a0       0x20 zephyr/arch/arch/arm/core/aarch32/libarch__arm__core__aarch32.a(prep_c.c.obj)
 .debug_aranges
                0x00000000000005c0       0x48 zephyr/arch/arch/arm/core/aarch32/cortex_m/libarch__arm__core__aarch32__cortex_m.a(fault.c.obj)
 .debug_aranges
                0x0000000000000608       0x20 zephyr/arch/arch/arm/core/aarch32/cortex_m/libarch__arm__core__aarch32__cortex_m.a(scb.c.obj)
 .debug_aranges
                0x0000000000000628       0x20 zephyr/arch/arch/arm/core/aarch32/cortex_m/libarch__arm__core__aarch32__cortex_m.a(irq_init.c.obj)
 .debug_aranges
                0x0000000000000648       0x20 zephyr/arch/arch/arm/core/aarch32/cortex_m/libarch__arm__core__aarch32__cortex_m.a(thread_abort.c.obj)
 .debug_aranges
                0x0000000000000668       0x28 zephyr/arch/arch/arm/core/aarch32/cortex_m/mpu/libarch__arm__core__aarch32__cortex_m__mpu.a(arm_core_mpu.c.obj)
 .debug_aranges
                0x0000000000000690       0x60 zephyr/arch/arch/arm/core/aarch32/cortex_m/mpu/libarch__arm__core__aarch32__cortex_m__mpu.a(arm_mpu.c.obj)
 .debug_aranges
                0x00000000000006f0       0x80 zephyr/arch/arch/arm/core/aarch32/cortex_m/cmse/libarch__arm__core__aarch32__cortex_m__cmse.a(arm_core_cmse.c.obj)
 .debug_aranges
                0x0000000000000770       0x60 zephyr/arch/arch/arm/core/aarch32/cortex_m/tz/libarch__arm__core__aarch32__cortex_m__tz.a(arm_core_tz.c.obj)
 .debug_aranges
                0x00000000000007d0       0x90 zephyr/lib/libc/minimal/liblib__libc__minimal.a(string.c.obj)
 .debug_aranges
                0x0000000000000860       0x58 zephyr/lib/libc/minimal/liblib__libc__minimal.a(stdout_console.c.obj)
 .debug_aranges
                0x00000000000008b8       0x18 zephyr/soc/arm/common/cortex_m/libsoc__arm__common__cortex_m.a(arm_mpu_regions.c.obj)
 .debug_aranges
                0x00000000000008d0       0x48 zephyr/drivers/serial/libdrivers__serial.a(uart_nrfx_uarte.c.obj)
 .debug_aranges
                0x0000000000000918       0x20 modules/nrf/lib/fatal_error/lib..__nrf__lib__fatal_error.a(fatal_error.c.obj)
 .debug_aranges