Archive member included to satisfy reference by file (symbol)

app/libapp.a(main.c.obj)      (--whole-archive)
zephyr/libzephyr.a(crc32_sw.c.obj)
                              (--whole-archive)
zephyr/libzephyr.a(crc16_sw.c.obj)
                              (--whole-archive)
zephyr/libzephyr.a(crc8_sw.c.obj)
                              (--whole-archive)
zephyr/libzephyr.a(crc7_sw.c.obj)
                              (--whole-archive)
zephyr/libzephyr.a(dec.c.obj)
                              (--whole-archive)
zephyr/libzephyr.a(fdtable.c.obj)
                              (--whole-archive)
zephyr/libzephyr.a(hex.c.obj)
                              (--whole-archive)
zephyr/libzephyr.a(mempool.c.obj)
                              (--whole-archive)
zephyr/libzephyr.a(printk.c.obj)
                              (--whole-archive)
zephyr/libzephyr.a(onoff.c.obj)
                              (--whole-archive)
zephyr/libzephyr.a(rb.c.obj)  (--whole-archive)
zephyr/libzephyr.a(sem.c.obj)
                              (--whole-archive)
zephyr/libzephyr.a(thread_entry.c.obj)
                              (--whole-archive)
zephyr/libzephyr.a(timeutil.c.obj)
                              (--whole-archive)
zephyr/libzephyr.a(work_q.c.obj)
                              (--whole-archive)
zephyr/libzephyr.a(assert.c.obj)
                              (--whole-archive)
zephyr/libzephyr.a(configs.c.obj)
                              (--whole-archive)
zephyr/libzephyr.a(soc.c.obj)
                              (--whole-archive)
zephyr/libzephyr.a(power.c.obj)
                              (--whole-archive)
zephyr/libzephyr.a(validate_base_addresses.c.obj)
                              (--whole-archive)
zephyr/libzephyr.a(log_minimal.c.obj)
                              (--whole-archive)
zephyr/libzephyr.a(nvs.c.obj)
                              (--whole-archive)
zephyr/libzephyr.a(mcuboot.c.obj)
                              (--whole-archive)
zephyr/libzephyr.a(flash_img.c.obj)
                              (--whole-archive)
zephyr/libzephyr.a(addr_utils.c.obj)
                              (--whole-archive)
zephyr/libzephyr.a(socket_offload.c.obj)
                              (--whole-archive)
zephyr/libzephyr.a(flash_map.c.obj)
                              (--whole-archive)
zephyr/libzephyr.a(flash_map_default.c.obj)
                              (--whole-archive)
zephyr/libzephyr.a(settings_store.c.obj)
                              (--whole-archive)
zephyr/libzephyr.a(settings.c.obj)
                              (--whole-archive)
zephyr/libzephyr.a(settings_init.c.obj)
                              (--whole-archive)
zephyr/libzephyr.a(settings_line.c.obj)
                              (--whole-archive)
zephyr/libzephyr.a(settings_nvs.c.obj)
                              (--whole-archive)
zephyr/libzephyr.a(power.c.obj)
                              (--whole-archive)
zephyr/libzephyr.a(reboot.c.obj)
                              (--whole-archive)
zephyr/libzephyr.a(policy_residency.c.obj)
                              (--whole-archive)
zephyr/libzephyr.a(uart_console.c.obj)
                              (--whole-archive)
zephyr/libzephyr.a(nrf_power_clock.c.obj)
                              (--whole-archive)
zephyr/libzephyr.a(sys_clock_init.c.obj)
                              (--whole-archive)
zephyr/libzephyr.a(nrf_rtc_timer.c.obj)
                              (--whole-archive)
zephyr/libzephyr.a(secure_services_ns.c.obj)
                              (--whole-archive)
zephyr/arch/common/libarch__common.a(isr_tables.c.obj)
                              (--whole-archive)
zephyr/arch/common/libarch__common.a(sw_isr_common.c.obj)
                              (--whole-archive)
zephyr/arch/arch/arm/core/aarch32/libarch__arm__core__aarch32.a(exc_exit.S.obj)
                              (--whole-archive)
zephyr/arch/arch/arm/core/aarch32/libarch__arm__core__aarch32.a(swap.c.obj)
                              (--whole-archive)
zephyr/arch/arch/arm/core/aarch32/libarch__arm__core__aarch32.a(swap_helper.S.obj)
                              (--whole-archive)
zephyr/arch/arch/arm/core/aarch32/libarch__arm__core__aarch32.a(irq_manage.c.obj)
                              (--whole-archive)
zephyr/arch/arch/arm/core/aarch32/libarch__arm__core__aarch32.a(thread.c.obj)
                              (--whole-archive)
zephyr/arch/arch/arm/core/aarch32/libarch__arm__core__aarch32.a(cpu_idle.S.obj)
                              (--whole-archive)
zephyr/arch/arch/arm/core/aarch32/libarch__arm__core__aarch32.a(fault_s.S.obj)
                              (--whole-archive)
zephyr/arch/arch/arm/core/aarch32/libarch__arm__core__aarch32.a(fatal.c.obj)
                              (--whole-archive)
zephyr/arch/arch/arm/core/aarch32/libarch__arm__core__aarch32.a(nmi.c.obj)
                              (--whole-archive)
zephyr/arch/arch/arm/core/aarch32/libarch__arm__core__aarch32.a(nmi_on_reset.S.obj)
[...]
Memory Configuration

Name             Origin             Length             Attributes
FLASH            0x000000000001c200 0x000000000006ae00 xr
SRAM             0x0000000020020000 0x0000000000020000 xw
IDT_LIST         0x0000000020040000 0x0000000000000800 xw
*default*        0x0000000000000000 0xffffffffffffffff

Linker script and memory map

LOAD zephyr/CMakeFiles/zephyr_prebuilt.dir/misc/empty_file.c.obj
                0x0000000000000020                _region_min_align = 0x20

.rel.plt        0x000000000001c200        0x0
 *(SORT_BY_ALIGNMENT(.rel.plt))
                [!provide]                        PROVIDE (__rel_iplt_start = .)
 *(SORT_BY_ALIGNMENT(.rel.iplt))
 .rel.iplt      0x000000000001c200        0x0 app/libapp.a(main.c.obj)
                [!provide]                        PROVIDE (__rel_iplt_end = .)

.rela.plt       0x0000000000000000        0x0
 *(SORT_BY_ALIGNMENT(.rela.plt))
                [!provide]                        PROVIDE (__rela_iplt_start = .)
 *(SORT_BY_ALIGNMENT(.rela.iplt))
                [!provide]                        PROVIDE (__rela_iplt_end = .)

.rel.dyn
 *(SORT_BY_ALIGNMENT(.rel.*))

.rela.dyn
 *(SORT_BY_ALIGNMENT(.rela.*))

/DISCARD/
 *(SORT_BY_ALIGNMENT(.plt))
 *(SORT_BY_ALIGNMENT(.iplt))
 *(SORT_BY_ALIGNMENT(.got.plt))
 *(SORT_BY_ALIGNMENT(.igot.plt))
 *(SORT_BY_ALIGNMENT(.got))
 *(SORT_BY_ALIGNMENT(.igot))
 *(SORT_BY_ALIGNMENT(.note.GNU-stack))
                0x000000000001c200                _image_rom_start = 0x1c200

rom_start       0x000000000001c200      0x23c
                0x0000000000000000                . = 0x0
                0x0000000000000000                . = ALIGN (0x4)
                0x000000000001c200                _vector_start = .
 *(SORT_BY_ALIGNMENT(.exc_vector_table))
 *(SORT_BY_ALIGNMENT(.exc_vector_table.*))
 .exc_vector_table._vector_table_section
                0x000000000001c200       0x40 zephyr/arch/arch/arm/core/aarch32/cortex_m/libarch__arm__core__aarch32__cortex_m.a(vector_table.S.obj)
                0x000000000001c200                _vector_table
 *(SORT_BY_ALIGNMENT(.gnu.linkonce.irq_vector_table))
 .gnu.linkonce.irq_vector_table
                0x000000000001c240      0x104 zephyr/arch/common/libarch__common.a(isr_tables.c.obj)
                0x000000000001c240                _irq_vector_table
 *(SORT_BY_ALIGNMENT(.vectors))
                0x000000000001c344                _vector_end = .
 *(SORT_BY_ALIGNMENT(.openocd_dbg))
 *(SORT_BY_ALIGNMENT(.openocd_dbg.*))
                0x0000000000000200                . = 0x200
 *fill*         0x000000000001c344       0xbc 
                0x000000000001c400                _fw_info_start = .
 *(SORT_BY_NAME(SORT_BY_ALIGNMENT(.firmware_info*)))
 .firmware_info
                0x000000000001c400       0x3c modules/nrf/subsys/fw_info/lib..__nrf__subsys__fw_info.a(fw_info.c.obj)
                0x000000000001c400                m_firmware_info
                0x000000000000003c                _fw_info_size = ABSOLUTE ((. - _fw_info_start))

text            0x000000000001c440    0x1a624
                0x000000000001c440                _image_text_start = .
 *(SORT_BY_ALIGNMENT(.text))
 .text          0x000000000001c440      0x378 /opt/gnuarmemb/bin/../lib/gcc/arm-none-eabi/9.2.1/thumb/v8-m.main+fp/hard/libgcc.a(_arm_addsubdf3.o)
                0x000000000001c440                __aeabi_drsub
                0x000000000001c448                __subdf3
                0x000000000001c448                __aeabi_dsub
                0x000000000001c44c                __aeabi_dadd
                0x000000000001c44c                __adddf3
                0x000000000001c6c4                __aeabi_ui2d
                0x000000000001c6c4                __floatunsidf
                0x000000000001c6e4                __floatsidf
                0x000000000001c6e4                __aeabi_i2d
                0x000000000001c708                __extendsfdf2
                0x000000000001c708                __aeabi_f2d
                0x000000000001c74c                __aeabi_ul2d
                0x000000000001c74c                __floatundidf
                0x000000000001c75c                __aeabi_l2d
                0x000000000001c75c                __floatdidf
 .text          0x000000000001c7b8      0x110 /opt/gnuarmemb/bin/../lib/gcc/arm-none-eabi/9.2.1/thumb/v8-m.main+fp/hard/libgcc.a(_arm_cmpdf2.o)
                0x000000000001c7b8                __gedf2
                0x000000000001c7b8                __gtdf2
                0x000000000001c7c0                __ledf2
                0x000000000001c7c0                __ltdf2
                0x000000000001c7c8                __cmpdf2
                0x000000000001c7c8                __eqdf2
                0x000000000001c7c8                __nedf2
                0x000000000001c844                __aeabi_cdrcmple
                0x000000000001c854                __aeabi_cdcmple
                0x000000000001c854                __aeabi_cdcmpeq
                0x000000000001c864                __aeabi_dcmpeq
                0x000000000001c878                __aeabi_dcmplt
                0x000000000001c88c                __aeabi_dcmple
                0x000000000001c8a0                __aeabi_dcmpge
                0x000000000001c8b4                __aeabi_dcmpgt
 .text          0x000000000001c8c8       0x50 /opt/gnuarmemb/bin/../lib/gcc/arm-none-eabi/9.2.1/thumb/v8-m.main+fp/hard/libgcc.a(_arm_fixdfsi.o)
                0x000000000001c8c8                __fixdfsi
                0x000000000001c8c8                __aeabi_d2iz
 .text          0x000000000001c918       0x30 /opt/gnuarmemb/bin/../lib/gcc/arm-none-eabi/9.2.1/thumb/v8-m.main+fp/hard/libgcc.a(_aeabi_uldivmod.o)
                0x000000000001c918                __aeabi_uldivmod
 .text          0x000000000001c948      0x2c0 /opt/gnuarmemb/bin/../lib/gcc/arm-none-eabi/9.2.1/thumb/v8-m.main+fp/hard/libgcc.a(_udivmoddi4.o)
                0x000000000001c948                __udivmoddi4
 .text          0x000000000001cc08        0x4 /opt/gnuarmemb/bin/../lib/gcc/arm-none-eabi/9.2.1/thumb/v8-m.main+fp/hard/libgcc.a(_dvmd_tls.o)
                0x000000000001cc08                __aeabi_ldiv0
                0x000000000001cc08                __aeabi_idiv0
 .text          0x000000000001cc0c      0x424 /opt/gnuarmemb/bin/../lib/gcc/arm-none-eabi/9.2.1/thumb/v8-m.main+fp/hard/libgcc.a(_arm_muldivdf3.o)
                0x000000000001cc0c                __aeabi_dmul
                0x000000000001cc0c                __muldf3
                0x000000000001ce60                __aeabi_ddiv
                0x000000000001ce60                __divdf3
 .text          0x000000000001d030       0x40 /opt/gnuarmemb/bin/../lib/gcc/arm-none-eabi/9.2.1/thumb/v8-m.main+fp/hard/libgcc.a(_arm_fixunsdfsi.o)
                0x000000000001d030                __fixunsdfsi
                0x000000000001d030                __aeabi_d2uiz
 .text          0x000000000001d070       0x30 /opt/gnuarmemb/bin/../lib/gcc/arm-none-eabi/9.2.1/thumb/v8-m.main+fp/hard/libgcc.a(_fixdfdi.o)
                0x000000000001d070                __aeabi_d2lz
                0x000000000001d070                __fixdfdi
 .text          0x000000000001d0a0       0x3c /opt/gnuarmemb/bin/../lib/gcc/arm-none-eabi/9.2.1/thumb/v8-m.main+fp/hard/libgcc.a(_fixunsdfdi.o)
                0x000000000001d0a0                __aeabi_d2ulz
                0x000000000001d0a0                __fixunsdfdi
 .text          0x000000000001d0dc       0x14 /opt/gnuarmemb/arm-none-eabi/lib/thumb/v8-m.main+fp/hard/libc_nano.a(lib_a-strcmp.o)
                0x000000000001d0dc                strcmp
 .text          0x000000000001d0f0       0x10 /opt/gnuarmemb/arm-none-eabi/lib/thumb/v8-m.main+fp/hard/libc_nano.a(lib_a-strlen.o)
                0x000000000001d0f0                strlen
 *(SORT_BY_ALIGNMENT(.text.*))
 .text.parse_value
                0x000000000001d100      0x310 modules/nrf/ext/cjson/lib..__nrf__ext__cjson.a(cJSON.c.obj)
 .text._strtod_l
                0x000000000001d410      0xc1c /opt/gnuarmemb/arm-none-eabi/lib/thumb/v8-m.main+fp/hard/libc_nano.a(lib_a-strtod.o)
                0x000000000001d410                _strtod_l
 *fill*         0x000000000001e02c        0x4 
 .text.nan      0x000000000001e030       0x10 /opt/gnuarmemb/arm-none-eabi/lib/thumb/v8-m.main+fp/hard/libc_nano.a(lib_a-s_nan.o)
                0x000000000001e030                nan
 .text.update_device_shadow_version
                0x000000000001e040       0x98 app/libapp.a(main.c.obj)
 .text.aws_fota_cb_handler
                0x000000000001e0d8       0xa4 app/libapp.a(main.c.obj)
 .text.mqtt_evt_handler
                0x000000000001e17c      0x190 app/libapp.a(main.c.obj)
                0x000000000001e17c                mqtt_evt_handler
 .text.bsd_recoverable_error_handler
                0x000000000001e30c        0xc app/libapp.a(main.c.obj)
                0x000000000001e30c                bsd_recoverable_error_handler
 .text.main     0x000000000001e318      0x440 app/libapp.a(main.c.obj)
                0x000000000001e318                main
 .text.crc8_ccitt
                0x000000000001e758       0x30 zephyr/libzephyr.a(crc8_sw.c.obj)
                0x000000000001e758                crc8_ccitt
 .text.z_sys_mem_pool_block_free
                0x000000000001e788      0x1a4 zephyr/libzephyr.a(mempool.c.obj)
                0x000000000001e788                z_sys_mem_pool_block_free
 .text.char_out
                0x000000000001e92c       0x10 zephyr/libzephyr.a(printk.c.obj)
 .text._printk_dec_ulong
                0x000000000001e93c       0xa8 zephyr/libzephyr.a(printk.c.obj)
 .text.__printk_hook_install
                0x000000000001e9e4        0xc zephyr/libzephyr.a(printk.c.obj)
                0x000000000001e9e4                __printk_hook_install
 .text.z_vprintk
                0x000000000001e9f0      0x328 zephyr/libzephyr.a(printk.c.obj)
                0x000000000001e9f0                z_vprintk
 .text.vprintk  0x000000000001ed18       0x1c zephyr/libzephyr.a(printk.c.obj)
                0x000000000001ed18                vprintk
 .text.nordicsemi_nrf91_init
                0x000000000001ed34       0x28 zephyr/libzephyr.a(soc.c.obj)
 .text.nvs_prev_ate
                0x000000000001ed5c       0xe4 zephyr/libzephyr.a(nvs.c.obj)
 .text.nvs_gc   0x000000000001ee40      0x144 zephyr/libzephyr.a(nvs.c.obj)
 .text.nvs_init
                0x000000000001ef84      0x240 zephyr/libzephyr.a(nvs.c.obj)
                0x000000000001ef84                nvs_init
 .text.nvs_write
                0x000000000001f1c4      0x1ac zephyr/libzephyr.a(nvs.c.obj)
                0x000000000001f1c4                nvs_write
 .text.nvs_read_hist
                0x000000000001f370       0xbc zephyr/libzephyr.a(nvs.c.obj)
                0x000000000001f370                nvs_read_hist
 .text.boot_write_trailer_byte
                0x000000000001f42c       0x50 zephyr/libzephyr.a(mcuboot.c.obj)
 .text.boot_request_upgrade
                0x000000000001f47c       0x64 zephyr/libzephyr.a(mcuboot.c.obj)
                0x000000000001f47c                boot_request_upgrade
 .text.flash_progressive_erase
                0x000000000001f4e0       0x7c zephyr/libzephyr.a(flash_img.c.obj)
 .text.flash_sync
                0x000000000001f55c       0xe4 zephyr/libzephyr.a(flash_img.c.obj)
 .text.socket_offload_register
                0x000000000001f640       0x4c zephyr/libzephyr.a(socket_offload.c.obj)
                0x000000000001f640                socket_offload_register
 .text.get_flash_area_from_id
                0x000000000001f68c       0x30 zephyr/libzephyr.a(flash_map.c.obj)
 .text.flash_area_open
                0x000000000001f6bc       0x28 zephyr/libzephyr.a(flash_map.c.obj)
                0x000000000001f6bc                flash_area_open
 .text.flash_area_get_sectors
                0x000000000001f6e4       0x50 zephyr/libzephyr.a(flash_map.c.obj)
                0x000000000001f6e4                flash_area_get_sectors
 .text.settings_save_one
                0x000000000001f734       0x44 zephyr/libzephyr.a(settings_store.c.obj)
                0x000000000001f734                settings_save_one
 .text.settings_src_register
                0x000000000001f778       0x40 zephyr/libzephyr.a(settings_store.c.obj)
                0x000000000001f778                settings_src_register
 .text.settings_dst_register
                0x000000000001f7b8        0xc zephyr/libzephyr.a(settings_store.c.obj)
                0x000000000001f7b8                settings_dst_register
 .text.settings_load_subtree
                0x000000000001f7c4       0x50 zephyr/libzephyr.a(settings_store.c.obj)
                0x000000000001f7c4                settings_load_subtree
 .text.settings_store_init
                0x000000000001f814       0x10 zephyr/libzephyr.a(settings_store.c.obj)
                0x000000000001f814                settings_store_init
 .text.settings_init
                0x000000000001f824       0x10 zephyr/libzephyr.a(settings.c.obj)
                0x000000000001f824                settings_init
 .text.settings_register
                0x000000000001f834       0xb4 zephyr/libzephyr.a(settings.c.obj)
                0x000000000001f834                settings_register
 .text.settings_parse_and_lookup
                0x000000000001f8e8       0xc8 zephyr/libzephyr.a(settings.c.obj)
                0x000000000001f8e8                settings_parse_and_lookup
 .text.settings_call_set_handler
                0x000000000001f9b0       0x74 zephyr/libzephyr.a(settings.c.obj)
                0x000000000001f9b0                settings_call_set_handler
 .text.settings_commit_subtree
                0x000000000001fa24       0xb0 zephyr/libzephyr.a(settings.c.obj)
                0x000000000001fa24                settings_commit_subtree
 .text.settings_subsys_init
                0x000000000001fad4       0x20 zephyr/libzephyr.a(settings_init.c.obj)
                0x000000000001fad4                settings_subsys_init
 .text.settings_nvs_load
                0x000000000001faf4       0xb8 zephyr/libzephyr.a(settings_nvs.c.obj)
 .text.settings_backend_init
                0x000000000001fbac       0x98 zephyr/libzephyr.a(settings_nvs.c.obj)
                0x000000000001fbac                settings_backend_init
 .text.sys_reboot
                0x000000000001fc44       0x30 zephyr/libzephyr.a(reboot.c.obj)
                0x000000000001fc44                sys_reboot
 .text.console_out
                0x000000000001fc74       0x28 zephyr/libzephyr.a(uart_console.c.obj)
 .text.uart_console_hook_install
                0x000000000001fc9c       0x18 zephyr/libzephyr.a(uart_console.c.obj)
                0x000000000001fc9c                uart_console_hook_install
 .text.uart_console_init
                0x000000000001fcb4       0x1c zephyr/libzephyr.a(uart_console.c.obj)
 .text.clk_init
                0x000000000001fcd0       0x38 zephyr/libzephyr.a(nrf_power_clock.c.obj)
 .text.get_status
                0x000000000001fd08       0x44 zephyr/libzephyr.a(nrf_power_clock.c.obj)
 .text.clock_async_start
                0x000000000001fd4c      0x14c zephyr/libzephyr.a(nrf_power_clock.c.obj)
 .text.clock_stop
                0x000000000001fe98       0xb0 zephyr/libzephyr.a(nrf_power_clock.c.obj)
 .text.nrf_power_clock_isr
                0x000000000001ff48       0x54 zephyr/libzephyr.a(nrf_power_clock.c.obj)
                0x000000000001ff48                nrf_power_clock_isr
 .text.z_clock_isr
                0x000000000001ff9c       0x28 zephyr/libzephyr.a(sys_clock_init.c.obj)
                0x000000000001ff9c                z_clock_isr
 .text.rtc1_nrf_isr
                0x000000000001ffc4       0xb4 zephyr/libzephyr.a(nrf_rtc_timer.c.obj)
                0x000000000001ffc4                rtc1_nrf_isr
 .text.z_clock_driver_init
                0x0000000000020078       0x6c zephyr/libzephyr.a(nrf_rtc_timer.c.obj)
                0x0000000000020078                z_clock_driver_init
 .text.z_clock_set_timeout
                0x00000000000200e4      0x11c zephyr/libzephyr.a(nrf_rtc_timer.c.obj)
                0x00000000000200e4                z_clock_set_timeout
 .text.z_clock_elapsed
                0x0000000000020200       0xa0 zephyr/libzephyr.a(nrf_rtc_timer.c.obj)
                0x0000000000020200                z_clock_elapsed
 .text.z_timer_cycle_get_32
                0x00000000000202a0       0xa4 zephyr/libzephyr.a(nrf_rtc_timer.c.obj)
                0x00000000000202a0                z_timer_cycle_get_32
 .text._HandlerModeExit
                0x0000000000020344       0x1c zephyr/arch/arch/arm/core/aarch32/libarch__arm__core__aarch32.a(exc_exit.S.obj)
                0x0000000000020344                z_arm_exc_exit
                0x0000000000020344                z_arm_int_exit
 .text.arch_swap
                0x0000000000020360       0x34 zephyr/arch/arch/arm/core/aarch32/libarch__arm__core__aarch32.a(swap.c.obj)
                0x0000000000020360                arch_swap
 .text.z_arm_pendsv
                0x0000000000020394       0xc4 zephyr/arch/arch/arm/core/aarch32/libarch__arm__core__aarch32.a(swap_helper.S.obj)
                0x0000000000020394                z_arm_pendsv
 .text.z_arm_svc
                0x0000000000020458       0x20 zephyr/arch/arch/arm/core/aarch32/libarch__arm__core__aarch32.a(swap_helper.S.obj)
                0x0000000000020458                z_arm_svc
 .text.arch_irq_enable
                0x0000000000020478       0x20 zephyr/arch/arch/arm/core/aarch32/libarch__arm__core__aarch32.a(irq_manage.c.obj)
                0x0000000000020478                arch_irq_enable
 .text.z_arm_irq_priority_set
                0x0000000000020498       0x64 zephyr/arch/arch/arm/core/aarch32/libarch__arm__core__aarch32.a(irq_manage.c.obj)
                0x0000000000020498                z_arm_irq_priority_set
 .text._arch_isr_direct_pm
                0x00000000000204fc       0x1c zephyr/arch/arch/arm/core/aarch32/libarch__arm__core__aarch32.a(irq_manage.c.obj)
                0x00000000000204fc                _arch_isr_direct_pm
 .text.arch_new_thread
                0x0000000000020518       0xa8 zephyr/arch/arch/arm/core/aarch32/libarch__arm__core__aarch32.a(thread.c.obj)
                0x0000000000020518                arch_new_thread
 .text.arch_switch_to_main_thread
                0x00000000000205c0       0x58 zephyr/arch/arch/arm/core/aarch32/libarch__arm__core__aarch32.a(thread.c.obj)
                0x00000000000205c0                arch_switch_to_main_thread
 .text.z_arm_cpu_idle_init
                0x0000000000020618        0xc zephyr/arch/arch/arm/core/aarch32/libarch__arm__core__aarch32.a(cpu_idle.S.obj)
                0x0000000000020618                z_arm_cpu_idle_init
 .text.arch_cpu_idle
                0x0000000000020624        0xc zephyr/arch/arch/arm/core/aarch32/libarch__arm__core__aarch32.a(cpu_idle.S.obj)
                0x0000000000020624                arch_cpu_idle
 .text.__fault  0x0000000000020630       0x14 zephyr/arch/arch/arm/core/aarch32/libarch__arm__core__aarch32.a(fault_s.S.obj)
                0x0000000000020630                z_arm_bus_fault
                0x0000000000020630                z_arm_usage_fault
                0x0000000000020630                z_arm_mpu_fault
                0x0000000000020630                z_arm_reserved
                0x0000000000020630                z_arm_debug_monitor
                0x0000000000020630                z_arm_hard_fault
 .text.z_arm_fatal_error
                0x0000000000020644       0xcc zephyr/arch/arch/arm/core/aarch32/libarch__arm__core__aarch32.a(fatal.c.obj)
                0x0000000000020644                z_arm_fatal_error
 .text.z_SysNmiOnReset
                0x0000000000020710        0x8 zephyr/arch/arch/arm/core/aarch32/libarch__arm__core__aarch32.a(nmi_on_reset.S.obj)
                0x0000000000020710                z_SysNmiOnReset
 .text.z_arm_prep_c
                0x0000000000020718       0x50 zephyr/arch/arch/arm/core/aarch32/libarch__arm__core__aarch32.a(prep_c.c.obj)
                0x0000000000020718                z_arm_prep_c
 .text._isr_wrapper
                0x0000000000020768       0x40 zephyr/arch/arch/arm/core/aarch32/libarch__arm__core__aarch32.a(isr_wrapper.S.obj)
                0x0000000000020768                _isr_wrapper
 .text._reset_section
                0x00000000000207a8       0x30 zephyr/arch/arch/arm/core/aarch32/cortex_m/libarch__arm__core__aarch32__cortex_m.a(reset.S.obj)
                0x00000000000207a8                z_arm_reset
                0x00000000000207a8                __start
 .text.bus_fault.isra.0
                0x00000000000207d8       0xb4 zephyr/arch/arch/arm/core/aarch32/cortex_m/libarch__arm__core__aarch32__cortex_m.a(fault.c.obj)
 .text.usage_fault.isra.0
                0x000000000002088c       0xac zephyr/arch/arch/arm/core/aarch32/cortex_m/libarch__arm__core__aarch32__cortex_m.a(fault.c.obj)
 .text.mem_manage_fault.isra.0
                0x0000000000020938       0xdc zephyr/arch/arch/arm/core/aarch32/cortex_m/libarch__arm__core__aarch32__cortex_m.a(fault.c.obj)
 .text.z_arm_fault
                0x0000000000020a14      0x1a0 zephyr/arch/arch/arm/core/aarch32/cortex_m/libarch__arm__core__aarch32__cortex_m.a(fault.c.obj)
                0x0000000000020a14                z_arm_fault
 .text.z_arm_fault_init
                0x0000000000020bb4       0x18 zephyr/arch/arch/arm/core/aarch32/cortex_m/libarch__arm__core__aarch32__cortex_m.a(fault.c.obj)
                0x0000000000020bb4                z_arm_fault_init
 .text.sys_arch_reboot
                0x0000000000020bcc       0x24 zephyr/arch/arch/arm/core/aarch32/cortex_m/libarch__arm__core__aarch32__cortex_m.a(scb.c.obj)
                0x0000000000020bcc                sys_arch_reboot
 .text.z_arm_int_lib_init
                0x0000000000020bf0       0x18 zephyr/arch/arch/arm/core/aarch32/cortex_m/libarch__arm__core__aarch32__cortex_m.a(irq_init.c.obj)
                0x0000000000020bf0                z_arm_int_lib_init
 .text.z_impl_k_thread_abort
                0x0000000000020c08       0x7c zephyr/arch/arch/arm/core/aarch32/cortex_m/libarch__arm__core__aarch32__cortex_m.a(thread_abort.c.obj)
                0x0000000000020c08                z_impl_k_thread_abort
 .text.z_arm_configure_static_mpu_regions
                0x0000000000020c84       0x54 zephyr/arch/arch/arm/core/aarch32/cortex_m/mpu/libarch__arm__core__aarch32__cortex_m__mpu.a(arm_core_mpu.c.obj)
                0x0000000000020c84                z_arm_configure_static_mpu_regions
 .text.region_init
                0x0000000000020cd8       0x30 zephyr/arch/arch/arm/core/aarch32/cortex_m/mpu/libarch__arm__core__aarch32__cortex_m__mpu.a(arm_mpu.c.obj)
 .text.mpu_configure_region
                0x0000000000020d08       0x50 zephyr/arch/arch/arm/core/aarch32/cortex_m/mpu/libarch__arm__core__aarch32__cortex_m__mpu.a(arm_mpu.c.obj)
 .text.mpu_configure_regions_and_partition.constprop.0
                0x0000000000020d58      0x158 zephyr/arch/arch/arm/core/aarch32/cortex_m/mpu/libarch__arm__core__aarch32__cortex_m__mpu.a(arm_mpu.c.obj)
 .text.arm_core_mpu_enable
                0x0000000000020eb0       0x14 zephyr/arch/arch/arm/core/aarch32/cortex_m/mpu/libarch__arm__core__aarch32__cortex_m__mpu.a(arm_mpu.c.obj)
                0x0000000000020eb0                arm_core_mpu_enable
 .text.arm_core_mpu_disable
                0x0000000000020ec4       0x10 zephyr/arch/arch/arm/core/aarch32/cortex_m/mpu/libarch__arm__core__aarch32__cortex_m__mpu.a(arm_mpu.c.obj)
                0x0000000000020ec4                arm_core_mpu_disable
 .text.arm_mpu_init
                0x0000000000020ed4       0xac zephyr/arch/arch/arm/core/aarch32/cortex_m/mpu/libarch__arm__core__aarch32__cortex_m__mpu.a(arm_mpu.c.obj)
 .text.arm_core_mpu_configure_static_mpu_regions
                0x0000000000020f80       0x48 zephyr/arch/arch/arm/core/aarch32/cortex_m/mpu/libarch__arm__core__aarch32__cortex_m__mpu.a(arm_mpu.c.obj)
                0x0000000000020f80                arm_core_mpu_configure_static_mpu_regions
 .text.arm_core_mpu_mark_areas_for_dynamic_regions
                0x0000000000020fc8       0xe0 zephyr/arch/arch/arm/core/aarch32/cortex_m/mpu/libarch__arm__core__aarch32__cortex_m__mpu.a(arm_mpu.c.obj)
                0x0000000000020fc8                arm_core_mpu_mark_areas_for_dynamic_regions
 .text.arm_core_mpu_configure_dynamic_mpu_regions
                0x00000000000210a8       0x78 zephyr/arch/arch/arm/core/aarch32/cortex_m/mpu/libarch__arm__core__aarch32__cortex_m__mpu.a(arm_mpu.c.obj)
                0x00000000000210a8                arm_core_mpu_configure_dynamic_mpu_regions
 .text.__stdout_hook_install
                0x0000000000021120        0xc zephyr/lib/libc/newlib/liblib__libc__newlib.a(libc-hooks.c.obj)
                0x0000000000021120                __stdout_hook_install
 .text.z_impl_zephyr_read_stdin
                0x000000000002112c       0x28 zephyr/lib/libc/newlib/liblib__libc__newlib.a(libc-hooks.c.obj)
                0x000000000002112c                z_impl_zephyr_read_stdin
 .text.z_impl_zephyr_write_stdout
                0x0000000000021154       0x30 zephyr/lib/libc/newlib/liblib__libc__newlib.a(libc-hooks.c.obj)
                0x0000000000021154                z_impl_zephyr_write_stdout
 .text._exit    0x0000000000021184       0x10 zephyr/lib/libc/newlib/liblib__libc__newlib.a(libc-hooks.c.obj)
                0x0000000000021184                _exit
 .text._sbrk    0x0000000000021194       0x40 zephyr/lib/libc/newlib/liblib__libc__newlib.a(libc-hooks.c.obj)
                0x0000000000021194                _sbrk
                0x0000000000021194                sbrk
 .text.net_if_flag_is_set
                0x00000000000211d4       0x48 zephyr/subsys/net/ip/libsubsys__net__ip.a(net_if.c.obj)
 .text.net_if_flag_set.constprop.0
                0x000000000002121c       0x4c zephyr/subsys/net/ip/libsubsys__net__ip.a(net_if.c.obj)
 .text.net_if_up
                0x0000000000021268       0x78 zephyr/subsys/net/ip/libsubsys__net__ip.a(net_if.c.obj)
                0x0000000000021268                net_if_up
 .text.net_if_init
                0x00000000000212e0       0x28 zephyr/subsys/net/ip/libsubsys__net__ip.a(net_if.c.obj)
                0x00000000000212e0                net_if_init
 .text.net_if_post_init
                0x0000000000021308       0x28 zephyr/subsys/net/ip/libsubsys__net__ip.a(net_if.c.obj)
                0x0000000000021308                net_if_post_init
 .text.z_impl_net_addr_ntop
                0x0000000000021330      0x1cc zephyr/subsys/net/ip/libsubsys__net__ip.a(utils.c.obj)
                0x0000000000021330                z_impl_net_addr_ntop
 .text.connect_request_encode
                0x00000000000214fc      0x100 zephyr/subsys/net/lib/mqtt/libsubsys__net__lib__mqtt.a(mqtt_encoder.c.obj)
                0x00000000000214fc                connect_request_encode
 .text.disconnect_encode
                0x00000000000215fc       0x24 zephyr/subsys/net/lib/mqtt/libsubsys__net__lib__mqtt.a(mqtt_encoder.c.obj)
                0x00000000000215fc                disconnect_encode
 .text.ping_request_encode
                0x0000000000021620       0x24 zephyr/subsys/net/lib/mqtt/libsubsys__net__lib__mqtt.a(mqtt_encoder.c.obj)
                0x0000000000021620                ping_request_encode
 .text.close    0x0000000000021644       0x58 zephyr/subsys/net/lib/mqtt/libsubsys__net__lib__mqtt.a(mqtt_transport_socket_tcp.c.obj)
 .text.mqtt_client_tcp_connect
                0x000000000002169c       0xd4 zephyr/subsys/net/lib/mqtt/libsubsys__net__lib__mqtt.a(mqtt_transport_socket_tcp.c.obj)
                0x000000000002169c                mqtt_client_tcp_connect
 .text.mqtt_client_tcp_write
                0x0000000000021770       0x98 zephyr/subsys/net/lib/mqtt/libsubsys__net__lib__mqtt.a(mqtt_transport_socket_tcp.c.obj)
                0x0000000000021770                mqtt_client_tcp_write
 .text.mqtt_client_tcp_read
                0x0000000000021808       0x7c zephyr/subsys/net/lib/mqtt/libsubsys__net__lib__mqtt.a(mqtt_transport_socket_tcp.c.obj)
                0x0000000000021808                mqtt_client_tcp_read
 .text.mqtt_transport_connect
                0x0000000000021884       0x10 zephyr/subsys/net/lib/mqtt/libsubsys__net__lib__mqtt.a(mqtt_transport.c.obj)
                0x0000000000021884                mqtt_transport_connect
 .text.mqtt_transport_write
                0x0000000000021894       0x18 zephyr/subsys/net/lib/mqtt/libsubsys__net__lib__mqtt.a(mqtt_transport.c.obj)
                0x0000000000021894                mqtt_transport_write
 .text.mqtt_transport_read
                0x00000000000218ac       0x18 zephyr/subsys/net/lib/mqtt/libsubsys__net__lib__mqtt.a(mqtt_transport.c.obj)
                0x00000000000218ac                mqtt_transport_read
 .text.mqtt_transport_disconnect
                0x00000000000218c4       0x14 zephyr/subsys/net/lib/mqtt/libsubsys__net__lib__mqtt.a(mqtt_transport.c.obj)
                0x00000000000218c4                mqtt_transport_disconnect
 .text.mqtt_mutex_unlock
                0x00000000000218d8       0x58 zephyr/subsys/net/lib/mqtt/libsubsys__net__lib__mqtt.a(mqtt.c.obj)
 .text.mqtt_mutex_lock
                0x0000000000021930       0x40 zephyr/subsys/net/lib/mqtt/libsubsys__net__lib__mqtt.a(mqtt.c.obj)
 .text.close    0x0000000000021970       0x58 zephyr/subsys/net/lib/mqtt/libsubsys__net__lib__mqtt.a(mqtt_transport_socket_tls.c.obj)
 .text.setsockopt.constprop.0
                0x00000000000219c8       0x70 zephyr/subsys/net/lib/mqtt/libsubsys__net__lib__mqtt.a(mqtt_transport_socket_tls.c.obj)
 .text.mqtt_client_tls_connect
                0x0000000000021a38      0x144 zephyr/subsys/net/lib/mqtt/libsubsys__net__lib__mqtt.a(mqtt_transport_socket_tls.c.obj)
                0x0000000000021a38                mqtt_client_tls_connect
 .text.mqtt_client_tls_write
                0x0000000000021b7c       0x98 zephyr/subsys/net/lib/mqtt/libsubsys__net__lib__mqtt.a(mqtt_transport_socket_tls.c.obj)
                0x0000000000021b7c                mqtt_client_tls_write
 .text.mqtt_client_tls_read
                0x0000000000021c14       0x7c zephyr/subsys/net/lib/mqtt/libsubsys__net__lib__mqtt.a(mqtt_transport_socket_tls.c.obj)
                0x0000000000021c14                mqtt_client_tls_read
 .text.z_impl_entropy_get_entropy
                0x0000000000021c90       0x48 zephyr/subsys/random/libsubsys__random.a(rand32_entropy_device.c.obj)
 .text.sys_rand32_get
                0x0000000000021cd8       0x64 zephyr/subsys/random/libsubsys__random.a(rand32_entropy_device.c.obj)
                0x0000000000021cd8                sys_rand32_get
 .text.gpio_nrfx_manage_callback
                0x0000000000021d3c       0xac zephyr/drivers/gpio/libdrivers__gpio.a(gpio_nrfx.c.obj)
 .text.nrf_gpio_pin_port_decode.isra.0.part.0
                0x0000000000021de8       0x1c zephyr/drivers/gpio/libdrivers__gpio.a(gpio_nrfx.c.obj)
 .text.nrf_gpio_cfg_sense_set
                0x0000000000021e04       0x28 zephyr/drivers/gpio/libdrivers__gpio.a(gpio_nrfx.c.obj)
 .text.gpio_nrfx_init
                0x0000000000021e2c       0x30 zephyr/drivers/gpio/libdrivers__gpio.a(gpio_nrfx.c.obj)
 .text.gpiote_pin_int_cfg
                0x0000000000021e5c      0x144 zephyr/drivers/gpio/libdrivers__gpio.a(gpio_nrfx.c.obj)
 .text.gpio_nrfx_config
                0x0000000000021fa0      0x12c zephyr/drivers/gpio/libdrivers__gpio.a(gpio_nrfx.c.obj)
 .text.gpiote_event_handler
                0x00000000000220cc      0x18c zephyr/drivers/gpio/libdrivers__gpio.a(gpio_nrfx.c.obj)
 .text.flash_nrf_pages_layout
                0x0000000000022258       0x10 zephyr/drivers/flash/libdrivers__flash.a(soc_flash_nrf.c.obj)
 .text.flash_nrf_erase
                0x0000000000022268       0x60 zephyr/drivers/flash/libdrivers__flash.a(soc_flash_nrf.c.obj)
 .text.nrf_flash_init
                0x00000000000222c8       0x28 zephyr/drivers/flash/libdrivers__flash.a(soc_flash_nrf.c.obj)
 .text.flash_nrf_write
                0x00000000000222f0       0x64 zephyr/drivers/flash/libdrivers__flash.a(soc_flash_nrf.c.obj)
 .text.uarte_nrfx_configure
                0x0000000000022354      0x16c zephyr/drivers/serial/libdrivers__serial.a(uart_nrfx_uarte.c.obj)
 .text.uarte_0_init
                0x00000000000224c0       0x90 zephyr/drivers/serial/libdrivers__serial.a(uart_nrfx_uarte.c.obj)
 .text.entropy_cc310_rng_get_entropy
                0x0000000000022550       0x5c zephyr/drivers/entropy/libdrivers__entropy.a(entropy_cc310.c.obj)
 .text.parse_string
                0x00000000000225ac      0x1e4 modules/nrf/ext/cjson/lib..__nrf__ext__cjson.a(cJSON.c.obj)
 .text.get_object_item
                0x0000000000022790       0x70 modules/nrf/ext/cjson/lib..__nrf__ext__cjson.a(cJSON.c.obj)
 .text.cJSON_Delete
                0x0000000000022800       0x48 modules/nrf/ext/cjson/lib..__nrf__ext__cjson.a(cJSON.c.obj)
                0x0000000000022800                cJSON_Delete
 .text.cJSON_ParseWithOpts
                0x0000000000022848       0xe0 modules/nrf/ext/cjson/lib..__nrf__ext__cjson.a(cJSON.c.obj)
                0x0000000000022848                cJSON_ParseWithOpts
 .text.bsdlib_init
                0x0000000000022928       0x1c modules/nrf/lib/bsdlib/lib..__nrf__lib__bsdlib.a(bsdlib.c.obj)
                0x0000000000022928                bsdlib_init
 .text.thread_monitor_entry_get
                0x0000000000022944       0x40 modules/nrf/lib/bsdlib/lib..__nrf__lib__bsdlib.a(bsd_os.c.obj)
 .text.rpc_proxy_irq_handler
                0x0000000000022984       0x50 modules/nrf/lib/bsdlib/lib..__nrf__lib__bsdlib.a(bsd_os.c.obj)
                0x0000000000022984                rpc_proxy_irq_handler
 .text.bsd_os_timedwait
                0x00000000000229d4      0x128 modules/nrf/lib/bsdlib/lib..__nrf__lib__bsdlib.a(bsd_os.c.obj)
                0x00000000000229d4                bsd_os_timedwait
 .text.bsd_os_errno_set
                0x0000000000022afc      0x2fc modules/nrf/lib/bsdlib/lib..__nrf__lib__bsdlib.a(bsd_os.c.obj)
                0x0000000000022afc                bsd_os_errno_set
 .text.bsd_os_application_irq_set
                0x0000000000022df8       0x10 modules/nrf/lib/bsdlib/lib..__nrf__lib__bsdlib.a(bsd_os.c.obj)
                0x0000000000022df8                bsd_os_application_irq_set
 .text.bsd_os_application_irq_clear
                0x0000000000022e08       0x10 modules/nrf/lib/bsdlib/lib..__nrf__lib__bsdlib.a(bsd_os.c.obj)
                0x0000000000022e08                bsd_os_application_irq_clear
 .text.bsd_os_trace_irq_set
                0x0000000000022e18       0x10 modules/nrf/lib/bsdlib/lib..__nrf__lib__bsdlib.a(bsd_os.c.obj)
                0x0000000000022e18                bsd_os_trace_irq_set
 .text.bsd_os_trace_irq_clear
                0x0000000000022e28       0x10 modules/nrf/lib/bsdlib/lib..__nrf__lib__bsdlib.a(bsd_os.c.obj)
                0x0000000000022e28                bsd_os_trace_irq_clear
 .text.bsd_os_init
                0x0000000000022e38       0x2c modules/nrf/lib/bsdlib/lib..__nrf__lib__bsdlib.a(bsd_os.c.obj)
                0x0000000000022e38                bsd_os_init
 .text.z_to_nrf_optname
                0x0000000000022e64       0xd0 modules/nrf/lib/bsdlib/lib..__nrf__lib__bsdlib.a(nrf91_sockets.c.obj)
 .text.nrf91_socket_iface_init
                0x0000000000022f34       0x18 modules/nrf/lib/bsdlib/lib..__nrf__lib__bsdlib.a(nrf91_sockets.c.obj)
 .text.close    0x0000000000022f4c       0x58 modules/nrf/lib/at_cmd/lib..__nrf__lib__at_cmd.a(at_cmd.c.obj)
 .text.callback_worker
                0x0000000000022fa4       0x20 modules/nrf/lib/at_cmd/lib..__nrf__lib__at_cmd.a(at_cmd.c.obj)
 .text.open_socket
                0x0000000000022fc4       0x74 modules/nrf/lib/at_cmd/lib..__nrf__lib__at_cmd.a(at_cmd.c.obj)
 .text.at_write
                0x0000000000023038       0xcc modules/nrf/lib/at_cmd/lib..__nrf__lib__at_cmd.a(at_cmd.c.obj)
 .text.socket_thread_fn
                0x0000000000023104      0x278 modules/nrf/lib/at_cmd/lib..__nrf__lib__at_cmd.a(at_cmd.c.obj)
 .text.at_cmd_write
                0x000000000002337c       0x44 modules/nrf/lib/at_cmd/lib..__nrf__lib__at_cmd.a(at_cmd.c.obj)
                0x000000000002337c                at_cmd_write
 .text.at_cmd_set_notification_handler
                0x00000000000233c0       0x38 modules/nrf/lib/at_cmd/lib..__nrf__lib__at_cmd.a(at_cmd.c.obj)
                0x00000000000233c0                at_cmd_set_notification_handler
 .text.at_cmd_init
                0x00000000000233f8       0x5c modules/nrf/lib/at_cmd/lib..__nrf__lib__at_cmd.a(at_cmd.c.obj)
                0x00000000000233f8                at_cmd_init
 .text.find_node
                0x0000000000023454       0x44 modules/nrf/lib/at_notif/lib..__nrf__lib__at_notif.a(at_notif.c.obj)
 .text.k_mutex_unlock.constprop.0
                0x0000000000023498        0xc modules/nrf/lib/at_notif/lib..__nrf__lib__at_notif.a(at_notif.c.obj)
 .text.notif_dispatch
                0x00000000000234a4       0x48 modules/nrf/lib/at_notif/lib..__nrf__lib__at_notif.a(at_notif.c.obj)
 .text.at_notif_init
                0x00000000000234ec       0x38 modules/nrf/lib/at_notif/lib..__nrf__lib__at_notif.a(at_notif.c.obj)
                0x00000000000234ec                at_notif_init
 .text.at_notif_register_handler
                0x0000000000023524       0x7c modules/nrf/lib/at_notif/lib..__nrf__lib__at_notif.a(at_notif.c.obj)
                0x0000000000023524                at_notif_register_handler
 .text.at_notif_deregister_handler
                0x00000000000235a0       0x80 modules/nrf/lib/at_notif/lib..__nrf__lib__at_notif.a(at_notif.c.obj)
                0x00000000000235a0                at_notif_deregister_handler
 .text.write_uart_string
                0x0000000000023620       0x1c modules/nrf/lib/at_host/lib..__nrf__lib__at_host.a(at_host.c.obj)
 .text.cmd_send
                0x000000000002363c       0x98 modules/nrf/lib/at_host/lib..__nrf__lib__at_host.a(at_host.c.obj)
 .text.isr      0x00000000000236d4      0x130 modules/nrf/lib/at_host/lib..__nrf__lib__at_host.a(at_host.c.obj)
 .text.at_host_init
                0x0000000000023804      0x110 modules/nrf/lib/at_host/lib..__nrf__lib__at_host.a(at_host.c.obj)
 .text.is_valid_notification_char
                0x0000000000023914       0x20 modules/nrf/lib/at_cmd_parser/lib..__nrf__lib__at_cmd_parser.a(at_cmd_parser.c.obj)
 .text.at_parse_process_element
                0x0000000000023934      0x1a4 modules/nrf/lib/at_cmd_parser/lib..__nrf__lib__at_cmd_parser.a(at_cmd_parser.c.obj)
 .text.is_command
                0x0000000000023ad8       0x60 modules/nrf/lib/at_cmd_parser/lib..__nrf__lib__at_cmd_parser.a(at_cmd_parser.c.obj)
 .text.at_parse_detect_type
                0x0000000000023b38       0xc0 modules/nrf/lib/at_cmd_parser/lib..__nrf__lib__at_cmd_parser.a(at_cmd_parser.c.obj)
 .text.at_parser_max_params_from_str
                0x0000000000023bf8      0x120 modules/nrf/lib/at_cmd_parser/lib..__nrf__lib__at_cmd_parser.a(at_cmd_parser.c.obj)
                0x0000000000023bf8                at_parser_max_params_from_str
 .text.at_params_get
                0x0000000000023d18       0x44 modules/nrf/lib/at_cmd_parser/lib..__nrf__lib__at_cmd_parser.a(at_params.c.obj)
 .text.at_param_size
                0x0000000000023d5c       0x50 modules/nrf/lib/at_cmd_parser/lib..__nrf__lib__at_cmd_parser.a(at_params.c.obj)
 .text.at_param_clear
                0x0000000000023dac       0x44 modules/nrf/lib/at_cmd_parser/lib..__nrf__lib__at_cmd_parser.a(at_params.c.obj)
 .text.at_params_list_clear
                0x0000000000023df0       0x70 modules/nrf/lib/at_cmd_parser/lib..__nrf__lib__at_cmd_parser.a(at_params.c.obj)
                0x0000000000023df0                at_params_list_clear
 .text.w_lte_lc_init
                0x0000000000023e60       0x2c modules/nrf/lib/lte_link_control/lib..__nrf__lib__lte_link_control.a(lte_lc.c.obj)
 .text.parse_nw_reg_status
                0x0000000000023e8c       0xe0 modules/nrf/lib/lte_link_control/lib..__nrf__lib__lte_link_control.a(lte_lc.c.obj)
 .text.at_handler
                0x0000000000023f6c       0x48 modules/nrf/lib/lte_link_control/lib..__nrf__lib__lte_link_control.a(lte_lc.c.obj)
                0x0000000000023f6c                at_handler
 .text.w_lte_lc_connect
                0x0000000000023fb4       0xd8 modules/nrf/lib/lte_link_control/lib..__nrf__lib__lte_link_control.a(lte_lc.c.obj)
 .text.lte_lc_offline
                0x000000000002408c       0x1c modules/nrf/lib/lte_link_control/lib..__nrf__lib__lte_link_control.a(lte_lc.c.obj)
                0x000000000002408c                lte_lc_offline
 .text.k_sys_fatal_error_handler
                0x00000000000240a8       0x14 modules/nrf/lib/fatal_error/lib..__nrf__lib__fatal_error.a(fatal_error.c.obj)
                0x00000000000240a8                k_sys_fatal_error_handler
 .text.fragment_evt_send
                0x00000000000240bc       0x94 modules/nrf/subsys/net/lib/download_client/lib..__nrf__subsys__net__lib__download_client.a(download_client.c.obj)
 .text.setsockopt
                0x0000000000024150       0x70 modules/nrf/subsys/net/lib/download_client/lib..__nrf__subsys__net__lib__download_client.a(download_client.c.obj)
 .text.close    0x00000000000241c0       0x58 modules/nrf/subsys/net/lib/download_client/lib..__nrf__subsys__net__lib__download_client.a(download_client.c.obj)
 .text.get_request_send
                0x0000000000024218      0x168 modules/nrf/subsys/net/lib/download_client/lib..__nrf__subsys__net__lib__download_client.a(download_client.c.obj)
 .text.download_client_init
                0x0000000000024380       0x50 modules/nrf/subsys/net/lib/download_client/lib..__nrf__subsys__net__lib__download_client.a(download_client.c.obj)
                0x0000000000024380                download_client_init
 .text.download_client_connect
                0x00000000000243d0      0x398 modules/nrf/subsys/net/lib/download_client/lib..__nrf__subsys__net__lib__download_client.a(download_client.c.obj)
                0x00000000000243d0                download_client_connect
 .text.download_client_disconnect
                0x0000000000024768       0x3c modules/nrf/subsys/net/lib/download_client/lib..__nrf__subsys__net__lib__download_client.a(download_client.c.obj)
                0x0000000000024768                download_client_disconnect
 .text.reconnect
                0x00000000000247a4       0x30 modules/nrf/subsys/net/lib/download_client/lib..__nrf__subsys__net__lib__download_client.a(download_client.c.obj)
 .text.download_thread
                0x00000000000247d4      0x2f4 modules/nrf/subsys/net/lib/download_client/lib..__nrf__subsys__net__lib__download_client.a(download_client.c.obj)
                0x00000000000247d4                download_thread
 .text.download_client_start
                0x0000000000024ac8       0x5c modules/nrf/subsys/net/lib/download_client/lib..__nrf__subsys__net__lib__download_client.a(download_client.c.obj)
                0x0000000000024ac8                download_client_start
 .text.download_with_offset
                0x0000000000024b24       0x44 modules/nrf/subsys/net/lib/fota_download/lib..__nrf__subsys__net__lib__fota_download.a(fota_download.c.obj)
 .text.send_evt
                0x0000000000024b68       0x20 modules/nrf/subsys/net/lib/fota_download/lib..__nrf__subsys__net__lib__fota_download.a(fota_download.c.obj)
 .text.download_client_callback
                0x0000000000024b88      0x174 modules/nrf/subsys/net/lib/fota_download/lib..__nrf__subsys__net__lib__fota_download.a(fota_download.c.obj)
 .text.fota_download_start
                0x0000000000024cfc       0x58 modules/nrf/subsys/net/lib/fota_download/lib..__nrf__subsys__net__lib__fota_download.a(fota_download.c.obj)
                0x0000000000024cfc                fota_download_start
 .text.fota_download_init
                0x0000000000024d54       0x38 modules/nrf/subsys/net/lib/fota_download/lib..__nrf__subsys__net__lib__fota_download.a(fota_download.c.obj)
                0x0000000000024d54                fota_download_init
 .text.construct_topic
                0x0000000000024d8c       0xb8 modules/nrf/subsys/net/lib/aws_jobs/lib..__nrf__subsys__net__lib__aws_jobs.a(aws_jobs.c.obj)
 .text.reg_topic
                0x0000000000024e44       0x70 modules/nrf/subsys/net/lib/aws_jobs/lib..__nrf__subsys__net__lib__aws_jobs.a(aws_jobs.c.obj)
 .text.publish  0x0000000000024eb4       0x68 modules/nrf/subsys/net/lib/aws_jobs/lib..__nrf__subsys__net__lib__aws_jobs.a(aws_jobs.c.obj)
 .text.aws_jobs_subscribe_topic_notify_next
                0x0000000000024f1c       0x1c modules/nrf/subsys/net/lib/aws_jobs/lib..__nrf__subsys__net__lib__aws_jobs.a(aws_jobs.c.obj)
                0x0000000000024f1c                aws_jobs_subscribe_topic_notify_next
 .text.aws_jobs_subscribe_topic_get
                0x0000000000024f38       0x1c modules/nrf/subsys/net/lib/aws_jobs/lib..__nrf__subsys__net__lib__aws_jobs.a(aws_jobs.c.obj)
                0x0000000000024f38                aws_jobs_subscribe_topic_get
 .text.aws_jobs_subscribe_topic_update
                0x0000000000024f54       0x1c modules/nrf/subsys/net/lib/aws_jobs/lib..__nrf__subsys__net__lib__aws_jobs.a(aws_jobs.c.obj)
                0x0000000000024f54                aws_jobs_subscribe_topic_update
 .text.aws_jobs_update_job_execution
                0x0000000000024f70       0x98 modules/nrf/subsys/net/lib/aws_jobs/lib..__nrf__subsys__net__lib__aws_jobs.a(aws_jobs.c.obj)
                0x0000000000024f70                aws_jobs_update_job_execution
 .text.aws_jobs_get_job_execution
                0x0000000000025008       0x30 modules/nrf/subsys/net/lib/aws_jobs/lib..__nrf__subsys__net__lib__aws_jobs.a(aws_jobs.c.obj)
                0x0000000000025008                aws_jobs_get_job_execution
 .text.update_job_execution.constprop.0
                0x0000000000025038       0x60 modules/nrf/subsys/net/lib/aws_fota/lib..__nrf__subsys__net__lib__aws_fota.a(aws_fota.c.obj)
 .text.http_fota_handler
                0x0000000000025098       0xc8 modules/nrf/subsys/net/lib/aws_fota/lib..__nrf__subsys__net__lib__aws_fota.a(aws_fota.c.obj)
 .text.get_published_payload.constprop.0
                0x0000000000025160       0x40 modules/nrf/subsys/net/lib/aws_fota/lib..__nrf__subsys__net__lib__aws_fota.a(aws_fota.c.obj)
 .text.aws_fota_mqtt_evt_handler
                0x00000000000251a0      0x348 modules/nrf/subsys/net/lib/aws_fota/lib..__nrf__subsys__net__lib__aws_fota.a(aws_fota.c.obj)
                0x00000000000251a0                aws_fota_mqtt_evt_handler
 .text.aws_fota_init
                0x00000000000254e8       0x3c modules/nrf/subsys/net/lib/aws_fota/lib..__nrf__subsys__net__lib__aws_fota.a(aws_fota.c.obj)
                0x00000000000254e8                aws_fota_init
 .text.aws_fota_get_job_id
                0x0000000000025524       0x1c modules/nrf/subsys/net/lib/aws_fota/lib..__nrf__subsys__net__lib__aws_fota.a(aws_fota.c.obj)
                0x0000000000025524                aws_fota_get_job_id
 .text.aws_fota_parse_DescribeJobExecution_rsp
                0x0000000000025540      0x104 modules/nrf/subsys/net/lib/aws_fota/lib..__nrf__subsys__net__lib__aws_fota.a(aws_fota_json.c.obj)
                0x0000000000025540                aws_fota_parse_DescribeJobExecution_rsp
 .text.dfu_target_img_type
                0x0000000000025644       0x38 modules/nrf/subsys/dfu/lib..__nrf__subsys__dfu.a(dfu_target.c.obj)
                0x0000000000025644                dfu_target_img_type
 .text.dfu_target_init
                0x000000000002567c       0x50 modules/nrf/subsys/dfu/lib..__nrf__subsys__dfu.a(dfu_target.c.obj)
                0x000000000002567c                dfu_target_init
 .text.dfu_target_offset_get
                0x00000000000256cc       0x14 modules/nrf/subsys/dfu/lib..__nrf__subsys__dfu.a(dfu_target.c.obj)
                0x00000000000256cc                dfu_target_offset_get
 .text.dfu_target_write
                0x00000000000256e0       0x18 modules/nrf/subsys/dfu/lib..__nrf__subsys__dfu.a(dfu_target.c.obj)
                0x00000000000256e0                dfu_target_write
 .text.dfu_target_done
                0x00000000000256f8       0x34 modules/nrf/subsys/dfu/lib..__nrf__subsys__dfu.a(dfu_target.c.obj)
                0x00000000000256f8                dfu_target_done
 .text.getsockopt.constprop.0
                0x000000000002572c       0x70 modules/nrf/subsys/dfu/lib..__nrf__subsys__dfu.a(dfu_target_modem.c.obj)
 .text.get_modem_error
                0x000000000002579c       0x38 modules/nrf/subsys/dfu/lib..__nrf__subsys__dfu.a(dfu_target_modem.c.obj)
 .text.setsockopt.constprop.0
                0x00000000000257d4       0x70 modules/nrf/subsys/dfu/lib..__nrf__subsys__dfu.a(dfu_target_modem.c.obj)
 .text.delete_banked_modem_fw
                0x0000000000025844       0xbc modules/nrf/subsys/dfu/lib..__nrf__subsys__dfu.a(dfu_target_modem.c.obj)
 .text.dfu_target_modem_identify
                0x0000000000025900       0x10 modules/nrf/subsys/dfu/lib..__nrf__subsys__dfu.a(dfu_target_modem.c.obj)
                0x0000000000025900                dfu_target_modem_identify
 .text.dfu_target_modem_init
                0x0000000000025910      0x1c0 modules/nrf/subsys/dfu/lib..__nrf__subsys__dfu.a(dfu_target_modem.c.obj)
                0x0000000000025910                dfu_target_modem_init
 .text.dfu_target_modem_offset_get
                0x0000000000025ad0       0x10 modules/nrf/subsys/dfu/lib..__nrf__subsys__dfu.a(dfu_target_modem.c.obj)
                0x0000000000025ad0                dfu_target_modem_offset_get
 .text.dfu_target_modem_write
                0x0000000000025ae0       0xd0 modules/nrf/subsys/dfu/lib..__nrf__subsys__dfu.a(dfu_target_modem.c.obj)
                0x0000000000025ae0                dfu_target_modem_write
 .text.dfu_target_modem_done
                0x0000000000025bb0       0xc0 modules/nrf/subsys/dfu/lib..__nrf__subsys__dfu.a(dfu_target_modem.c.obj)
                0x0000000000025bb0                dfu_target_modem_done
 .text.store_flash_img_context
                0x0000000000025c70       0x50 modules/nrf/subsys/dfu/lib..__nrf__subsys__dfu.a(dfu_target_mcuboot.c.obj)
 .text.reset_flash_context
                0x0000000000025cc0       0x34 modules/nrf/subsys/dfu/lib..__nrf__subsys__dfu.a(dfu_target_mcuboot.c.obj)
 .text.settings_set
                0x0000000000025cf4       0x38 modules/nrf/subsys/dfu/lib..__nrf__subsys__dfu.a(dfu_target_mcuboot.c.obj)
 .text.dfu_target_mcuboot_identify
                0x0000000000025d2c       0x10 modules/nrf/subsys/dfu/lib..__nrf__subsys__dfu.a(dfu_target_mcuboot.c.obj)
                0x0000000000025d2c                dfu_target_mcuboot_identify
 .text.dfu_target_mcuboot_init
                0x0000000000025d3c       0x88 modules/nrf/subsys/dfu/lib..__nrf__subsys__dfu.a(dfu_target_mcuboot.c.obj)
                0x0000000000025d3c                dfu_target_mcuboot_init
 .text.dfu_target_mcuboot_offset_get
                0x0000000000025dc4       0x14 modules/nrf/subsys/dfu/lib..__nrf__subsys__dfu.a(dfu_target_mcuboot.c.obj)
                0x0000000000025dc4                dfu_target_mcuboot_offset_get
 .text.dfu_target_mcuboot_write
                0x0000000000025dd8       0x3c modules/nrf/subsys/dfu/lib..__nrf__subsys__dfu.a(dfu_target_mcuboot.c.obj)
                0x0000000000025dd8                dfu_target_mcuboot_write
 .text.dfu_target_mcuboot_done
                0x0000000000025e14       0x60 modules/nrf/subsys/dfu/lib..__nrf__subsys__dfu.a(dfu_target_mcuboot.c.obj)
                0x0000000000025e14                dfu_target_mcuboot_done
 .text.check_ext_api_requests
                0x0000000000025e74       0x9c modules/nrf/subsys/fw_info/lib..__nrf__subsys__fw_info.a(fw_info.c.obj)
 .text.rpc_logobj_client_evt_handler
                0x0000000000025f10       0x10 /Users/aaarcr/ncs/nrfxlib/bsdlib/lib/cortex-m33/hard-float/libbsd_nrf9160_xxaa.a(rpc_logobj_client.c.o)
 .text.rpc_logobj_client_init
                0x0000000000025f20        0xc /Users/aaarcr/ncs/nrfxlib/bsdlib/lib/cortex-m33/hard-float/libbsd_nrf9160_xxaa.a(rpc_logobj_client.c.o)
                0x0000000000025f20                rpc_logobj_client_init
 .text.rpc_logobj_client_request_alloc
                0x0000000000025f2c       0x30 /Users/aaarcr/ncs/nrfxlib/bsdlib/lib/cortex-m33/hard-float/libbsd_nrf9160_xxaa.a(rpc_logobj_client.c.o)
                0x0000000000025f2c                rpc_logobj_client_request_alloc
 .text.rpc_logobj_client_request_send
                0x0000000000025f5c       0x2c /Users/aaarcr/ncs/nrfxlib/bsdlib/lib/cortex-m33/hard-float/libbsd_nrf9160_xxaa.a(rpc_logobj_client.c.o)
                0x0000000000025f5c                rpc_logobj_client_request_send
 .text.rpc_logobj_client_message_free
                0x0000000000025f88       0x10 /Users/aaarcr/ncs/nrfxlib/bsdlib/lib/cortex-m33/hard-float/libbsd_nrf9160_xxaa.a(rpc_logobj_client.c.o)
                0x0000000000025f88                rpc_logobj_client_message_free
 .text.rpc_logobj_client_data_free
                0x0000000000025f98       0x10 /Users/aaarcr/ncs/nrfxlib/bsdlib/lib/cortex-m33/hard-float/libbsd_nrf9160_xxaa.a(rpc_logobj_client.c.o)
                0x0000000000025f98                rpc_logobj_client_data_free
 .text.packet_free_cb
                0x0000000000025fa8       0x18 /Users/aaarcr/ncs/nrfxlib/bsdlib/lib/cortex-m33/hard-float/libbsd_nrf9160_xxaa.a(logobj_interface.c.o)
 .text.logobj_event_handler
                0x0000000000025fc0       0xfc /Users/aaarcr/ncs/nrfxlib/bsdlib/lib/cortex-m33/hard-float/libbsd_nrf9160_xxaa.a(logobj_interface.c.o)
                0x0000000000025fc0                logobj_event_handler
 .text.logobj_interface_init
                0x00000000000260bc       0x34 /Users/aaarcr/ncs/nrfxlib/bsdlib/lib/cortex-m33/hard-float/libbsd_nrf9160_xxaa.a(logobj_interface.c.o)
                0x00000000000260bc                logobj_interface_init
 .text.logobj_interface_open
                0x00000000000260f0      0x150 /Users/aaarcr/ncs/nrfxlib/bsdlib/lib/cortex-m33/hard-float/libbsd_nrf9160_xxaa.a(logobj_interface.c.o)
                0x00000000000260f0                logobj_interface_open
 .text.logobj_interface_read
                0x0000000000026240       0xf4 /Users/aaarcr/ncs/nrfxlib/bsdlib/lib/cortex-m33/hard-float/libbsd_nrf9160_xxaa.a(logobj_interface.c.o)
                0x0000000000026240                logobj_interface_read
 .text.logobj_interface_write
                0x0000000000026334      0x10c /Users/aaarcr/ncs/nrfxlib/bsdlib/lib/cortex-m33/hard-float/libbsd_nrf9160_xxaa.a(logobj_interface.c.o)
                0x0000000000026334                logobj_interface_write
 .text.logobj_interface_setopt
                0x0000000000026440      0x19c /Users/aaarcr/ncs/nrfxlib/bsdlib/lib/cortex-m33/hard-float/libbsd_nrf9160_xxaa.a(logobj_interface.c.o)
                0x0000000000026440                logobj_interface_setopt
 .text.logobj_interface_getopt
                0x00000000000265dc       0xa4 /Users/aaarcr/ncs/nrfxlib/bsdlib/lib/cortex-m33/hard-float/libbsd_nrf9160_xxaa.a(logobj_interface.c.o)
                0x00000000000265dc                logobj_interface_getopt
 .text.logobj_interface_close
                0x0000000000026680       0x2c /Users/aaarcr/ncs/nrfxlib/bsdlib/lib/cortex-m33/hard-float/libbsd_nrf9160_xxaa.a(logobj_interface.c.o)
                0x0000000000026680                logobj_interface_close
 .text.packet_free_cb
                0x00000000000266ac        0x8 /Users/aaarcr/ncs/nrfxlib/bsdlib/lib/cortex-m33/hard-float/libbsd_nrf9160_xxaa.a(at_interface.c.o)
 .text.at_interface_write
                0x00000000000266b4       0xd8 /Users/aaarcr/ncs/nrfxlib/bsdlib/lib/cortex-m33/hard-float/libbsd_nrf9160_xxaa.a(at_interface.c.o)
                0x00000000000266b4                at_interface_write
 .text.at_interface_init
                0x000000000002678c        0x4 /Users/aaarcr/ncs/nrfxlib/bsdlib/lib/cortex-m33/hard-float/libbsd_nrf9160_xxaa.a(at_interface.c.o)
                0x000000000002678c                at_interface_init
 .text.at_interface_open
                0x0000000000026790       0x9c /Users/aaarcr/ncs/nrfxlib/bsdlib/lib/cortex-m33/hard-float/libbsd_nrf9160_xxaa.a(at_interface.c.o)
                0x0000000000026790                at_interface_open
 .text.at_interface_close
                0x000000000002682c       0x90 /Users/aaarcr/ncs/nrfxlib/bsdlib/lib/cortex-m33/hard-float/libbsd_nrf9160_xxaa.a(at_interface.c.o)
                0x000000000002682c                at_interface_close
 .text.at_interface_read
                0x00000000000268bc       0xa8 /Users/aaarcr/ncs/nrfxlib/bsdlib/lib/cortex-m33/hard-float/libbsd_nrf9160_xxaa.a(at_interface.c.o)
                0x00000000000268bc                at_interface_read
 .text.at_interface_getopt
                0x0000000000026964        0x4 /Users/aaarcr/ncs/nrfxlib/bsdlib/lib/cortex-m33/hard-float/libbsd_nrf9160_xxaa.a(at_interface.c.o)
                0x0000000000026964                at_interface_getopt
 .text.at_interface_setopt
                0x0000000000026968        0x4 /Users/aaarcr/ncs/nrfxlib/bsdlib/lib/cortex-m33/hard-float/libbsd_nrf9160_xxaa.a(at_interface.c.o)
                0x0000000000026968                at_interface_setopt
 .text.rpc_at_event_handler
                0x000000000002696c       0xa4 /Users/aaarcr/ncs/nrfxlib/bsdlib/lib/cortex-m33/hard-float/libbsd_nrf9160_xxaa.a(at_interface.c.o)
                0x000000000002696c                rpc_at_event_handler
 .text.dfu_client_event_handler
                0x0000000000026a10        0xc /Users/aaarcr/ncs/nrfxlib/bsdlib/lib/cortex-m33/hard-float/libbsd_nrf9160_xxaa.a(rpc_dfu_client.c.o)
 .text.rpc_dfu_client_init
                0x0000000000026a1c        0xc /Users/aaarcr/ncs/nrfxlib/bsdlib/lib/cortex-m33/hard-float/libbsd_nrf9160_xxaa.a(rpc_dfu_client.c.o)
                0x0000000000026a1c                rpc_dfu_client_init
 .text.rpc_dfu_client_request_alloc
                0x0000000000026a28       0x28 /Users/aaarcr/ncs/nrfxlib/bsdlib/lib/cortex-m33/hard-float/libbsd_nrf9160_xxaa.a(rpc_dfu_client.c.o)
                0x0000000000026a28                rpc_dfu_client_request_alloc
 .text.rpc_dfu_client_request_send
                0x0000000000026a50       0x28 /Users/aaarcr/ncs/nrfxlib/bsdlib/lib/cortex-m33/hard-float/libbsd_nrf9160_xxaa.a(rpc_dfu_client.c.o)
                0x0000000000026a50                rpc_dfu_client_request_send
 .text.rpc_dfu_client_message_free
                0x0000000000026a78       0x10 /Users/aaarcr/ncs/nrfxlib/bsdlib/lib/cortex-m33/hard-float/libbsd_nrf9160_xxaa.a(rpc_dfu_client.c.o)
                0x0000000000026a78                rpc_dfu_client_message_free
 .text.rpc_dfu_client_data_free
                0x0000000000026a88       0x10 /Users/aaarcr/ncs/nrfxlib/bsdlib/lib/cortex-m33/hard-float/libbsd_nrf9160_xxaa.a(rpc_dfu_client.c.o)
                0x0000000000026a88                rpc_dfu_client_data_free
 .text.mem_free
                0x0000000000026a98       0xd8 /Users/aaarcr/ncs/nrfxlib/bsdlib/lib/cortex-m33/hard-float/libbsd_nrf9160_xxaa.a(mem_manager.c.o)
 .text.mem_alloc.constprop.5
                0x0000000000026b70      0x1c8 /Users/aaarcr/ncs/nrfxlib/bsdlib/lib/cortex-m33/hard-float/libbsd_nrf9160_xxaa.a(mem_manager.c.o)
 .text.mem_alloc.constprop.4
                0x0000000000026d38      0x1c0 /Users/aaarcr/ncs/nrfxlib/bsdlib/lib/cortex-m33/hard-float/libbsd_nrf9160_xxaa.a(mem_manager.c.o)
 .text.nrf_mem_init
                0x0000000000026ef8       0xe8 /Users/aaarcr/ncs/nrfxlib/bsdlib/lib/cortex-m33/hard-float/libbsd_nrf9160_xxaa.a(mem_manager.c.o)
                0x0000000000026ef8                nrf_mem_init
 .text.nrf_mem_register
                0x0000000000026fe0      0x234 /Users/aaarcr/ncs/nrfxlib/bsdlib/lib/cortex-m33/hard-float/libbsd_nrf9160_xxaa.a(mem_manager.c.o)
                0x0000000000026fe0                nrf_mem_register
 .text.nrf_malloc
                0x0000000000027214       0x14 /Users/aaarcr/ncs/nrfxlib/bsdlib/lib/cortex-m33/hard-float/libbsd_nrf9160_xxaa.a(mem_manager.c.o)
                0x0000000000027214                nrf_malloc
 .text.nrf_free
                0x0000000000027228       0x18 /Users/aaarcr/ncs/nrfxlib/bsdlib/lib/cortex-m33/hard-float/libbsd_nrf9160_xxaa.a(mem_manager.c.o)
                0x0000000000027228                nrf_free
 .text.nrf_shared_malloc
                0x0000000000027240       0x14 /Users/aaarcr/ncs/nrfxlib/bsdlib/lib/cortex-m33/hard-float/libbsd_nrf9160_xxaa.a(mem_manager.c.o)
                0x0000000000027240                nrf_shared_malloc
 .text.nrf_shared_free
                0x0000000000027254       0x18 /Users/aaarcr/ncs/nrfxlib/bsdlib/lib/cortex-m33/hard-float/libbsd_nrf9160_xxaa.a(mem_manager.c.o)
                0x0000000000027254                nrf_shared_free
 .text.ip_client_event_handler
                0x000000000002726c        0xc /Users/aaarcr/ncs/nrfxlib/bsdlib/lib/cortex-m33/hard-float/libbsd_nrf9160_xxaa.a(rpc_ip_client.c.o)
 .text.rpc_ip_client_init
                0x0000000000027278        0xc /Users/aaarcr/ncs/nrfxlib/bsdlib/lib/cortex-m33/hard-float/libbsd_nrf9160_xxaa.a(rpc_ip_client.c.o)
                0x0000000000027278                rpc_ip_client_init
 .text.rpc_ip_client_request_alloc
                0x0000000000027284       0x28 /Users/aaarcr/ncs/nrfxlib/bsdlib/lib/cortex-m33/hard-float/libbsd_nrf9160_xxaa.a(rpc_ip_client.c.o)
                0x0000000000027284                rpc_ip_client_request_alloc
 .text.rpc_ip_client_request_send
                0x00000000000272ac       0x2c /Users/aaarcr/ncs/nrfxlib/bsdlib/lib/cortex-m33/hard-float/libbsd_nrf9160_xxaa.a(rpc_ip_client.c.o)
                0x00000000000272ac                rpc_ip_client_request_send
 .text.rpc_ip_client_message_free
                0x00000000000272d8       0x10 /Users/aaarcr/ncs/nrfxlib/bsdlib/lib/cortex-m33/hard-float/libbsd_nrf9160_xxaa.a(rpc_ip_client.c.o)
                0x00000000000272d8                rpc_ip_client_message_free
 .text.rpc_ip_client_data_free
                0x00000000000272e8       0x10 /Users/aaarcr/ncs/nrfxlib/bsdlib/lib/cortex-m33/hard-float/libbsd_nrf9160_xxaa.a(rpc_ip_client.c.o)
                0x00000000000272e8                rpc_ip_client_data_free
 .text.secure_client_socket
                0x00000000000272f8      0x12c /Users/aaarcr/ncs/nrfxlib/bsdlib/lib/cortex-m33/hard-float/libbsd_nrf9160_xxaa.a(tls_interface.c.o)
 .text.tls_interface_init
                0x0000000000027424        0x4 /Users/aaarcr/ncs/nrfxlib/bsdlib/lib/cortex-m33/hard-float/libbsd_nrf9160_xxaa.a(tls_interface.c.o)
                0x0000000000027424                tls_interface_init
 .text.tls_interface_open
                0x0000000000027428       0x84 /Users/aaarcr/ncs/nrfxlib/bsdlib/lib/cortex-m33/hard-float/libbsd_nrf9160_xxaa.a(tls_interface.c.o)
                0x0000000000027428                tls_interface_open
 .text.tls_interface_close
                0x00000000000274ac       0x3c /Users/aaarcr/ncs/nrfxlib/bsdlib/lib/cortex-m33/hard-float/libbsd_nrf9160_xxaa.a(tls_interface.c.o)
                0x00000000000274ac                tls_interface_close
 .text.tls_interface_sendto
                0x00000000000274e8       0xb0 /Users/aaarcr/ncs/nrfxlib/bsdlib/lib/cortex-m33/hard-float/libbsd_nrf9160_xxaa.a(tls_interface.c.o)
                0x00000000000274e8                tls_interface_sendto
 .text.tls_interface_recvfrom
                0x0000000000027598       0x94 /Users/aaarcr/ncs/nrfxlib/bsdlib/lib/cortex-m33/hard-float/libbsd_nrf9160_xxaa.a(tls_interface.c.o)
                0x0000000000027598                tls_interface_recvfrom
 .text.tls_interface_bind
                0x000000000002762c       0xfc /Users/aaarcr/ncs/nrfxlib/bsdlib/lib/cortex-m33/hard-float/libbsd_nrf9160_xxaa.a(tls_interface.c.o)
                0x000000000002762c                tls_interface_bind
 .text.tls_interface_connect
                0x0000000000027728       0x60 /Users/aaarcr/ncs/nrfxlib/bsdlib/lib/cortex-m33/hard-float/libbsd_nrf9160_xxaa.a(tls_interface.c.o)
                0x0000000000027728                tls_interface_connect
 .text.tls_interface_listen
                0x0000000000027788      0x114 /Users/aaarcr/ncs/nrfxlib/bsdlib/lib/cortex-m33/hard-float/libbsd_nrf9160_xxaa.a(tls_interface.c.o)
                0x0000000000027788                tls_interface_listen
 .text.tls_interface_accept
                0x000000000002789c       0xa0 /Users/aaarcr/ncs/nrfxlib/bsdlib/lib/cortex-m33/hard-float/libbsd_nrf9160_xxaa.a(tls_interface.c.o)
                0x000000000002789c                tls_interface_accept
 .text.tls_interface_setopt
                0x000000000002793c      0x148 /Users/aaarcr/ncs/nrfxlib/bsdlib/lib/cortex-m33/hard-float/libbsd_nrf9160_xxaa.a(tls_interface.c.o)
                0x000000000002793c                tls_interface_setopt
 .text.tls_interface_getopt
                0x0000000000027a84       0xd4 /Users/aaarcr/ncs/nrfxlib/bsdlib/lib/cortex-m33/hard-float/libbsd_nrf9160_xxaa.a(tls_interface.c.o)
                0x0000000000027a84                tls_interface_getopt
 .text.tls_rpc_ip_event_handler
                0x0000000000027b58      0x10c /Users/aaarcr/ncs/nrfxlib/bsdlib/lib/cortex-m33/hard-float/libbsd_nrf9160_xxaa.a(tls_interface.c.o)
                0x0000000000027b58                tls_rpc_ip_event_handler
 .text.rpc_dfu_event_handler
                0x0000000000027c64       0x2c /Users/aaarcr/ncs/nrfxlib/bsdlib/lib/cortex-m33/hard-float/libbsd_nrf9160_xxaa.a(mfu_interface.c.o)
                0x0000000000027c64                rpc_dfu_event_handler
 .text.mfu_interface_init
                0x0000000000027c90       0x38 /Users/aaarcr/ncs/nrfxlib/bsdlib/lib/cortex-m33/hard-float/libbsd_nrf9160_xxaa.a(mfu_interface.c.o)
                0x0000000000027c90                mfu_interface_init
 .text.mfu_interface_open
                0x0000000000027cc8       0x28 /Users/aaarcr/ncs/nrfxlib/bsdlib/lib/cortex-m33/hard-float/libbsd_nrf9160_xxaa.a(mfu_interface.c.o)
                0x0000000000027cc8                mfu_interface_open
 .text.mfu_interface_close
                0x0000000000027cf0       0xdc /Users/aaarcr/ncs/nrfxlib/bsdlib/lib/cortex-m33/hard-float/libbsd_nrf9160_xxaa.a(mfu_interface.c.o)
                0x0000000000027cf0                mfu_interface_close
 .text.mfu_interface_sendto
                0x0000000000027dcc      0x1ac /Users/aaarcr/ncs/nrfxlib/bsdlib/lib/cortex-m33/hard-float/libbsd_nrf9160_xxaa.a(mfu_interface.c.o)
                0x0000000000027dcc                mfu_interface_sendto
 .text.mfu_interface_setopt
                0x0000000000027f78      0x130 /Users/aaarcr/ncs/nrfxlib/bsdlib/lib/cortex-m33/hard-float/libbsd_nrf9160_xxaa.a(mfu_interface.c.o)
                0x0000000000027f78                mfu_interface_setopt
 .text.mfu_interface_getopt
                0x00000000000280a8      0x1b0 /Users/aaarcr/ncs/nrfxlib/bsdlib/lib/cortex-m33/hard-float/libbsd_nrf9160_xxaa.a(mfu_interface.c.o)
                0x00000000000280a8                mfu_interface_getopt
 .text.bsd_platform_error_handler
                0x0000000000028258        0x8 /Users/aaarcr/ncs/nrfxlib/bsdlib/lib/cortex-m33/hard-float/libbsd_nrf9160_xxaa.a(bsd.c.o)
                0x0000000000028258                bsd_platform_error_handler
 .text.bsd_init
                0x0000000000028260       0x20 /Users/aaarcr/ncs/nrfxlib/bsdlib/lib/cortex-m33/hard-float/libbsd_nrf9160_xxaa.a(bsd.c.o)
                0x0000000000028260                bsd_init
 .text.unimplemented_method
                0x0000000000028280       0x18 /Users/aaarcr/ncs/nrfxlib/bsdlib/lib/cortex-m33/hard-float/libbsd_nrf9160_xxaa.a(bsd_platform.c.o)
 .text.rpc_transport_ipc_fault_handler
                0x0000000000028298        0x4 /Users/aaarcr/ncs/nrfxlib/bsdlib/lib/cortex-m33/hard-float/libbsd_nrf9160_xxaa.a(bsd_platform.c.o)
                0x0000000000028298                rpc_transport_ipc_fault_handler
 .text.bsd_platform_init
                0x000000000002829c       0xcc /Users/aaarcr/ncs/nrfxlib/bsdlib/lib/cortex-m33/hard-float/libbsd_nrf9160_xxaa.a(bsd_platform.c.o)
                0x000000000002829c                bsd_platform_init
 .text.bsd_platform_af_method_table_get
                0x0000000000028368       0xb0 /Users/aaarcr/ncs/nrfxlib/bsdlib/lib/cortex-m33/hard-float/libbsd_nrf9160_xxaa.a(bsd_platform.c.o)
                0x0000000000028368                bsd_platform_af_method_table_get
 .text.bsd_platform_fd_method_table_get
                0x0000000000028418       0xec /Users/aaarcr/ncs/nrfxlib/bsdlib/lib/cortex-m33/hard-float/libbsd_nrf9160_xxaa.a(bsd_platform.c.o)
                0x0000000000028418                bsd_platform_fd_method_table_get
 .text.bsd_platform_getaddrinfo
                0x0000000000028504        0x4 /Users/aaarcr/ncs/nrfxlib/bsdlib/lib/cortex-m33/hard-float/libbsd_nrf9160_xxaa.a(bsd_platform_util.c.o)
                0x0000000000028504                bsd_platform_getaddrinfo
 .text.bsd_platform_freeaddrinfo
                0x0000000000028508        0x4 /Users/aaarcr/ncs/nrfxlib/bsdlib/lib/cortex-m33/hard-float/libbsd_nrf9160_xxaa.a(bsd_platform_util.c.o)
                0x0000000000028508                bsd_platform_freeaddrinfo
 .text.bsd_platform_poll
                0x000000000002850c       0xb4 /Users/aaarcr/ncs/nrfxlib/bsdlib/lib/cortex-m33/hard-float/libbsd_nrf9160_xxaa.a(bsd_platform_util.c.o)
                0x000000000002850c                bsd_platform_poll
 .text.bsd_platform_fcntl
                0x00000000000285c0       0x20 /Users/aaarcr/ncs/nrfxlib/bsdlib/lib/cortex-m33/hard-float/libbsd_nrf9160_xxaa.a(bsd_platform_util.c.o)
                0x00000000000285c0                bsd_platform_fcntl
 .text.ipc_trace_init
                0x00000000000285e0        0xc /Users/aaarcr/ncs/nrfxlib/bsdlib/lib/cortex-m33/hard-float/libbsd_nrf9160_xxaa.a(ipc_trace.c.o)
                0x00000000000285e0                ipc_trace_init
 .text.bsd_os_trace_irq_handler
                0x00000000000285ec      0x1c4 /Users/aaarcr/ncs/nrfxlib/bsdlib/lib/cortex-m33/hard-float/libbsd_nrf9160_xxaa.a(ipc_trace.c.o)
                0x00000000000285ec                bsd_os_trace_irq_handler
 .text.ipc_trace_handle
                0x00000000000287b0      0x2dc /Users/aaarcr/ncs/nrfxlib/bsdlib/lib/cortex-m33/hard-float/libbsd_nrf9160_xxaa.a(ipc_trace.c.o)
                0x00000000000287b0                ipc_trace_handle
 .text.rpc_trace_coredump_in_progress
                0x0000000000028a8c        0xc /Users/aaarcr/ncs/nrfxlib/bsdlib/lib/cortex-m33/hard-float/libbsd_nrf9160_xxaa.a(ipc_trace.c.o)
                0x0000000000028a8c                rpc_trace_coredump_in_progress
 .text.transport_reset
                0x0000000000028a98        0x4 /Users/aaarcr/ncs/nrfxlib/bsdlib/lib/cortex-m33/hard-float/libbsd_nrf9160_xxaa.a(rpc_transport_ipc.c.o)
 .text.transport_data_free
                0x0000000000028a9c       0x38 /Users/aaarcr/ncs/nrfxlib/bsdlib/lib/cortex-m33/hard-float/libbsd_nrf9160_xxaa.a(rpc_transport_ipc.c.o)
 .text.rpc_transport_ipc_init
                0x0000000000028ad4       0x84 /Users/aaarcr/ncs/nrfxlib/bsdlib/lib/cortex-m33/hard-float/libbsd_nrf9160_xxaa.a(rpc_transport_ipc.c.o)
                0x0000000000028ad4                rpc_transport_ipc_init
 .text.rpc_transport_rx_handle
                0x0000000000028b58       0x44 /Users/aaarcr/ncs/nrfxlib/bsdlib/lib/cortex-m33/hard-float/libbsd_nrf9160_xxaa.a(rpc_transport_ipc.c.o)
                0x0000000000028b58                rpc_transport_rx_handle
 .text.rpc_transport_ipc_rx_init
                0x0000000000028b9c      0x240 /Users/aaarcr/ncs/nrfxlib/bsdlib/lib/cortex-m33/hard-float/libbsd_nrf9160_xxaa.a(rpc_transport_ipc_rx.c.o)
                0x0000000000028b9c                rpc_transport_ipc_rx_init
 .text.IPC_IRQHandler
                0x0000000000028ddc      0x3dc /Users/aaarcr/ncs/nrfxlib/bsdlib/lib/cortex-m33/hard-float/libbsd_nrf9160_xxaa.a(rpc_transport_ipc_rx.c.o)
                0x0000000000028ddc                IPC_IRQHandler
 .text.rpc_transport_msg_free
                0x00000000000291b8       0x6c /Users/aaarcr/ncs/nrfxlib/bsdlib/lib/cortex-m33/hard-float/libbsd_nrf9160_xxaa.a(rpc_transport_ipc_rx.c.o)
                0x00000000000291b8                rpc_transport_msg_free
 .text.rpc_transport_ipc_tx_init
                0x0000000000029224      0x1d4 /Users/aaarcr/ncs/nrfxlib/bsdlib/lib/cortex-m33/hard-float/libbsd_nrf9160_xxaa.a(rpc_transport_ipc_tx.c.o)
                0x0000000000029224                rpc_transport_ipc_tx_init
 .text.rpc_transport_ipc_tx_send
                0x00000000000293f8      0x100 /Users/aaarcr/ncs/nrfxlib/bsdlib/lib/cortex-m33/hard-float/libbsd_nrf9160_xxaa.a(rpc_transport_ipc_tx.c.o)
                0x00000000000293f8                rpc_transport_ipc_tx_send
 .text.rpc_transport_ipc_tx_rpc_data_alloc
                0x00000000000294f8       0x70 /Users/aaarcr/ncs/nrfxlib/bsdlib/lib/cortex-m33/hard-float/libbsd_nrf9160_xxaa.a(rpc_transport_ipc_tx.c.o)
                0x00000000000294f8                rpc_transport_ipc_tx_rpc_data_alloc
 .text.rpc_transport_ipc_tx_rpc_ctrl_alloc
                0x0000000000029568       0x60 /Users/aaarcr/ncs/nrfxlib/bsdlib/lib/cortex-m33/hard-float/libbsd_nrf9160_xxaa.a(rpc_transport_ipc_tx.c.o)
                0x0000000000029568                rpc_transport_ipc_tx_rpc_ctrl_alloc
 .text.rpc_transport_ipc_tx_data_alloc
                0x00000000000295c8       0x14 /Users/aaarcr/ncs/nrfxlib/bsdlib/lib/cortex-m33/hard-float/libbsd_nrf9160_xxaa.a(rpc_transport_ipc_tx.c.o)
                0x00000000000295c8                rpc_transport_ipc_tx_data_alloc
 .text.ok_rsp_parser
                0x00000000000295dc        0x4 /Users/aaarcr/ncs/nrfxlib/bsdlib/lib/cortex-m33/hard-float/libbsd_nrf9160_xxaa.a(pdn_interface.c.o)
 .text.pdn_state_get_parser
                0x00000000000295e0       0x6c /Users/aaarcr/ncs/nrfxlib/bsdlib/lib/cortex-m33/hard-float/libbsd_nrf9160_xxaa.a(pdn_interface.c.o)
 .text.pdn_id_get_parser
                0x000000000002964c       0x58 /Users/aaarcr/ncs/nrfxlib/bsdlib/lib/cortex-m33/hard-float/libbsd_nrf9160_xxaa.a(pdn_interface.c.o)
 .text.context_create_parser
                0x00000000000296a4       0x58 /Users/aaarcr/ncs/nrfxlib/bsdlib/lib/cortex-m33/hard-float/libbsd_nrf9160_xxaa.a(pdn_interface.c.o)
 .text.pdn_interface_init
                0x00000000000296fc       0x34 /Users/aaarcr/ncs/nrfxlib/bsdlib/lib/cortex-m33/hard-float/libbsd_nrf9160_xxaa.a(pdn_interface.c.o)
                0x00000000000296fc                pdn_interface_init
 .text.pdn_interface_open
                0x0000000000029730      0x1a4 /Users/aaarcr/ncs/nrfxlib/bsdlib/lib/cortex-m33/hard-float/libbsd_nrf9160_xxaa.a(pdn_interface.c.o)
                0x0000000000029730                pdn_interface_open
 .text.pdn_interface_connect
                0x00000000000298d4      0x300 /Users/aaarcr/ncs/nrfxlib/bsdlib/lib/cortex-m33/hard-float/libbsd_nrf9160_xxaa.a(pdn_interface.c.o)
                0x00000000000298d4                pdn_interface_connect
 .text.pdn_interface_close
                0x0000000000029bd4      0x1bc /Users/aaarcr/ncs/nrfxlib/bsdlib/lib/cortex-m33/hard-float/libbsd_nrf9160_xxaa.a(pdn_interface.c.o)
                0x0000000000029bd4                pdn_interface_close
 .text.pdn_interface_setopt
                0x0000000000029d90       0xb0 /Users/aaarcr/ncs/nrfxlib/bsdlib/lib/cortex-m33/hard-float/libbsd_nrf9160_xxaa.a(pdn_interface.c.o)
                0x0000000000029d90                pdn_interface_setopt
 .text.pdn_interface_getopt
                0x0000000000029e40      0x198 /Users/aaarcr/ncs/nrfxlib/bsdlib/lib/cortex-m33/hard-float/libbsd_nrf9160_xxaa.a(pdn_interface.c.o)
                0x0000000000029e40                pdn_interface_getopt
 .text.pdn_interface_pdn_id_get
                0x0000000000029fd8      0x7b4 /Users/aaarcr/ncs/nrfxlib/bsdlib/lib/cortex-m33/hard-float/libbsd_nrf9160_xxaa.a(pdn_interface.c.o)
                0x0000000000029fd8                pdn_interface_pdn_id_get
 .text.linked_list_init
                0x000000000002a78c       0x14 /Users/aaarcr/ncs/nrfxlib/bsdlib/lib/cortex-m33/hard-float/libbsd_nrf9160_xxaa.a(linked_list.c.o)
                0x000000000002a78c                linked_list_init
 .text.linked_list_push
                0x000000000002a7a0       0x2c /Users/aaarcr/ncs/nrfxlib/bsdlib/lib/cortex-m33/hard-float/libbsd_nrf9160_xxaa.a(linked_list.c.o)
                0x000000000002a7a0                linked_list_push
 .text.linked_list_pop
                0x000000000002a7cc       0x14 /Users/aaarcr/ncs/nrfxlib/bsdlib/lib/cortex-m33/hard-float/libbsd_nrf9160_xxaa.a(linked_list.c.o)
                0x000000000002a7cc                linked_list_pop
 .text.linked_list_peek
                0x000000000002a7e0        0xc /Users/aaarcr/ncs/nrfxlib/bsdlib/lib/cortex-m33/hard-float/libbsd_nrf9160_xxaa.a(linked_list.c.o)
                0x000000000002a7e0                linked_list_peek
 .text.linked_list_size_get
                0x000000000002a7ec        0x4 /Users/aaarcr/ncs/nrfxlib/bsdlib/lib/cortex-m33/hard-float/libbsd_nrf9160_xxaa.a(linked_list.c.o)
                0x000000000002a7ec                linked_list_size_get
 .text.linked_list_get_next
                0x000000000002a7f0        0x4 /Users/aaarcr/ncs/nrfxlib/bsdlib/lib/cortex-m33/hard-float/libbsd_nrf9160_xxaa.a(linked_list.c.o)
                0x000000000002a7f0                linked_list_get_next
 .text.nrf_socket
                0x000000000002a7f4       0x24 /Users/aaarcr/ncs/nrfxlib/bsdlib/lib/cortex-m33/hard-float/libbsd_nrf9160_xxaa.a(socket.c.o)
                0x000000000002a7f4                nrf_socket
 .text.nrf_close
                0x000000000002a818       0x1c /Users/aaarcr/ncs/nrfxlib/bsdlib/lib/cortex-m33/hard-float/libbsd_nrf9160_xxaa.a(socket.c.o)
                0x000000000002a818                nrf_close
 .text.nrf_sendto
                0x000000000002a834       0x38 /Users/aaarcr/ncs/nrfxlib/bsdlib/lib/cortex-m33/hard-float/libbsd_nrf9160_xxaa.a(socket.c.o)
                0x000000000002a834                nrf_sendto
 .text.nrf_send
                0x000000000002a86c       0x34 /Users/aaarcr/ncs/nrfxlib/bsdlib/lib/cortex-m33/hard-float/libbsd_nrf9160_xxaa.a(socket.c.o)
                0x000000000002a86c                nrf_send
 .text.nrf_recvfrom
                0x000000000002a8a0       0x38 /Users/aaarcr/ncs/nrfxlib/bsdlib/lib/cortex-m33/hard-float/libbsd_nrf9160_xxaa.a(socket.c.o)
                0x000000000002a8a0                nrf_recvfrom
 .text.nrf_recv
                0x000000000002a8d8       0x34 /Users/aaarcr/ncs/nrfxlib/bsdlib/lib/cortex-m33/hard-float/libbsd_nrf9160_xxaa.a(socket.c.o)
                0x000000000002a8d8                nrf_recv
 .text.nrf_connect
                0x000000000002a90c       0x24 /Users/aaarcr/ncs/nrfxlib/bsdlib/lib/cortex-m33/hard-float/libbsd_nrf9160_xxaa.a(socket.c.o)
                0x000000000002a90c                nrf_connect
 .text.nrf_listen
                0x000000000002a930       0x20 /Users/aaarcr/ncs/nrfxlib/bsdlib/lib/cortex-m33/hard-float/libbsd_nrf9160_xxaa.a(socket.c.o)
                0x000000000002a930                nrf_listen
 .text.nrf_accept
                0x000000000002a950       0x2c /Users/aaarcr/ncs/nrfxlib/bsdlib/lib/cortex-m33/hard-float/libbsd_nrf9160_xxaa.a(socket.c.o)
                0x000000000002a950                nrf_accept
 .text.nrf_bind
                0x000000000002a97c       0x24 /Users/aaarcr/ncs/nrfxlib/bsdlib/lib/cortex-m33/hard-float/libbsd_nrf9160_xxaa.a(socket.c.o)
                0x000000000002a97c                nrf_bind
 .text.nrf_setsockopt
                0x000000000002a9a0       0x38 /Users/aaarcr/ncs/nrfxlib/bsdlib/lib/cortex-m33/hard-float/libbsd_nrf9160_xxaa.a(socket.c.o)
                0x000000000002a9a0                nrf_setsockopt
 .text.nrf_getsockopt
                0x000000000002a9d8       0x38 /Users/aaarcr/ncs/nrfxlib/bsdlib/lib/cortex-m33/hard-float/libbsd_nrf9160_xxaa.a(socket.c.o)
                0x000000000002a9d8                nrf_getsockopt
 .text.nrf_getaddrinfo
                0x000000000002aa10        0x4 /Users/aaarcr/ncs/nrfxlib/bsdlib/lib/cortex-m33/hard-float/libbsd_nrf9160_xxaa.a(socket.c.o)
                0x000000000002aa10                nrf_getaddrinfo
 .text.nrf_freeaddrinfo
                0x000000000002aa14        0x4 /Users/aaarcr/ncs/nrfxlib/bsdlib/lib/cortex-m33/hard-float/libbsd_nrf9160_xxaa.a(socket.c.o)
                0x000000000002aa14                nrf_freeaddrinfo
 .text.nrf_poll
                0x000000000002aa18        0x4 /Users/aaarcr/ncs/nrfxlib/bsdlib/lib/cortex-m33/hard-float/libbsd_nrf9160_xxaa.a(socket.c.o)
                0x000000000002aa18                nrf_poll
 .text.nrf_fcntl
                0x000000000002aa1c        0x4 /Users/aaarcr/ncs/nrfxlib/bsdlib/lib/cortex-m33/hard-float/libbsd_nrf9160_xxaa.a(socket.c.o)
                0x000000000002aa1c                nrf_fcntl
 .text.at_client_evt_handler
                0x000000000002aa20       0x10 /Users/aaarcr/ncs/nrfxlib/bsdlib/lib/cortex-m33/hard-float/libbsd_nrf9160_xxaa.a(rpc_at_client.c.o)
 .text.rpc_at_client_init
                0x000000000002aa30        0xc /Users/aaarcr/ncs/nrfxlib/bsdlib/lib/cortex-m33/hard-float/libbsd_nrf9160_xxaa.a(rpc_at_client.c.o)
                0x000000000002aa30                rpc_at_client_init
 .text.rpc_at_client_request_alloc
                0x000000000002aa3c       0x28 /Users/aaarcr/ncs/nrfxlib/bsdlib/lib/cortex-m33/hard-float/libbsd_nrf9160_xxaa.a(rpc_at_client.c.o)
                0x000000000002aa3c                rpc_at_client_request_alloc
 .text.rpc_at_client_request_send
                0x000000000002aa64       0x1c /Users/aaarcr/ncs/nrfxlib/bsdlib/lib/cortex-m33/hard-float/libbsd_nrf9160_xxaa.a(rpc_at_client.c.o)
                0x000000000002aa64                rpc_at_client_request_send
 .text.rpc_at_client_message_free
                0x000000000002aa80       0x10 /Users/aaarcr/ncs/nrfxlib/bsdlib/lib/cortex-m33/hard-float/libbsd_nrf9160_xxaa.a(rpc_at_client.c.o)
                0x000000000002aa80                rpc_at_client_message_free
 .text.rpc_at_client_data_free
                0x000000000002aa90       0x10 /Users/aaarcr/ncs/nrfxlib/bsdlib/lib/cortex-m33/hard-float/libbsd_nrf9160_xxaa.a(rpc_at_client.c.o)
                0x000000000002aa90                rpc_at_client_data_free
 .text.ip_recvd_packet_free_cb
                0x000000000002aaa0       0x18 /Users/aaarcr/ncs/nrfxlib/bsdlib/lib/cortex-m33/hard-float/libbsd_nrf9160_xxaa.a(ip_interface.c.o)
 .text.rpc_error_to_nrf_bsd_error
                0x000000000002aab8       0x14 /Users/aaarcr/ncs/nrfxlib/bsdlib/lib/cortex-m33/hard-float/libbsd_nrf9160_xxaa.a(ip_interface.c.o)
                0x000000000002aab8                rpc_error_to_nrf_bsd_error
 .text.ip_interface_request_create
                0x000000000002aacc       0x40 /Users/aaarcr/ncs/nrfxlib/bsdlib/lib/cortex-m33/hard-float/libbsd_nrf9160_xxaa.a(ip_interface.c.o)
                0x000000000002aacc                ip_interface_request_create
 .text.ip_interface_request_send
                0x000000000002ab0c       0x28 /Users/aaarcr/ncs/nrfxlib/bsdlib/lib/cortex-m33/hard-float/libbsd_nrf9160_xxaa.a(ip_interface.c.o)
                0x000000000002ab0c                ip_interface_request_send
 .text.ip_interface_wait
                0x000000000002ab34       0x28 /Users/aaarcr/ncs/nrfxlib/bsdlib/lib/cortex-m33/hard-float/libbsd_nrf9160_xxaa.a(ip_interface.c.o)
                0x000000000002ab34                ip_interface_wait
 .text.ip_interface_init
                0x000000000002ab5c       0x30 /Users/aaarcr/ncs/nrfxlib/bsdlib/lib/cortex-m33/hard-float/libbsd_nrf9160_xxaa.a(ip_interface.c.o)
                0x000000000002ab5c                ip_interface_init
 .text.ip_interface_open
                0x000000000002ab8c      0x164 /Users/aaarcr/ncs/nrfxlib/bsdlib/lib/cortex-m33/hard-float/libbsd_nrf9160_xxaa.a(ip_interface.c.o)
                0x000000000002ab8c                ip_interface_open
 .text.ip_interface_close
                0x000000000002acf0       0xe0 /Users/aaarcr/ncs/nrfxlib/bsdlib/lib/cortex-m33/hard-float/libbsd_nrf9160_xxaa.a(ip_interface.c.o)
                0x000000000002acf0                ip_interface_close
 .text.ip_interface_sendto
                0x000000000002add0      0x2f0 /Users/aaarcr/ncs/nrfxlib/bsdlib/lib/cortex-m33/hard-float/libbsd_nrf9160_xxaa.a(ip_interface.c.o)
                0x000000000002add0                ip_interface_sendto
 .text.ip_interface_recvfrom
                0x000000000002b0c0      0x268 /Users/aaarcr/ncs/nrfxlib/bsdlib/lib/cortex-m33/hard-float/libbsd_nrf9160_xxaa.a(ip_interface.c.o)
                0x000000000002b0c0                ip_interface_recvfrom
 .text.ip_interface_connect
                0x000000000002b328      0x174 /Users/aaarcr/ncs/nrfxlib/bsdlib/lib/cortex-m33/hard-float/libbsd_nrf9160_xxaa.a(ip_interface.c.o)
                0x000000000002b328                ip_interface_connect
 .text.ip_interface_bind
                0x000000000002b49c      0x140 /Users/aaarcr/ncs/nrfxlib/bsdlib/lib/cortex-m33/hard-float/libbsd_nrf9160_xxaa.a(ip_interface.c.o)
                0x000000000002b49c                ip_interface_bind
 .text.ip_interface_listen
                0x000000000002b5dc       0xec /Users/aaarcr/ncs/nrfxlib/bsdlib/lib/cortex-m33/hard-float/libbsd_nrf9160_xxaa.a(ip_interface.c.o)
                0x000000000002b5dc                ip_interface_listen
 .text.ip_interface_accept
                0x000000000002b6c8      0x270 /Users/aaarcr/ncs/nrfxlib/bsdlib/lib/cortex-m33/hard-float/libbsd_nrf9160_xxaa.a(ip_interface.c.o)
                0x000000000002b6c8                ip_interface_accept
 .text.ip_interface_setopt
                0x000000000002b938      0x178 /Users/aaarcr/ncs/nrfxlib/bsdlib/lib/cortex-m33/hard-float/libbsd_nrf9160_xxaa.a(ip_interface.c.o)
                0x000000000002b938                ip_interface_setopt
 .text.ip_interface_getopt
                0x000000000002bab0        0x4 /Users/aaarcr/ncs/nrfxlib/bsdlib/lib/cortex-m33/hard-float/libbsd_nrf9160_xxaa.a(ip_interface.c.o)
                0x000000000002bab0                ip_interface_getopt
 .text.ip_interface_getaddrinfo
                0x000000000002bab4      0x1ec /Users/aaarcr/ncs/nrfxlib/bsdlib/lib/cortex-m33/hard-float/libbsd_nrf9160_xxaa.a(ip_interface.c.o)
                0x000000000002bab4                ip_interface_getaddrinfo
 .text.ip_interface_freeaddrinfo
                0x000000000002bca0       0x3c /Users/aaarcr/ncs/nrfxlib/bsdlib/lib/cortex-m33/hard-float/libbsd_nrf9160_xxaa.a(ip_interface.c.o)
                0x000000000002bca0                ip_interface_freeaddrinfo
 .text.rpc_ip_event_handler
                0x000000000002bcdc      0x50c /Users/aaarcr/ncs/nrfxlib/bsdlib/lib/cortex-m33/hard-float/libbsd_nrf9160_xxaa.a(ip_interface.c.o)
                0x000000000002bcdc                rpc_ip_event_handler
 .text.interface_init
                0x000000000002c1e8       0x18 /Users/aaarcr/ncs/nrfxlib/bsdlib/lib/cortex-m33/hard-float/libbsd_nrf9160_xxaa.a(interface.c.o)
                0x000000000002c1e8                interface_init
 .text.interface_socket_allocate
                0x000000000002c200       0xc8 /Users/aaarcr/ncs/nrfxlib/bsdlib/lib/cortex-m33/hard-float/libbsd_nrf9160_xxaa.a(interface.c.o)
                0x000000000002c200                interface_socket_allocate
 .text.interface_socket_free
                0x000000000002c2c8       0x2c /Users/aaarcr/ncs/nrfxlib/bsdlib/lib/cortex-m33/hard-float/libbsd_nrf9160_xxaa.a(interface.c.o)
                0x000000000002c2c8                interface_socket_free
 .text.interface_socket_packet_handler_update
                0x000000000002c2f4       0x70 /Users/aaarcr/ncs/nrfxlib/bsdlib/lib/cortex-m33/hard-float/libbsd_nrf9160_xxaa.a(interface.c.o)
                0x000000000002c2f4                interface_socket_packet_handler_update
 .text.interface_socket_wait
                0x000000000002c364       0x44 /Users/aaarcr/ncs/nrfxlib/bsdlib/lib/cortex-m33/hard-float/libbsd_nrf9160_xxaa.a(interface.c.o)
                0x000000000002c364                interface_socket_wait
 .text.interface_from_internal_id_search
                0x000000000002c3a8       0xa4 /Users/aaarcr/ncs/nrfxlib/bsdlib/lib/cortex-m33/hard-float/libbsd_nrf9160_xxaa.a(interface.c.o)
                0x000000000002c3a8                interface_from_internal_id_search
 .text.interface_socket_from_handle_get
                0x000000000002c44c       0x1c /Users/aaarcr/ncs/nrfxlib/bsdlib/lib/cortex-m33/hard-float/libbsd_nrf9160_xxaa.a(interface.c.o)
                0x000000000002c44c                interface_socket_from_handle_get
 .text.interface_socket_event_get
                0x000000000002c468       0x34 /Users/aaarcr/ncs/nrfxlib/bsdlib/lib/cortex-m33/hard-float/libbsd_nrf9160_xxaa.a(interface.c.o)
                0x000000000002c468                interface_socket_event_get
 .text.interface_socket_setopt
                0x000000000002c49c       0x84 /Users/aaarcr/ncs/nrfxlib/bsdlib/lib/cortex-m33/hard-float/libbsd_nrf9160_xxaa.a(interface.c.o)
                0x000000000002c49c                interface_socket_setopt
 .text.interface_socket_getopt
                0x000000000002c520       0x5c /Users/aaarcr/ncs/nrfxlib/bsdlib/lib/cortex-m33/hard-float/libbsd_nrf9160_xxaa.a(interface.c.o)
                0x000000000002c520                interface_socket_getopt
 .text.interface_socket_fcntl
                0x000000000002c57c       0x54 /Users/aaarcr/ncs/nrfxlib/bsdlib/lib/cortex-m33/hard-float/libbsd_nrf9160_xxaa.a(interface.c.o)
                0x000000000002c57c                interface_socket_fcntl
 .text.bsd_os_application_irq_handler
                0x000000000002c5d0       0xe0 /Users/aaarcr/ncs/nrfxlib/bsdlib/lib/cortex-m33/hard-float/libbsd_nrf9160_xxaa.a(rpc_framework.c.o)
                0x000000000002c5d0                bsd_os_application_irq_handler
 .text.rpc_framework_init
                0x000000000002c6b0       0x14 /Users/aaarcr/ncs/nrfxlib/bsdlib/lib/cortex-m33/hard-float/libbsd_nrf9160_xxaa.a(rpc_framework.c.o)
                0x000000000002c6b0                rpc_framework_init
 .text.rpc_client_register
                0x000000000002c6c4       0xd4 /Users/aaarcr/ncs/nrfxlib/bsdlib/lib/cortex-m33/hard-float/libbsd_nrf9160_xxaa.a(rpc_framework.c.o)
                0x000000000002c6c4                rpc_client_register
 .text.rpc_transport_input
                0x000000000002c798      0x21c /Users/aaarcr/ncs/nrfxlib/bsdlib/lib/cortex-m33/hard-float/libbsd_nrf9160_xxaa.a(rpc_framework.c.o)
                0x000000000002c798                rpc_transport_input
 .text.rpc_transport_register
                0x000000000002c9b4       0xc0 /Users/aaarcr/ncs/nrfxlib/bsdlib/lib/cortex-m33/hard-float/libbsd_nrf9160_xxaa.a(rpc_framework.c.o)
                0x000000000002c9b4                rpc_transport_register
 .text.rpc_transport_unregister
                0x000000000002ca74       0x90 /Users/aaarcr/ncs/nrfxlib/bsdlib/lib/cortex-m33/hard-float/libbsd_nrf9160_xxaa.a(rpc_framework.c.o)
                0x000000000002ca74                rpc_transport_unregister
 .text.rpc_message_send
                0x000000000002cb04       0x30 /Users/aaarcr/ncs/nrfxlib/bsdlib/lib/cortex-m33/hard-float/libbsd_nrf9160_xxaa.a(rpc_framework.c.o)
                0x000000000002cb04                rpc_message_send
 .text.rpc_message_alloc
                0x000000000002cb34       0x64 /Users/aaarcr/ncs/nrfxlib/bsdlib/lib/cortex-m33/hard-float/libbsd_nrf9160_xxaa.a(rpc_framework.c.o)
                0x000000000002cb34                rpc_message_alloc
 .text.rpc_message_free
                0x000000000002cb98      0x224 /Users/aaarcr/ncs/nrfxlib/bsdlib/lib/cortex-m33/hard-float/libbsd_nrf9160_xxaa.a(rpc_framework.c.o)
                0x000000000002cb98                rpc_message_free
 .text.rpc_message_data_free
                0x000000000002cdbc      0x220 /Users/aaarcr/ncs/nrfxlib/bsdlib/lib/cortex-m33/hard-float/libbsd_nrf9160_xxaa.a(rpc_framework.c.o)
                0x000000000002cdbc                rpc_message_data_free
 .text.packet_free_cb
                0x000000000002cfdc       0x1c /Users/aaarcr/ncs/nrfxlib/bsdlib/lib/cortex-m33/hard-float/libbsd_nrf9160_xxaa.a(gnss_interface.c.o)
 .text.rpc_gnss_event_handler
                0x000000000002cff8      0x1a8 /Users/aaarcr/ncs/nrfxlib/bsdlib/lib/cortex-m33/hard-float/libbsd_nrf9160_xxaa.a(gnss_interface.c.o)
                0x000000000002cff8                rpc_gnss_event_handler
 .text.gnss_interface_write
                0x000000000002d1a0      0x1ec /Users/aaarcr/ncs/nrfxlib/bsdlib/lib/cortex-m33/hard-float/libbsd_nrf9160_xxaa.a(gnss_interface.c.o)
                0x000000000002d1a0                gnss_interface_write
 .text.gnss_interface_read
                0x000000000002d38c      0x418 /Users/aaarcr/ncs/nrfxlib/bsdlib/lib/cortex-m33/hard-float/libbsd_nrf9160_xxaa.a(gnss_interface.c.o)
                0x000000000002d38c                gnss_interface_read
 .text.gnss_interface_setopt
                0x000000000002d7a4      0x294 /Users/aaarcr/ncs/nrfxlib/bsdlib/lib/cortex-m33/hard-float/libbsd_nrf9160_xxaa.a(gnss_interface.c.o)
                0x000000000002d7a4                gnss_interface_setopt
 .text.gnss_interface_getopt
                0x000000000002da38      0x220 /Users/aaarcr/ncs/nrfxlib/bsdlib/lib/cortex-m33/hard-float/libbsd_nrf9160_xxaa.a(gnss_interface.c.o)
                0x000000000002da38                gnss_interface_getopt
 .text.gnss_interface_init
                0x000000000002dc58       0x3c /Users/aaarcr/ncs/nrfxlib/bsdlib/lib/cortex-m33/hard-float/libbsd_nrf9160_xxaa.a(gnss_interface.c.o)
                0x000000000002dc58                gnss_interface_init
 .text.gnss_interface_open
                0x000000000002dc94       0x68 /Users/aaarcr/ncs/nrfxlib/bsdlib/lib/cortex-m33/hard-float/libbsd_nrf9160_xxaa.a(gnss_interface.c.o)
                0x000000000002dc94                gnss_interface_open
 .text.gnss_interface_close
                0x000000000002dcfc       0x5c /Users/aaarcr/ncs/nrfxlib/bsdlib/lib/cortex-m33/hard-float/libbsd_nrf9160_xxaa.a(gnss_interface.c.o)
                0x000000000002dcfc                gnss_interface_close
 .text.rpc_gnss_serialize_utc