Archive member included to satisfy reference by file (symbol)

app/libapp.a(main.c.obj)      (--whole-archive)
app/libapp.a(flash_map_extended.c.obj)
                              (--whole-archive)
app/libapp.a(os.c.obj)        (--whole-archive)
app/libapp.a(keys.c.obj)      (--whole-archive)
app/libapp.a(loader.c.obj)    (--whole-archive)
app/libapp.a(swap_misc.c.obj)
                              (--whole-archive)
app/libapp.a(swap_scratch.c.obj)
                              (--whole-archive)
app/libapp.a(swap_move.c.obj)
                              (--whole-archive)
app/libapp.a(bootutil_misc.c.obj)
                              (--whole-archive)
app/libapp.a(image_validate.c.obj)
                              (--whole-archive)
app/libapp.a(encrypted.c.obj)
                              (--whole-archive)
app/libapp.a(image_rsa.c.obj)
                              (--whole-archive)
app/libapp.a(image_ec256.c.obj)
                              (--whole-archive)
app/libapp.a(image_ed25519.c.obj)
                              (--whole-archive)
app/libapp.a(caps.c.obj)      (--whole-archive)
app/libapp.a(tlv.c.obj)       (--whole-archive)
app/libapp.a(autogen-pubkey.c.obj)
                              (--whole-archive)
zephyr/libzephyr.a(crc32_sw.c.obj)
                              (--whole-archive)
zephyr/libzephyr.a(crc16_sw.c.obj)
                              (--whole-archive)
zephyr/libzephyr.a(crc8_sw.c.obj)
                              (--whole-archive)
zephyr/libzephyr.a(crc7_sw.c.obj)
                              (--whole-archive)
zephyr/libzephyr.a(dec.c.obj)
                              (--whole-archive)
zephyr/libzephyr.a(fdtable.c.obj)
                              (--whole-archive)
zephyr/libzephyr.a(hex.c.obj)
                              (--whole-archive)
zephyr/libzephyr.a(mempool.c.obj)
                              (--whole-archive)
zephyr/libzephyr.a(printk.c.obj)
                              (--whole-archive)
zephyr/libzephyr.a(onoff.c.obj)
                              (--whole-archive)
zephyr/libzephyr.a(rb.c.obj)  (--whole-archive)
zephyr/libzephyr.a(sem.c.obj)
                              (--whole-archive)
zephyr/libzephyr.a(thread_entry.c.obj)
                              (--whole-archive)
zephyr/libzephyr.a(timeutil.c.obj)
                              (--whole-archive)
zephyr/libzephyr.a(work_q.c.obj)
                              (--whole-archive)
zephyr/libzephyr.a(configs.c.obj)
                              (--whole-archive)
zephyr/libzephyr.a(soc.c.obj)
                              (--whole-archive)
zephyr/libzephyr.a(validate_base_addresses.c.obj)
                              (--whole-archive)
zephyr/libzephyr.a(log_list.c.obj)
                              (--whole-archive)
zephyr/libzephyr.a(log_core.c.obj)
                              (--whole-archive)
zephyr/libzephyr.a(log_msg.c.obj)
                              (--whole-archive)
zephyr/libzephyr.a(log_output.c.obj)
                              (--whole-archive)
zephyr/libzephyr.a(log_backend_uart.c.obj)
                              (--whole-archive)
zephyr/libzephyr.a(flash_map.c.obj)
                              (--whole-archive)
zephyr/libzephyr.a(flash_map_default.c.obj)
                              (--whole-archive)
zephyr/libzephyr.a(uart_console.c.obj)
                              (--whole-archive)
zephyr/libzephyr.a(nrf_power_clock.c.obj)
                              (--whole-archive)
zephyr/libzephyr.a(sys_clock_init.c.obj)
                              (--whole-archive)
zephyr/libzephyr.a(nrf_rtc_timer.c.obj)
                              (--whole-archive)
zephyr/arch/common/libarch__common.a(isr_tables.c.obj)
                              (--whole-archive)
zephyr/arch/common/libarch__common.a(sw_isr_common.c.obj)
                              (--whole-archive)
zephyr/arch/arch/arm/core/aarch32/libarch__arm__core__aarch32.a(exc_exit.S.obj)
                              (--whole-archive)
zephyr/arch/arch/arm/core/aarch32/libarch__arm__core__aarch32.a(swap.c.obj)
                              (--whole-archive)
zephyr/arch/arch/arm/core/aarch32/libarch__arm__core__aarch32.a(swap_helper.S.obj)
                              (--whole-archive)
zephyr/arch/arch/arm/core/aarch32/libarch__arm__core__aarch32.a(irq_manage.c.obj)
                              (--whole-archive)
zephyr/arch/arch/arm/core/aarch32/libarch__arm__core__aarch32.a(thread.c.obj)
                              (--whole-archive)
zephyr/arch/arch/arm/core/aarch32/libarch__arm__core__aarch32.a(cpu_idle.S.obj)
                              (--whole-archive)
zephyr/arch/arch/arm/core/aarch32/libarch__arm__core__aarch32.a(fault_s.S.obj)
                              (--whole-archive)
zephyr/arch/arch/arm/core/aarch32/libarch__arm__core__aarch32.a(fatal.c.obj)
                              (--whole-archive)
zephyr/arch/arch/arm/core/aarch32/libarch__arm__core__aarch32.a(nmi.c.obj)
                              (--whole-archive)
[...]
Memory Configuration

Name             Origin             Length             Attributes
FLASH            0x0000000000000000 0x000000000000c000 xr
SRAM             0x0000000020000000 0x0000000000010000 xw
IDT_LIST         0x0000000020010000 0x0000000000000800 xw
*default*        0x0000000000000000 0xffffffffffffffff

Linker script and memory map

LOAD zephyr/CMakeFiles/zephyr_final.dir/misc/empty_file.c.obj
LOAD zephyr/CMakeFiles/zephyr_final.dir/isr_tables.c.obj
                0x0000000000000020                _region_min_align = 0x20

.rel.plt        0x0000000000000000        0x0
 *(SORT_BY_ALIGNMENT(.rel.plt))
                [!provide]                        PROVIDE (__rel_iplt_start = .)
 *(SORT_BY_ALIGNMENT(.rel.iplt))
 .rel.iplt      0x0000000000000000        0x0 zephyr/CMakeFiles/zephyr_final.dir/isr_tables.c.obj
                [!provide]                        PROVIDE (__rel_iplt_end = .)

.rela.plt       0x0000000000000000        0x0
 *(SORT_BY_ALIGNMENT(.rela.plt))
                [!provide]                        PROVIDE (__rela_iplt_start = .)
 *(SORT_BY_ALIGNMENT(.rela.iplt))
                [!provide]                        PROVIDE (__rela_iplt_end = .)

.rel.dyn
 *(SORT_BY_ALIGNMENT(.rel.*))

.rela.dyn
 *(SORT_BY_ALIGNMENT(.rela.*))

/DISCARD/
 *(SORT_BY_ALIGNMENT(.plt))
 *(SORT_BY_ALIGNMENT(.iplt))
 *(SORT_BY_ALIGNMENT(.got.plt))
 *(SORT_BY_ALIGNMENT(.igot.plt))
 *(SORT_BY_ALIGNMENT(.got))
 *(SORT_BY_ALIGNMENT(.igot))
 *(SORT_BY_ALIGNMENT(.irq_info))
 *(SORT_BY_ALIGNMENT(.intList))
 *(SORT_BY_ALIGNMENT(.note.GNU-stack))
                0x0000000000000000                _image_rom_start = 0x0

rom_start       0x0000000000000000      0x144
                0x0000000000000000                . = 0x0
                0x0000000000000000                . = ALIGN (0x4)
                0x0000000000000000                _vector_start = .
 *(SORT_BY_ALIGNMENT(.exc_vector_table))
 *(SORT_BY_ALIGNMENT(.exc_vector_table.*))
 .exc_vector_table._vector_table_section
                0x0000000000000000       0x40 zephyr/arch/arch/arm/core/aarch32/cortex_m/libarch__arm__core__aarch32__cortex_m.a(vector_table.S.obj)
                0x0000000000000000                _vector_table
 *(SORT_BY_ALIGNMENT(.gnu.linkonce.irq_vector_table))
 .gnu.linkonce.irq_vector_table
                0x0000000000000040      0x104 zephyr/CMakeFiles/zephyr_final.dir/isr_tables.c.obj
                0x0000000000000040                _irq_vector_table
 *(SORT_BY_ALIGNMENT(.vectors))
                0x0000000000000144                _vector_end = .
 *(SORT_BY_ALIGNMENT(.openocd_dbg))
 *(SORT_BY_ALIGNMENT(.openocd_dbg.*))

text            0x0000000000000144     0x7a5e
                0x0000000000000144                _image_text_start = .
 *(SORT_BY_ALIGNMENT(.text))
 .text          0x0000000000000144       0x30 /opt/gnuarmemb/bin/../lib/gcc/arm-none-eabi/9.2.1/thumb/v8-m.main/nofp/libgcc.a(_aeabi_uldivmod.o)
                0x0000000000000144                __aeabi_uldivmod
 .text          0x0000000000000174      0x2c8 /opt/gnuarmemb/bin/../lib/gcc/arm-none-eabi/9.2.1/thumb/v8-m.main/nofp/libgcc.a(_udivmoddi4.o)
                0x0000000000000174                __udivmoddi4
 .text          0x000000000000043c        0x4 /opt/gnuarmemb/bin/../lib/gcc/arm-none-eabi/9.2.1/thumb/v8-m.main/nofp/libgcc.a(_dvmd_tls.o)
                0x000000000000043c                __aeabi_ldiv0
                0x000000000000043c                __aeabi_idiv0
 *(SORT_BY_ALIGNMENT(.text.*))
 .text.main     0x0000000000000440      0x134 app/libapp.a(main.c.obj)
                0x0000000000000440                main
 .text.flash_device_get_binding
                0x0000000000000574       0x1c app/libapp.a(flash_map_extended.c.obj)
                0x0000000000000574                flash_device_get_binding
 .text.flash_device_base
                0x0000000000000590       0x44 app/libapp.a(flash_map_extended.c.obj)
                0x0000000000000590                flash_device_base
 .text.os_heap_init
                0x00000000000005d4       0x14 app/libapp.a(os.c.obj)
                0x00000000000005d4                os_heap_init
 .text.boot_is_header_valid
                0x00000000000005e8       0x40 app/libapp.a(loader.c.obj)
 .text.boot_image_check
                0x0000000000000628       0x30 app/libapp.a(loader.c.obj)
 .text.boot_validate_slot
                0x0000000000000658       0xc0 app/libapp.a(loader.c.obj)
 .text.boot_swap_image
                0x0000000000000718       0xac app/libapp.a(loader.c.obj)
 .text.boot_complete_partial_swap
                0x00000000000007c4       0x8c app/libapp.a(loader.c.obj)
 .text.boot_prepare_image_for_update
                0x0000000000000850      0x168 app/libapp.a(loader.c.obj)
 .text.boot_copy_region
                0x00000000000009b8       0x58 app/libapp.a(loader.c.obj)
                0x00000000000009b8                boot_copy_region
 .text.context_boot_go
                0x0000000000000a10      0x11c app/libapp.a(loader.c.obj)
                0x0000000000000a10                context_boot_go
 .text.boot_go  0x0000000000000b2c       0x10 app/libapp.a(loader.c.obj)
                0x0000000000000b2c                boot_go
 .text.boot_move_sector_up
                0x0000000000000b3c       0x8c app/libapp.a(swap_move.c.obj)
 .text.boot_swap_sectors
                0x0000000000000bc8       0xb4 app/libapp.a(swap_move.c.obj)
 .text.boot_read_image_header
                0x0000000000000c7c       0xb8 app/libapp.a(swap_move.c.obj)
                0x0000000000000c7c                boot_read_image_header
 .text.swap_read_status_bytes
                0x0000000000000d34       0xfc app/libapp.a(swap_move.c.obj)
                0x0000000000000d34                swap_read_status_bytes
 .text.boot_slots_compatible
                0x0000000000000e30       0xb8 app/libapp.a(swap_move.c.obj)
                0x0000000000000e30                boot_slots_compatible
 .text.swap_status_source
                0x0000000000000ee8       0xd8 app/libapp.a(swap_move.c.obj)
                0x0000000000000ee8                swap_status_source
 .text.fixup_revert
                0x0000000000000fc0       0xbc app/libapp.a(swap_move.c.obj)
                0x0000000000000fc0                fixup_revert
 .text.swap_run
                0x000000000000107c      0x114 app/libapp.a(swap_move.c.obj)
                0x000000000000107c                swap_run
 .text.boot_magic_decode
                0x0000000000001190       0x18 app/libapp.a(bootutil_misc.c.obj)
 .text.boot_find_status
                0x00000000000011a8       0x6c app/libapp.a(bootutil_misc.c.obj)
 .text.boot_write_magic
                0x0000000000001214       0x1c app/libapp.a(bootutil_misc.c.obj)
                0x0000000000001214                boot_write_magic
 .text.boot_swap_type_multi
                0x0000000000001230      0x11c app/libapp.a(bootutil_misc.c.obj)
                0x0000000000001230                boot_swap_type_multi
 .text.bootutil_find_key
                0x000000000000134c       0x68 app/libapp.a(image_validate.c.obj)
 .text.bootutil_img_validate
                0x00000000000013b4      0x168 app/libapp.a(image_validate.c.obj)
                0x00000000000013b4                bootutil_img_validate
 .text.bootutil_cmp_rsasig
                0x000000000000151c       0xe4 app/libapp.a(image_rsa.c.obj)
 .text.bootutil_verify_sig
                0x0000000000001600       0x68 app/libapp.a(image_rsa.c.obj)
                0x0000000000001600                bootutil_verify_sig
 .text.char_out
                0x0000000000001668       0x14 zephyr/libzephyr.a(printk.c.obj)
 .text._printk_dec_ulong
                0x000000000000167c       0xa8 zephyr/libzephyr.a(printk.c.obj)
 .text.__printk_hook_install
                0x0000000000001724        0xc zephyr/libzephyr.a(printk.c.obj)
                0x0000000000001724                __printk_hook_install
 .text.vprintk  0x0000000000001730       0x20 zephyr/libzephyr.a(printk.c.obj)
                0x0000000000001730                vprintk
 .text.nordicsemi_nrf91_init
                0x0000000000001750       0x28 zephyr/libzephyr.a(soc.c.obj)
 .text.log_generic
                0x0000000000001778       0x64 zephyr/libzephyr.a(log_core.c.obj)
                0x0000000000001778                log_generic
 .text.log_core_init
                0x00000000000017dc       0x1c zephyr/libzephyr.a(log_core.c.obj)
                0x00000000000017dc                log_core_init
 .text.log_source_name_get
                0x00000000000017f8       0x20 zephyr/libzephyr.a(log_core.c.obj)
                0x00000000000017f8                log_source_name_get
 .text.log_backend_enable
                0x0000000000001818       0x3c zephyr/libzephyr.a(log_core.c.obj)
                0x0000000000001818                log_backend_enable
 .text.log_init
                0x0000000000001854       0x5c zephyr/libzephyr.a(log_core.c.obj)
                0x0000000000001854                log_init
 .text.z_impl_log_panic
                0x00000000000018b0       0x50 zephyr/libzephyr.a(log_core.c.obj)
                0x00000000000018b0                z_impl_log_panic
 .text.print_formatted
                0x0000000000001900       0x28 zephyr/libzephyr.a(log_output.c.obj)
 .text.timestamp_print
                0x0000000000001928       0x8c zephyr/libzephyr.a(log_output.c.obj)
 .text.color_print
                0x00000000000019b4       0x2c zephyr/libzephyr.a(log_output.c.obj)
 .text.newline_print
                0x00000000000019e0       0x28 zephyr/libzephyr.a(log_output.c.obj)
 .text.hexdump_line_print
                0x0000000000001a08       0xbc zephyr/libzephyr.a(log_output.c.obj)
 .text.ids_print
                0x0000000000001ac4       0x5c zephyr/libzephyr.a(log_output.c.obj)
 .text.log_output_string
                0x0000000000001b20       0x68 zephyr/libzephyr.a(log_output.c.obj)
                0x0000000000001b20                log_output_string
 .text.log_output_hexdump
                0x0000000000001b88       0x78 zephyr/libzephyr.a(log_output.c.obj)
                0x0000000000001b88                log_output_hexdump
 .text.log_output_timestamp_freq_set
                0x0000000000001c00       0x2c zephyr/libzephyr.a(log_output.c.obj)
                0x0000000000001c00                log_output_timestamp_freq_set
 .text.log_backend_uart_init
                0x0000000000001c2c       0x18 zephyr/libzephyr.a(log_backend_uart.c.obj)
 .text.panic    0x0000000000001c44       0x10 zephyr/libzephyr.a(log_backend_uart.c.obj)
 .text.sync_hexdump
                0x0000000000001c54       0x20 zephyr/libzephyr.a(log_backend_uart.c.obj)
 .text.sync_string
                0x0000000000001c74       0x1c zephyr/libzephyr.a(log_backend_uart.c.obj)
 .text.get_flash_area_from_id
                0x0000000000001c90       0x30 zephyr/libzephyr.a(flash_map.c.obj)
 .text.flash_area_open
                0x0000000000001cc0       0x28 zephyr/libzephyr.a(flash_map.c.obj)
                0x0000000000001cc0                flash_area_open
 .text.flash_area_get_sectors
                0x0000000000001ce8       0x18 zephyr/libzephyr.a(flash_map.c.obj)
                0x0000000000001ce8                flash_area_get_sectors
 .text.console_out
                0x0000000000001d00       0x2c zephyr/libzephyr.a(uart_console.c.obj)
 .text.uart_console_hook_install
                0x0000000000001d2c       0x18 zephyr/libzephyr.a(uart_console.c.obj)
                0x0000000000001d2c                uart_console_hook_install
 .text.uart_console_init
                0x0000000000001d44       0x1c zephyr/libzephyr.a(uart_console.c.obj)
 .text.nrf_power_clock_isr
                0x0000000000001d60       0x40 zephyr/libzephyr.a(nrf_power_clock.c.obj)
                0x0000000000001d60                nrf_power_clock_isr
 .text.set_comparator
                0x0000000000001da0       0x10 zephyr/libzephyr.a(nrf_rtc_timer.c.obj)
 .text.counter  0x0000000000001db0        0xc zephyr/libzephyr.a(nrf_rtc_timer.c.obj)
 .text.rtc1_nrf_isr
                0x0000000000001dbc       0x44 zephyr/libzephyr.a(nrf_rtc_timer.c.obj)
                0x0000000000001dbc                rtc1_nrf_isr
 .text.z_clock_driver_init
                0x0000000000001e00       0x6c zephyr/libzephyr.a(nrf_rtc_timer.c.obj)
                0x0000000000001e00                z_clock_driver_init
 .text.z_clock_set_timeout
                0x0000000000001e6c       0xc0 zephyr/libzephyr.a(nrf_rtc_timer.c.obj)
                0x0000000000001e6c                z_clock_set_timeout
 .text.z_clock_elapsed
                0x0000000000001f2c       0x2c zephyr/libzephyr.a(nrf_rtc_timer.c.obj)
                0x0000000000001f2c                z_clock_elapsed
 .text.z_timer_cycle_get_32
                0x0000000000001f58       0x30 zephyr/libzephyr.a(nrf_rtc_timer.c.obj)
                0x0000000000001f58                z_timer_cycle_get_32
 .text._HandlerModeExit
                0x0000000000001f88        0x4 zephyr/arch/arch/arm/core/aarch32/libarch__arm__core__aarch32.a(exc_exit.S.obj)
                0x0000000000001f88                z_arm_exc_exit
                0x0000000000001f88                z_arm_int_exit
 .text.arch_swap
                0x0000000000001f8c       0x34 zephyr/arch/arch/arm/core/aarch32/libarch__arm__core__aarch32.a(swap.c.obj)
                0x0000000000001f8c                arch_swap
 .text.z_arm_pendsv
                0x0000000000001fc0       0x54 zephyr/arch/arch/arm/core/aarch32/libarch__arm__core__aarch32.a(swap_helper.S.obj)
                0x0000000000001fc0                z_arm_pendsv
 .text.z_arm_svc
                0x0000000000002014       0x20 zephyr/arch/arch/arm/core/aarch32/libarch__arm__core__aarch32.a(swap_helper.S.obj)
                0x0000000000002014                z_arm_svc
 .text.arch_irq_enable
                0x0000000000002034       0x20 zephyr/arch/arch/arm/core/aarch32/libarch__arm__core__aarch32.a(irq_manage.c.obj)
                0x0000000000002034                arch_irq_enable
 .text.z_arm_irq_priority_set
                0x0000000000002054       0x2c zephyr/arch/arch/arm/core/aarch32/libarch__arm__core__aarch32.a(irq_manage.c.obj)
                0x0000000000002054                z_arm_irq_priority_set
 .text.z_arm_cpu_idle_init
                0x0000000000002080        0xc zephyr/arch/arch/arm/core/aarch32/libarch__arm__core__aarch32.a(cpu_idle.S.obj)
                0x0000000000002080                z_arm_cpu_idle_init
 .text.__fault  0x000000000000208c       0x14 zephyr/arch/arch/arm/core/aarch32/libarch__arm__core__aarch32.a(fault_s.S.obj)
                0x000000000000208c                z_arm_bus_fault
                0x000000000000208c                z_arm_usage_fault
                0x000000000000208c                z_arm_mpu_fault
                0x000000000000208c                z_arm_reserved
                0x000000000000208c                z_arm_debug_monitor
                0x000000000000208c                z_arm_hard_fault
 .text.z_SysNmiOnReset
                0x00000000000020a0        0x8 zephyr/arch/arch/arm/core/aarch32/libarch__arm__core__aarch32.a(nmi_on_reset.S.obj)
                0x00000000000020a0                z_SysNmiOnReset
 .text.z_arm_prep_c
                0x00000000000020a8       0x2c zephyr/arch/arch/arm/core/aarch32/libarch__arm__core__aarch32.a(prep_c.c.obj)
                0x00000000000020a8                z_arm_prep_c
 .text._isr_wrapper
                0x00000000000020d4       0x28 zephyr/arch/arch/arm/core/aarch32/libarch__arm__core__aarch32.a(isr_wrapper.S.obj)
                0x00000000000020d4                _isr_wrapper
 .text._reset_section
                0x00000000000020fc       0x30 zephyr/arch/arch/arm/core/aarch32/cortex_m/libarch__arm__core__aarch32__cortex_m.a(reset.S.obj)
                0x00000000000020fc                z_arm_reset
                0x00000000000020fc                __start
 .text.mem_manage_fault
                0x000000000000212c       0x48 zephyr/arch/arch/arm/core/aarch32/cortex_m/libarch__arm__core__aarch32__cortex_m.a(fault.c.obj)
 .text.bus_fault
                0x0000000000002174       0x54 zephyr/arch/arch/arm/core/aarch32/cortex_m/libarch__arm__core__aarch32__cortex_m.a(fault.c.obj)
 .text.usage_fault
                0x00000000000021c8       0x24 zephyr/arch/arch/arm/core/aarch32/cortex_m/libarch__arm__core__aarch32__cortex_m.a(fault.c.obj)
 .text.hard_fault
                0x00000000000021ec       0x64 zephyr/arch/arch/arm/core/aarch32/cortex_m/libarch__arm__core__aarch32__cortex_m.a(fault.c.obj)
 .text.z_arm_fault
                0x0000000000002250       0x94 zephyr/arch/arch/arm/core/aarch32/cortex_m/libarch__arm__core__aarch32__cortex_m.a(fault.c.obj)
                0x0000000000002250                z_arm_fault
 .text.z_arm_fault_init
                0x00000000000022e4       0x10 zephyr/arch/arch/arm/core/aarch32/cortex_m/libarch__arm__core__aarch32__cortex_m.a(fault.c.obj)
                0x00000000000022e4                z_arm_fault_init
 .text.z_arm_int_lib_init
                0x00000000000022f4       0x34 zephyr/arch/arch/arm/core/aarch32/cortex_m/libarch__arm__core__aarch32__cortex_m.a(irq_init.c.obj)
                0x00000000000022f4                z_arm_int_lib_init
 .text.z_impl_k_thread_abort
                0x0000000000002328       0x4c zephyr/arch/arch/arm/core/aarch32/cortex_m/libarch__arm__core__aarch32__cortex_m.a(thread_abort.c.obj)
                0x0000000000002328                z_impl_k_thread_abort
 .text.mpu_init
                0x0000000000002374       0x10 zephyr/arch/arch/arm/core/aarch32/cortex_m/mpu/libarch__arm__core__aarch32__cortex_m__mpu.a(arm_mpu.c.obj)
 .text.region_init
                0x0000000000002384       0x30 zephyr/arch/arch/arm/core/aarch32/cortex_m/mpu/libarch__arm__core__aarch32__cortex_m__mpu.a(arm_mpu.c.obj)
 .text.region_allocate_and_init
                0x00000000000023b4       0x48 zephyr/arch/arch/arm/core/aarch32/cortex_m/mpu/libarch__arm__core__aarch32__cortex_m__mpu.a(arm_mpu.c.obj)
 .text.mpu_configure_regions_and_partition
                0x00000000000023fc      0x1e0 zephyr/arch/arch/arm/core/aarch32/cortex_m/mpu/libarch__arm__core__aarch32__cortex_m__mpu.a(arm_mpu.c.obj)
 .text.mpu_configure_dynamic_mpu_regions
                0x00000000000025dc       0x54 zephyr/arch/arch/arm/core/aarch32/cortex_m/mpu/libarch__arm__core__aarch32__cortex_m__mpu.a(arm_mpu.c.obj)
 .text.arm_core_mpu_enable
                0x0000000000002630       0x14 zephyr/arch/arch/arm/core/aarch32/cortex_m/mpu/libarch__arm__core__aarch32__cortex_m__mpu.a(arm_mpu.c.obj)
                0x0000000000002630                arm_core_mpu_enable
 .text.arm_core_mpu_disable
                0x0000000000002644       0x10 zephyr/arch/arch/arm/core/aarch32/cortex_m/mpu/libarch__arm__core__aarch32__cortex_m__mpu.a(arm_mpu.c.obj)
                0x0000000000002644                arm_core_mpu_disable
 .text.arm_mpu_init
                0x0000000000002654       0x44 zephyr/arch/arch/arm/core/aarch32/cortex_m/mpu/libarch__arm__core__aarch32__cortex_m__mpu.a(arm_mpu.c.obj)
 .text.__stdout_hook_install
                0x0000000000002698        0xc zephyr/lib/libc/minimal/liblib__libc__minimal.a(stdout_console.c.obj)
                0x0000000000002698                __stdout_hook_install
 .text.gpiote_channel_alloc
                0x00000000000026a4       0x8c zephyr/drivers/gpio/libdrivers__gpio.a(gpio_nrfx.c.obj)
 .text.gpiote_channel_free
                0x0000000000002730       0x54 zephyr/drivers/gpio/libdrivers__gpio.a(gpio_nrfx.c.obj)
 .text.gpiote_pin_int_cfg
                0x0000000000002784       0xb8 zephyr/drivers/gpio/libdrivers__gpio.a(gpio_nrfx.c.obj)
 .text.gpio_nrfx_config
                0x000000000000283c      0x194 zephyr/drivers/gpio/libdrivers__gpio.a(gpio_nrfx.c.obj)
 .text.cfg_level_pins
                0x00000000000029d0       0x6c zephyr/drivers/gpio/libdrivers__gpio.a(gpio_nrfx.c.obj)
 .text.check_level_trigger_pins
                0x0000000000002a3c       0x60 zephyr/drivers/gpio/libdrivers__gpio.a(gpio_nrfx.c.obj)
 .text.gpiote_event_handler
                0x0000000000002a9c       0xd0 zephyr/drivers/gpio/libdrivers__gpio.a(gpio_nrfx.c.obj)
 .text.gpio_nrfx_init
                0x0000000000002b6c       0x38 zephyr/drivers/gpio/libdrivers__gpio.a(gpio_nrfx.c.obj)
 .text.nvmc_wait_ready
                0x0000000000002ba4       0x14 zephyr/drivers/flash/libdrivers__flash.a(soc_flash_nrf.c.obj)
 .text.flash_nrf_pages_layout
                0x0000000000002bb8       0x10 zephyr/drivers/flash/libdrivers__flash.a(soc_flash_nrf.c.obj)
 .text.nrf_flash_init
                0x0000000000002bc8       0x18 zephyr/drivers/flash/libdrivers__flash.a(soc_flash_nrf.c.obj)
 .text.baudrate_set
                0x0000000000002be0      0x154 zephyr/drivers/serial/libdrivers__serial.a(uart_nrfx_uarte.c.obj)
 .text.uarte_instance_init
                0x0000000000002d34       0xc0 zephyr/drivers/serial/libdrivers__serial.a(uart_nrfx_uarte.c.obj)
 .text.uarte_0_init
                0x0000000000002df4       0x34 zephyr/drivers/serial/libdrivers__serial.a(uart_nrfx_uarte.c.obj)
 .text.fprotect_area
                0x0000000000002e28       0x4c modules/nrf/lib/fprotect/lib..__nrf__lib__fprotect.a(fprotect_spu.c.obj)
                0x0000000000002e28                fprotect_area
 .text.nrf91_errata_6
                0x0000000000002e74       0x2c modules/nordic/lib..__modules__hal__nordic.a(system_nrf9160.c.obj)
 .text.nrf91_errata_14
                0x0000000000002ea0       0x24 modules/nordic/lib..__modules__hal__nordic.a(system_nrf9160.c.obj)
 .text.nrf91_errata_15
                0x0000000000002ec4       0x24 modules/nordic/lib..__modules__hal__nordic.a(system_nrf9160.c.obj)
 .text.nrf91_errata_20
                0x0000000000002ee8       0x24 modules/nordic/lib..__modules__hal__nordic.a(system_nrf9160.c.obj)
 .text.nrf91_errata_31
                0x0000000000002f0c       0x2c modules/nordic/lib..__modules__hal__nordic.a(system_nrf9160.c.obj)
 .text.uicr_HFXOCNT_erased
                0x0000000000002f38       0x18 modules/nordic/lib..__modules__hal__nordic.a(system_nrf9160.c.obj)
 .text.uicr_HFXOSRC_erased
                0x0000000000002f50       0x18 modules/nordic/lib..__modules__hal__nordic.a(system_nrf9160.c.obj)
 .text.SystemCoreClockUpdate
                0x0000000000002f68       0x10 modules/nordic/lib..__modules__hal__nordic.a(system_nrf9160.c.obj)
                0x0000000000002f68                SystemCoreClockUpdate
 .text.SystemInit
                0x0000000000002f78      0x148 modules/nordic/lib..__modules__hal__nordic.a(system_nrf9160.c.obj)
                0x0000000000002f78                SystemInit
 .text.nvmc_readonly_mode_set
                0x00000000000030c0       0x10 modules/nordic/lib..__modules__hal__nordic.a(nrfx_nvmc.c.obj)
 .text.nvmc_write_mode_set
                0x00000000000030d0       0x10 modules/nordic/lib..__modules__hal__nordic.a(nrfx_nvmc.c.obj)
 .text.nvmc_erase_mode_set
                0x00000000000030e0       0x10 modules/nordic/lib..__modules__hal__nordic.a(nrfx_nvmc.c.obj)
 .text.nvmc_word_write
                0x00000000000030f0       0x18 modules/nordic/lib..__modules__hal__nordic.a(nrfx_nvmc.c.obj)
 .text.nrfx_nvmc_page_erase
                0x0000000000003108       0x38 modules/nordic/lib..__modules__hal__nordic.a(nrfx_nvmc.c.obj)
                0x0000000000003108                nrfx_nvmc_page_erase
 .text.verify_header
                0x0000000000003140       0x50 modules/mbedtls/lib..__modules__crypto__mbedtls.a(memory_buffer_alloc.c.obj)
 .text.verify_chain
                0x0000000000003190       0x4c modules/mbedtls/lib..__modules__crypto__mbedtls.a(memory_buffer_alloc.c.obj)
 .text.buffer_alloc_free
                0x00000000000031dc      0x134 modules/mbedtls/lib..__modules__crypto__mbedtls.a(memory_buffer_alloc.c.obj)
 .text.buffer_alloc_calloc
                0x0000000000003310      0x150 modules/mbedtls/lib..__modules__crypto__mbedtls.a(memory_buffer_alloc.c.obj)
 .text.mbedtls_memory_buffer_alloc_init
                0x0000000000003460       0x68 modules/mbedtls/lib..__modules__crypto__mbedtls.a(memory_buffer_alloc.c.obj)
                0x0000000000003460                mbedtls_memory_buffer_alloc_init
 .text.mbedtls_calloc
                0x00000000000034c8       0x10 modules/mbedtls/lib..__modules__crypto__mbedtls.a(platform.c.obj)
                0x00000000000034c8                mbedtls_calloc
 .text.mbedtls_free
                0x00000000000034d8       0x10 modules/mbedtls/lib..__modules__crypto__mbedtls.a(platform.c.obj)
                0x00000000000034d8                mbedtls_free
 .text.mbedtls_platform_set_calloc_free
                0x00000000000034e8       0x14 modules/mbedtls/lib..__modules__crypto__mbedtls.a(platform.c.obj)
                0x00000000000034e8                mbedtls_platform_set_calloc_free
 .text.mbedtls_platform_zeroize
                0x00000000000034fc       0x14 modules/mbedtls/lib..__modules__crypto__mbedtls.a(platform_util.c.obj)
                0x00000000000034fc                mbedtls_platform_zeroize
 .text.rsa_check_context
                0x0000000000003510       0xd0 modules/mbedtls/lib..__modules__crypto__mbedtls.a(rsa.c.obj)
 .text.mbedtls_rsa_check_pubkey
                0x00000000000035e0       0x54 modules/mbedtls/lib..__modules__crypto__mbedtls.a(rsa.c.obj)
                0x00000000000035e0                mbedtls_rsa_check_pubkey
 .text.mbedtls_rsa_public
                0x0000000000003634       0x84 modules/mbedtls/lib..__modules__crypto__mbedtls.a(rsa.c.obj)
                0x0000000000003634                mbedtls_rsa_public
 .text.mbedtls_sha256_starts_ret
                0x00000000000036b8       0xa4 modules/mbedtls/lib..__modules__crypto__mbedtls.a(sha256.c.obj)
                0x00000000000036b8                mbedtls_sha256_starts_ret
 .text.mbedtls_internal_sha256_process
                0x000000000000375c      0x7a8 modules/mbedtls/lib..__modules__crypto__mbedtls.a(sha256.c.obj)
                0x000000000000375c                mbedtls_internal_sha256_process
 .text.z_sys_device_do_config_level
                0x0000000000003f04       0x34 zephyr/kernel/libkernel.a(device.c.obj)
                0x0000000000003f04                z_sys_device_do_config_level
 .text.z_impl_device_get_binding
                0x0000000000003f38       0x50 zephyr/kernel/libkernel.a(device.c.obj)
                0x0000000000003f38                z_impl_device_get_binding
 .text.z_bss_zero
                0x0000000000003f88       0x18 zephyr/kernel/libkernel.a(init.c.obj)
                0x0000000000003f88                z_bss_zero
 .text.z_data_copy
                0x0000000000003fa0       0x34 zephyr/kernel/libkernel.a(init.c.obj)
                0x0000000000003fa0                z_data_copy
 .text.bg_thread_main
                0x0000000000003fd4       0x44 zephyr/kernel/libkernel.a(init.c.obj)
 .text.z_cstart
                0x0000000000004018       0x68 zephyr/kernel/libkernel.a(init.c.obj)
                0x0000000000004018                z_cstart
 .text.init_mem_slab_module
                0x0000000000004080       0x24 zephyr/kernel/libkernel.a(mem_slab.c.obj)
 .text.z_priq_dumb_remove
                0x00000000000040a4       0x30 zephyr/kernel/libkernel.a(sched.c.obj)
                0x00000000000040a4                z_priq_dumb_remove
 .text.update_cache
                0x00000000000040d4       0x44 zephyr/kernel/libkernel.a(sched.c.obj)
 .text.z_add_thread_to_ready_q
                0x0000000000004118       0x88 zephyr/kernel/libkernel.a(sched.c.obj)
                0x0000000000004118                z_add_thread_to_ready_q
 .text.z_thread_single_abort
                0x00000000000041a0       0xa8 zephyr/kernel/libkernel.a(sched.c.obj)
                0x00000000000041a0                z_thread_single_abort
 .text.z_impl_k_current_get
                0x0000000000004248        0xc zephyr/kernel/libkernel.a(sched.c.obj)
                0x0000000000004248                z_impl_k_current_get
 .text.z_impl_k_sem_give
                0x0000000000004254       0x64 zephyr/kernel/libkernel.a(sem.c.obj)
                0x0000000000004254                z_impl_k_sem_give
 .text.first    0x00000000000042b8       0x14 zephyr/kernel/libkernel.a(timeout.c.obj)
 .text.next     0x00000000000042cc       0x18 zephyr/kernel/libkernel.a(timeout.c.obj)
 .text.elapsed  0x00000000000042e4       0x18 zephyr/kernel/libkernel.a(timeout.c.obj)
 .text.z_clock_announce
                0x00000000000042fc       0xa8 zephyr/kernel/libkernel.a(timeout.c.obj)
                0x00000000000042fc                z_clock_announce
 .text.init_static_pools
                0x00000000000043a4       0x20 zephyr/kernel/libkernel.a(mempool.c.obj)
                0x00000000000043a4                init_static_pools
 .text.do_boot  0x00000000000043c4       0x3c app/libapp.a(main.c.obj)
 .text.flash_area_id_from_multi_image_slot
                0x0000000000004400       0x14 app/libapp.a(flash_map_extended.c.obj)
                0x0000000000004400                flash_area_id_from_multi_image_slot
 .text.flash_area_erased_val
                0x0000000000004414        0x4 app/libapp.a(flash_map_extended.c.obj)
                0x0000000000004414                flash_area_erased_val
 .text.flash_area_read_is_empty
                0x0000000000004418       0x28 app/libapp.a(flash_map_extended.c.obj)
                0x0000000000004418                flash_area_read_is_empty
 .text.boot_write_sz
                0x0000000000004440        0xa app/libapp.a(loader.c.obj)
 .text.boot_read_image_size
                0x000000000000444a       0xae app/libapp.a(loader.c.obj)
 .text.boot_check_header_erased
                0x00000000000044f8       0x5a app/libapp.a(loader.c.obj)
 .text.boot_initialize_area
                0x0000000000004552       0x36 app/libapp.a(loader.c.obj)
 .text.boot_read_sectors
                0x0000000000004588       0x2c app/libapp.a(loader.c.obj)
 .text.boot_read_image_headers
                0x00000000000045b4       0x36 app/libapp.a(loader.c.obj)
 .text.boot_validated_swap_type
                0x00000000000045ea       0x38 app/libapp.a(loader.c.obj)
 .text.boot_status_reset
                0x0000000000004622       0x14 app/libapp.a(loader.c.obj)
                0x0000000000004622                boot_status_reset
 .text.boot_status_is_reset
                0x0000000000004636       0x22 app/libapp.a(loader.c.obj)
                0x0000000000004636                boot_status_is_reset
 .text.boot_perform_update
                0x0000000000004658       0x42 app/libapp.a(loader.c.obj)
 .text.boot_write_status
                0x000000000000469a       0x66 app/libapp.a(loader.c.obj)
                0x000000000000469a                boot_write_status
 .text.boot_erase_region
                0x0000000000004700        0x8 app/libapp.a(loader.c.obj)
                0x0000000000004700                boot_erase_region
 .text.swap_erase_trailer_sectors
                0x0000000000004708       0x70 app/libapp.a(swap_misc.c.obj)
                0x0000000000004708                swap_erase_trailer_sectors
 .text.swap_status_init
                0x0000000000004778       0x44 app/libapp.a(swap_misc.c.obj)
                0x0000000000004778                swap_status_init
 .text.swap_read_status
                0x00000000000047bc       0x72 app/libapp.a(swap_misc.c.obj)
                0x00000000000047bc                swap_read_status
 .text.swap_set_copy_done
                0x000000000000482e       0x26 app/libapp.a(swap_misc.c.obj)
                0x000000000000482e                swap_set_copy_done
 .text.swap_set_image_ok
                0x0000000000004854       0x40 app/libapp.a(swap_misc.c.obj)
                0x0000000000004854                swap_set_image_ok
 .text.boot_status_internal_off
                0x0000000000004894       0x32 app/libapp.a(swap_move.c.obj)
                0x0000000000004894                boot_status_internal_off
 .text.boot_flag_decode
                0x00000000000048c6        0xa app/libapp.a(bootutil_misc.c.obj)
 .text.boot_write_trailer
                0x00000000000048d0       0x62 app/libapp.a(bootutil_misc.c.obj)
 .text.boot_write_trailer_flag
                0x0000000000004932       0x16 app/libapp.a(bootutil_misc.c.obj)
 .text.boot_magic_compatible_check
                0x0000000000004948       0x1e app/libapp.a(bootutil_misc.c.obj)
                0x0000000000004948                boot_magic_compatible_check
 .text.boot_status_sz
                0x0000000000004966        0x8 app/libapp.a(bootutil_misc.c.obj)
                0x0000000000004966                boot_status_sz
 .text.boot_trailer_sz
                0x000000000000496e        0xa app/libapp.a(bootutil_misc.c.obj)
                0x000000000000496e                boot_trailer_sz
 .text.boot_status_entries
                0x0000000000004978       0x1c app/libapp.a(bootutil_misc.c.obj)
                0x0000000000004978                boot_status_entries
 .text.boot_status_off
                0x0000000000004994       0x12 app/libapp.a(bootutil_misc.c.obj)
                0x0000000000004994                boot_status_off
 .text.boot_swap_info_off
                0x00000000000049a6        0x6 app/libapp.a(bootutil_misc.c.obj)
                0x00000000000049a6                boot_swap_info_off
 .text.boot_read_swap_state
                0x00000000000049ac       0xc0 app/libapp.a(bootutil_misc.c.obj)
                0x00000000000049ac                boot_read_swap_state
 .text.boot_read_swap_state_by_id
                0x0000000000004a6c       0x2a app/libapp.a(bootutil_misc.c.obj)
                0x0000000000004a6c                boot_read_swap_state_by_id
 .text.boot_read_swap_size
                0x0000000000004a96       0x36 app/libapp.a(bootutil_misc.c.obj)
                0x0000000000004a96                boot_read_swap_size
 .text.boot_write_copy_done
                0x0000000000004acc        0xe app/libapp.a(bootutil_misc.c.obj)
                0x0000000000004acc                boot_write_copy_done
 .text.boot_write_image_ok
                0x0000000000004ada        0xe app/libapp.a(bootutil_misc.c.obj)
                0x0000000000004ada                boot_write_image_ok
 .text.boot_write_swap_info
                0x0000000000004ae8       0x24 app/libapp.a(bootutil_misc.c.obj)
                0x0000000000004ae8                boot_write_swap_info
 .text.boot_write_swap_size
                0x0000000000004b0c       0x20 app/libapp.a(bootutil_misc.c.obj)
                0x0000000000004b0c                boot_write_swap_size
 .text.bootutil_img_hash
                0x0000000000004b2c       0x7e app/libapp.a(image_validate.c.obj)
 .text.bootutil_parse_rsakey
                0x0000000000004baa       0xa4 app/libapp.a(image_rsa.c.obj)
 .text.pss_mgf1
                0x0000000000004c4e       0x64 app/libapp.a(image_rsa.c.obj)
 .text.bootutil_tlv_iter_begin
                0x0000000000004cb2       0xca app/libapp.a(tlv.c.obj)
                0x0000000000004cb2                bootutil_tlv_iter_begin
 .text.bootutil_tlv_iter_next
                0x0000000000004d7c       0xb8 app/libapp.a(tlv.c.obj)
                0x0000000000004d7c                bootutil_tlv_iter_next
 .text.block_ptr
                0x0000000000004e34        0x8 zephyr/libzephyr.a(mempool.c.obj)
 .text.z_sys_mem_pool_base_init
                0x0000000000004e3c       0x80 zephyr/libzephyr.a(mempool.c.obj)
                0x0000000000004e3c                z_sys_mem_pool_base_init
 .text.arch_printk_char_out
                0x0000000000004ebc        0x4 zephyr/libzephyr.a(printk.c.obj)
                0x0000000000004ebc                arch_printk_char_out
 .text.print_err
                0x0000000000004ec0       0x18 zephyr/libzephyr.a(printk.c.obj)
 .text._printk_hex_ulong
                0x0000000000004ed8       0xc0 zephyr/libzephyr.a(printk.c.obj)
 .text.z_vprintk
                0x0000000000004f98      0x33e zephyr/libzephyr.a(printk.c.obj)
                0x0000000000004f98                z_vprintk
 .text.printk   0x00000000000052d6       0x1c zephyr/libzephyr.a(printk.c.obj)
                0x00000000000052d6                printk
 .text._ConfigAbsSyms
                0x00000000000052f2        0x2 zephyr/libzephyr.a(configs.c.obj)
                0x00000000000052f2                _ConfigAbsSyms
 .text.z_platform_init
                0x00000000000052f4        0x8 zephyr/libzephyr.a(soc.c.obj)
                0x00000000000052f4                z_platform_init
 .text.dummy_timestamp
                0x00000000000052fc        0x4 zephyr/libzephyr.a(log_core.c.obj)
 .text.k_cycle_get_32_wrapper
                0x0000000000005300        0x8 zephyr/libzephyr.a(log_core.c.obj)
 .text.log_string_sync
                0x0000000000005308       0x1c zephyr/libzephyr.a(log_core.c.obj)
                0x0000000000005308                log_string_sync
 .text.enable_logger
                0x0000000000005324        0xa zephyr/libzephyr.a(log_core.c.obj)
 .text.out_func
                0x000000000000532e       0x1a zephyr/libzephyr.a(log_output.c.obj)
 .text.buffer_write
                0x0000000000005348       0x1a zephyr/libzephyr.a(log_output.c.obj)
 .text.ends_with_newline
                0x0000000000005362       0x16 zephyr/libzephyr.a(log_output.c.obj)
 .text.color_prefix
                0x0000000000005378        0xc zephyr/libzephyr.a(log_output.c.obj)
 .text.color_postfix
                0x0000000000005384        0xc zephyr/libzephyr.a(log_output.c.obj)
 .text.postfix_print
                0x0000000000005390       0x18 zephyr/libzephyr.a(log_output.c.obj)
 .text.prefix_print
                0x00000000000053a8       0x4e zephyr/libzephyr.a(log_output.c.obj)
 .text.log_output_flush
                0x00000000000053f6       0x1a zephyr/libzephyr.a(log_output.c.obj)
                0x00000000000053f6                log_output_flush
 .text.char_out
                0x0000000000005410       0x20 zephyr/libzephyr.a(log_backend_uart.c.obj)
 .text.should_bail
                0x0000000000005430       0x3c zephyr/libzephyr.a(flash_map.c.obj)
 .text.get_sectors_cb
                0x000000000000546c       0x3c zephyr/libzephyr.a(flash_map.c.obj)
 .text.flash_area_layout
                0x00000000000054a8       0x4e zephyr/libzephyr.a(flash_map.c.obj)
 .text.flash_area_close
                0x00000000000054f6        0x2 zephyr/libzephyr.a(flash_map.c.obj)
                0x00000000000054f6                flash_area_close
 .text.flash_area_read
                0x00000000000054f8       0x3e zephyr/libzephyr.a(flash_map.c.obj)
                0x00000000000054f8                flash_area_read
 .text.flash_area_write
                0x0000000000005536       0x60 zephyr/libzephyr.a(flash_map.c.obj)
                0x0000000000005536                flash_area_write
 .text.flash_area_erase
                0x0000000000005596       0x5c zephyr/libzephyr.a(flash_map.c.obj)
                0x0000000000005596                flash_area_erase
 .text.flash_area_align
                0x00000000000055f2        0xe zephyr/libzephyr.a(flash_map.c.obj)
                0x00000000000055f2                flash_area_align
 .text.clock_event_check_and_clean
                0x0000000000005600       0x28 zephyr/libzephyr.a(nrf_power_clock.c.obj)
 .text.clock_irqs_disable
                0x0000000000005628        0xc zephyr/libzephyr.a(nrf_power_clock.c.obj)
 .text.clock_irqs_enable
                0x0000000000005634        0xc zephyr/libzephyr.a(nrf_power_clock.c.obj)
 .text.get_sub_data
                0x0000000000005640        0xc zephyr/libzephyr.a(nrf_power_clock.c.obj)
 .text.get_sub_config
                0x000000000000564c        0xa zephyr/libzephyr.a(nrf_power_clock.c.obj)
 .text.get_status
                0x0000000000005656       0x1c zephyr/libzephyr.a(nrf_power_clock.c.obj)
 .text.clock_stop
                0x0000000000005672       0x6e zephyr/libzephyr.a(nrf_power_clock.c.obj)
 .text.is_in_list
                0x00000000000056e0       0x1a zephyr/libzephyr.a(nrf_power_clock.c.obj)
 .text.list_append
                0x00000000000056fa       0x2c zephyr/libzephyr.a(nrf_power_clock.c.obj)
 .text.list_get
                0x0000000000005726       0x3c zephyr/libzephyr.a(nrf_power_clock.c.obj)
 .text.clkstarted_handle
                0x0000000000005762       0x24 zephyr/libzephyr.a(nrf_power_clock.c.obj)
 .text.clock_async_start
                0x0000000000005786       0xac zephyr/libzephyr.a(nrf_power_clock.c.obj)
 .text.clock_start
                0x0000000000005832        0xa zephyr/libzephyr.a(nrf_power_clock.c.obj)
 .text.clk_init
                0x000000000000583c       0x40 zephyr/libzephyr.a(nrf_power_clock.c.obj)
 .text.z_clock_isr
                0x000000000000587c        0x2 zephyr/libzephyr.a(sys_clock_init.c.obj)
                0x000000000000587c                z_clock_isr
 .text.sys_clock_disable
                0x000000000000587e        0x2 zephyr/libzephyr.a(sys_clock_init.c.obj)
                0x000000000000587e                sys_clock_disable
 .text.counter_sub
                0x0000000000005880        0x8 zephyr/libzephyr.a(nrf_rtc_timer.c.obj)
 .text.z_irq_spurious
                0x0000000000005888        0x8 zephyr/arch/arch/arm/core/aarch32/libarch__arm__core__aarch32.a(irq_manage.c.obj)
                0x0000000000005888                z_irq_spurious
 .text.z_arm_fatal_error
                0x0000000000005890        0x8 zephyr/arch/arch/arm/core/aarch32/libarch__arm__core__aarch32.a(fatal.c.obj)
                0x0000000000005890                z_arm_fatal_error
 .text.z_do_kernel_oops
                0x0000000000005898        0xc zephyr/arch/arch/arm/core/aarch32/libarch__arm__core__aarch32.a(fatal.c.obj)
                0x0000000000005898                z_do_kernel_oops
 .text.z_arm_nmi
                0x00000000000058a4        0xc zephyr/arch/arch/arm/core/aarch32/libarch__arm__core__aarch32.a(nmi.c.obj)
                0x00000000000058a4                z_arm_nmi
 .text.memory_fault_recoverable
                0x00000000000058b0        0x4 zephyr/arch/arch/arm/core/aarch32/cortex_m/libarch__arm__core__aarch32__cortex_m.a(fault.c.obj)
 .text.fault_handle
                0x00000000000058b4       0x36 zephyr/arch/arch/arm/core/aarch32/cortex_m/libarch__arm__core__aarch32__cortex_m.a(fault.c.obj)
 .text.z_arm_configure_dynamic_mpu_regions
                0x00000000000058ea        0xc zephyr/arch/arch/arm/core/aarch32/cortex_m/mpu/libarch__arm__core__aarch32__cortex_m__mpu.a(arm_core_mpu.c.obj)
                0x00000000000058ea                z_arm_configure_dynamic_mpu_regions
 .text.mpu_partition_is_valid
                0x00000000000058f6       0x24 zephyr/arch/arch/arm/core/aarch32/cortex_m/mpu/libarch__arm__core__aarch32__cortex_m__mpu.a(arm_mpu.c.obj)
 .text.mpu_configure_region
                0x000000000000591a       0x36 zephyr/arch/arch/arm/core/aarch32/cortex_m/mpu/libarch__arm__core__aarch32__cortex_m__mpu.a(arm_mpu.c.obj)
 .text.arm_core_mpu_configure_dynamic_mpu_regions
                0x0000000000005950        0x8 zephyr/arch/arch/arm/core/aarch32/cortex_m/mpu/libarch__arm__core__aarch32__cortex_m__mpu.a(arm_mpu.c.obj)
                0x0000000000005950                arm_core_mpu_configure_dynamic_mpu_regions
 .text.arm_cmse_mpu_region_get
                0x0000000000005958       0x14 zephyr/arch/arch/arm/core/aarch32/cortex_m/cmse/libarch__arm__core__aarch32__cortex_m__cmse.a(arm_core_cmse.c.obj)
                0x0000000000005958                arm_cmse_mpu_region_get
 .text.strcmp   0x000000000000596c       0x14 zephyr/lib/libc/minimal/liblib__libc__minimal.a(string.c.obj)
                0x000000000000596c                strcmp
 .text.memcmp   0x0000000000005980       0x2e zephyr/lib/libc/minimal/liblib__libc__minimal.a(string.c.obj)
                0x0000000000005980                memcmp
 .text.memcpy   0x00000000000059ae       0x48 zephyr/lib/libc/minimal/liblib__libc__minimal.a(string.c.obj)
                0x00000000000059ae                memcpy
 .text.memset   0x00000000000059f6       0x3a zephyr/lib/libc/minimal/liblib__libc__minimal.a(string.c.obj)
                0x00000000000059f6                memset
 .text._stdout_hook_default
                0x0000000000005a30        0x6 zephyr/lib/libc/minimal/liblib__libc__minimal.a(stdout_console.c.obj)
 .text.gpio_nrfx_write
                0x0000000000005a36       0x40 zephyr/drivers/gpio/libdrivers__gpio.a(gpio_nrfx.c.obj)
 .text.gpio_nrfx_read
                0x0000000000005a76       0x32 zephyr/drivers/gpio/libdrivers__gpio.a(gpio_nrfx.c.obj)
 .text.gpio_nrfx_manage_callback
                0x0000000000005aa8       0x62 zephyr/drivers/gpio/libdrivers__gpio.a(gpio_nrfx.c.obj)
 .text.gpio_nrfx_pin_manage_callback
                0x0000000000005b0a       0x52 zephyr/drivers/gpio/libdrivers__gpio.a(gpio_nrfx.c.obj)
 .text.gpio_nrfx_pin_enable_callback
                0x0000000000005b5c        0xa zephyr/drivers/gpio/libdrivers__gpio.a(gpio_nrfx.c.obj)
 .text.gpio_nrfx_pin_disable_callback
                0x0000000000005b66        0xa zephyr/drivers/gpio/libdrivers__gpio.a(gpio_nrfx.c.obj)
 .text.flash_nrf_write_protection
                0x0000000000005b70        0x4 zephyr/drivers/flash/libdrivers__flash.a(soc_flash_nrf.c.obj)
 .text.shift_write_context
                0x0000000000005b74       0x14 zephyr/drivers/flash/libdrivers__flash.a(soc_flash_nrf.c.obj)
 .text.erase_op
                0x0000000000005b88       0x24 zephyr/drivers/flash/libdrivers__flash.a(soc_flash_nrf.c.obj)
 .text.erase    0x0000000000005bac       0x18 zephyr/drivers/flash/libdrivers__flash.a(soc_flash_nrf.c.obj)
 .text.flash_nrf_erase
                0x0000000000005bc4       0x6c zephyr/drivers/flash/libdrivers__flash.a(soc_flash_nrf.c.obj)
 .text.write_op
                0x0000000000005c30       0x26 zephyr/drivers/flash/libdrivers__flash.a(soc_flash_nrf.c.obj)
 .text.write    0x0000000000005c56       0x16 zephyr/drivers/flash/libdrivers__flash.a(soc_flash_nrf.c.obj)
 .text.flash_nrf_write
                0x0000000000005c6c       0x60 zephyr/drivers/flash/libdrivers__flash.a(soc_flash_nrf.c.obj)
 .text.flash_nrf_read
                0x0000000000005ccc       0x4a zephyr/drivers/flash/libdrivers__flash.a(soc_flash_nrf.c.obj)
 .text.flash_page_foreach
                0x0000000000005d16       0x54 zephyr/drivers/flash/libdrivers__flash.a(flash_page_layout.c.obj)
                0x0000000000005d16                flash_page_foreach
 .text.uarte_nrfx_isr_int
                0x0000000000005d6a       0x42 zephyr/drivers/serial/libdrivers__serial.a(uart_nrfx_uarte.c.obj)
 .text.uarte_nrfx_configure
                0x0000000000005dac       0xb4 zephyr/drivers/serial/libdrivers__serial.a(uart_nrfx_uarte.c.obj)
 .text.uarte_nrfx_config_get
                0x0000000000005e60       0x10 zephyr/drivers/serial/libdrivers__serial.a(uart_nrfx_uarte.c.obj)
 .text.uarte_nrfx_err_check
                0x0000000000005e70       0x10 zephyr/drivers/serial/libdrivers__serial.a(uart_nrfx_uarte.c.obj)
 .text.uarte_nrfx_poll_in
                0x0000000000005e80       0x28 zephyr/drivers/serial/libdrivers__serial.a(uart_nrfx_uarte.c.obj)
 .text.uarte_nrfx_poll_out
                0x0000000000005ea8       0x32 zephyr/drivers/serial/libdrivers__serial.a(uart_nrfx_uarte.c.obj)
 .text.uarte_nrfx_fifo_fill
                0x0000000000005eda       0x48 zephyr/drivers/serial/libdrivers__serial.a(uart_nrfx_uarte.c.obj)
 .text.uarte_nrfx_fifo_read
                0x0000000000005f22       0x22 zephyr/drivers/serial/libdrivers__serial.a(uart_nrfx_uarte.c.obj)
 .text.uarte_nrfx_irq_tx_enable
                0x0000000000005f44       0x18 zephyr/drivers/serial/libdrivers__serial.a(uart_nrfx_uarte.c.obj)
 .text.uarte_nrfx_irq_tx_disable
                0x0000000000005f5c        0xa zephyr/drivers/serial/libdrivers__serial.a(uart_nrfx_uarte.c.obj)
 .text.uarte_nrfx_irq_tx_ready_complete
                0x0000000000005f66       0x22 zephyr/drivers/serial/libdrivers__serial.a(uart_nrfx_uarte.c.obj)
 .text.uarte_nrfx_irq_rx_ready
                0x0000000000005f88       0x12 zephyr/drivers/serial/libdrivers__serial.a(uart_nrfx_uarte.c.obj)
 .text.uarte_nrfx_irq_rx_enable
                0x0000000000005f9a        0xe zephyr/drivers/serial/libdrivers__serial.a(uart_nrfx_uarte.c.obj)
 .text.uarte_nrfx_irq_rx_disable
                0x0000000000005fa8        0xe zephyr/drivers/serial/libdrivers__serial.a(uart_nrfx_uarte.c.obj)
 .text.uarte_nrfx_irq_err_enable
                0x0000000000005fb6       0x10 zephyr/drivers/serial/libdrivers__serial.a(uart_nrfx_uarte.c.obj)
 .text.uarte_nrfx_irq_err_disable
                0x0000000000005fc6       0x10 zephyr/drivers/serial/libdrivers__serial.a(uart_nrfx_uarte.c.obj)
 .text.uarte_nrfx_irq_is_pending
                0x0000000000005fd6       0x3c zephyr/drivers/serial/libdrivers__serial.a(uart_nrfx_uarte.c.obj)
 .text.uarte_nrfx_irq_update
                0x0000000000006012        0x4 zephyr/drivers/serial/libdrivers__serial.a(uart_nrfx_uarte.c.obj)
 .text.uarte_nrfx_irq_callback_set
                0x0000000000006016        0xc zephyr/drivers/serial/libdrivers__serial.a(uart_nrfx_uarte.c.obj)
 .text.flash_page_size_get
                0x0000000000006022        0x6 modules/nordic/lib..__modules__hal__nordic.a(nrfx_nvmc.c.obj)
 .text.flash_page_count_get
                0x0000000000006028        0x6 modules/nordic/lib..__modules__hal__nordic.a(nrfx_nvmc.c.obj)
 .text.flash_total_size_get
                0x000000000000602e       0x12 modules/nordic/lib..__modules__hal__nordic.a(nrfx_nvmc.c.obj)
 .text.is_page_aligned_check
                0x0000000000006040       0x18 modules/nordic/lib..__modules__hal__nordic.a(nrfx_nvmc.c.obj)
 .text.nrfx_nvmc_word_write
                0x0000000000006058       0x18 modules/nordic/lib..__modules__hal__nordic.a(nrfx_nvmc.c.obj)
                0x0000000000006058                nrfx_nvmc_word_write
 .text.nrfx_nvmc_flash_size_get
                0x0000000000006070        0x8 modules/nordic/lib..__modules__hal__nordic.a(nrfx_nvmc.c.obj)
                0x0000000000006070                nrfx_nvmc_flash_size_get
 .text.nrfx_nvmc_flash_page_size_get
                0x0000000000006078        0x8 modules/nordic/lib..__modules__hal__nordic.a(nrfx_nvmc.c.obj)
                0x0000000000006078                nrfx_nvmc_flash_page_size_get
 .text.nrfx_nvmc_flash_page_count_get
                0x0000000000006080        0x8 modules/nordic/lib..__modules__hal__nordic.a(nrfx_nvmc.c.obj)
                0x0000000000006080                nrfx_nvmc_flash_page_count_get
 .text._mbedtls_init
                0x0000000000006088        0x4 modules/mbedtls/lib..__modules__crypto__mbedtls.a(zephyr_init.c.obj)
 .text.mbedtls_asn1_get_len
                0x000000000000608c       0xcc modules/mbedtls/lib..__modules__crypto__mbedtls.a(asn1parse.c.obj)
                0x000000000000608c                mbedtls_asn1_get_len
 .text.mbedtls_asn1_get_tag
                0x0000000000006158       0x26 modules/mbedtls/lib..__modules__crypto__mbedtls.a(asn1parse.c.obj)
                0x0000000000006158                mbedtls_asn1_get_tag
 .text.mbedtls_asn1_get_mpi
                0x000000000000617e       0x2a modules/mbedtls/lib..__modules__crypto__mbedtls.a(asn1parse.c.obj)
                0x000000000000617e                mbedtls_asn1_get_mpi
 .text.mbedtls_clz
                0x00000000000061a8       0x18 modules/mbedtls/lib..__modules__crypto__mbedtls.a(bignum.c.obj)
 .text.mpi_uint_bigendian_to_host_c
                0x00000000000061c0       0x24 modules/mbedtls/lib..__modules__crypto__mbedtls.a(bignum.c.obj)
 .text.mpi_uint_bigendian_to_host
                0x00000000000061e4        0x8 modules/mbedtls/lib..__modules__crypto__mbedtls.a(bignum.c.obj)
 .text.mpi_bigendian_to_host
                0x00000000000061ec       0x30 modules/mbedtls/lib..__modules__crypto__mbedtls.a(bignum.c.obj)
 .text.mpi_sub_hlp
                0x000000000000621c       0x4c modules/mbedtls/lib..__modules__crypto__mbedtls.a(bignum.c.obj)
 .text.mpi_mul_hlp
                0x0000000000006268      0x33a modules/mbedtls/lib..__modules__crypto__mbedtls.a(bignum.c.obj)
 .text.mbedtls_int_div_int
                0x00000000000065a2       0x46 modules/mbedtls/lib..__modules__crypto__mbedtls.a(bignum.c.obj)
 .text.mpi_montg_init
                0x00000000000065e8       0x2e modules/mbedtls/lib..__modules__crypto__mbedtls.a(bignum.c.obj)
 .text.mbedtls_mpi_zeroize
                0x0000000000006616        0xa modules/mbedtls/lib..__modules__crypto__mbedtls.a(bignum.c.obj)
 .text.mbedtls_mpi_init
                0x0000000000006620        0xc modules/mbedtls/lib..__modules__crypto__mbedtls.a(bignum.c.obj)
                0x0000000000006620                mbedtls_mpi_init
 .text.mbedtls_mpi_free
                0x000000000000662c       0x24 modules/mbedtls/lib..__modules__crypto__mbedtls.a(bignum.c.obj)
                0x000000000000662c                mbedtls_mpi_free
 .text.mbedtls_mpi_grow
                0x0000000000006650       0x52 modules/mbedtls/lib..__modules__crypto__mbedtls.a(bignum.c.obj)
                0x0000000000006650                mbedtls_mpi_grow
 .text.mbedtls_mpi_copy
                0x00000000000066a2       0x64 modules/mbedtls/lib..__modules__crypto__mbedtls.a(bignum.c.obj)
                0x00000000000066a2                mbedtls_mpi_copy
 .text.mbedtls_mpi_lset
                0x0000000000006706       0x3c modules/mbedtls/lib..__modules__crypto__mbedtls.a(bignum.c.obj)
                0x0000000000006706                mbedtls_mpi_lset
 .text.mbedtls_mpi_get_bit
                0x0000000000006742       0x22 modules/mbedtls/lib..__modules__crypto__mbedtls.a(bignum.c.obj)
                0x0000000000006742                mbedtls_mpi_get_bit
 .text.mbedtls_mpi_bitlen
                0x0000000000006764       0x2e modules/mbedtls/lib..__modules__crypto__mbedtls.a(bignum.c.obj)
                0x0000000000006764                mbedtls_mpi_bitlen
 .text.mbedtls_mpi_size
                0x0000000000006792        0xc modules/mbedtls/lib..__modules__crypto__mbedtls.a(bignum.c.obj)
                0x0000000000006792                mbedtls_mpi_size
 .text.mbedtls_mpi_read_binary
                0x000000000000679e       0x5e modules/mbedtls/lib..__modules__crypto__mbedtls.a(bignum.c.obj)
                0x000000000000679e                mbedtls_mpi_read_binary
 .text.mbedtls_mpi_write_binary
                0x00000000000067fc       0x68 modules/mbedtls/lib..__modules__crypto__mbedtls.a(bignum.c.obj)
                0x00000000000067fc                mbedtls_mpi_write_binary
 .text.mbedtls_mpi_shift_l
                0x0000000000006864       0xa0 modules/mbedtls/lib..__modules__crypto__mbedtls.a(bignum.c.obj)
                0x0000000000006864                mbedtls_mpi_shift_l
 .text.mbedtls_mpi_shift_r
                0x0000000000006904       0x92 modules/mbedtls/lib..__modules__crypto__mbedtls.a(bignum.c.obj)
                0x0000000000006904                mbedtls_mpi_shift_r
 .text.mbedtls_mpi_cmp_abs
                0x0000000000006996       0x72 modules/mbedtls/lib..__modules__crypto__mbedtls.a(bignum.c.obj)
                0x0000000000006996                mbedtls_mpi_cmp_abs
 .text.mpi_montmul
                0x0000000000006a08       0xda modules/mbedtls/lib..__modules__crypto__mbedtls.a(bignum.c.obj)
 .text.mpi_montred
                0x0000000000006ae2       0x20 modules/mbedtls/lib..__modules__crypto__mbedtls.a(bignum.c.obj)
 .text.mbedtls_mpi_cmp_mpi
                0x0000000000006b02       0x90 modules/mbedtls/lib..__modules__crypto__mbedtls.a(bignum.c.obj)
                0x0000000000006b02                mbedtls_mpi_cmp_mpi
 .text.mbedtls_mpi_cmp_int
                0x0000000000006b92       0x30 modules/mbedtls/lib..__modules__crypto__mbedtls.a(bignum.c.obj)
                0x0000000000006b92                mbedtls_mpi_cmp_int
 .text.mbedtls_mpi_add_abs
                0x0000000000006bc2       0xa6 modules/mbedtls/lib..__modules__crypto__mbedtls.a(bignum.c.obj)
                0x0000000000006bc2                mbedtls_mpi_add_abs
 .text.mbedtls_mpi_sub_abs
                0x0000000000006c68       0x76 modules/mbedtls/lib..__modules__crypto__mbedtls.a(bignum.c.obj)
                0x0000000000006c68                mbedtls_mpi_sub_abs
 .text.mbedtls_mpi_add_mpi
                0x0000000000006cde       0x4c modules/mbedtls/lib..__modules__crypto__mbedtls.a(bignum.c.obj)
                0x0000000000006cde                mbedtls_mpi_add_mpi
 .text.mbedtls_mpi_sub_mpi
                0x0000000000006d2a       0x50 modules/mbedtls/lib..__modules__crypto__mbedtls.a(bignum.c.obj)
                0x0000000000006d2a                mbedtls_mpi_sub_mpi
 .text.mbedtls_mpi_mul_mpi
                0x0000000000006d7a       0xca modules/mbedtls/lib..__modules__crypto__mbedtls.a(bignum.c.obj)
                0x0000000000006d7a                mbedtls_mpi_mul_mpi
 .text.mbedtls_mpi_mul_int
                0x0000000000006e44       0x1c modules/mbedtls/lib..__modules__crypto__mbedtls.a(bignum.c.obj)
                0x0000000000006e44                mbedtls_mpi_mul_int
 .text.mbedtls_mpi_div_mpi
                0x0000000000006e60      0x390 modules/mbedtls/lib..__modules__crypto__mbedtls.a(bignum.c.obj)
                0x0000000000006e60                mbedtls_mpi_div_mpi
 .text.mbedtls_mpi_mod_mpi
                0x00000000000071f0       0x68 modules/mbedtls/lib..__modules__crypto__mbedtls.a(bignum.c.obj)
                0x00000000000071f0                mbedtls_mpi_mod_mpi
 .text.mbedtls_mpi_exp_mod
                0x0000000000007258      0x48e modules/mbedtls/lib..__modules__crypto__mbedtls.a(bignum.c.obj)
                0x0000000000007258                mbedtls_mpi_exp_mod
 .text.platform_calloc_uninit
                0x00000000000076e6        0x4 modules/mbedtls/lib..__modules__crypto__mbedtls.a(platform.c.obj)
 .text.platform_free_uninit
                0x00000000000076ea        0x2 modules/mbedtls/lib..__modules__crypto__mbedtls.a(platform.c.obj)
 .text.platform_exit_uninit
                0x00000000000076ec        0x2 modules/mbedtls/lib..__modules__crypto__mbedtls.a(platform.c.obj)
 .text.mbedtls_rsa_import
                0x00000000000076ee       0x74 modules/mbedtls/lib..__modules__crypto__mbedtls.a(rsa.c.obj)
                0x00000000000076ee                mbedtls_rsa_import
 .text.mbedtls_rsa_set_padding
                0x0000000000007762        0xa modules/mbedtls/lib..__modules__crypto__mbedtls.a(rsa.c.obj)
                0x0000000000007762                mbedtls_rsa_set_padding
 .text.mbedtls_rsa_init
                0x000000000000776c       0x1c modules/mbedtls/lib..__modules__crypto__mbedtls.a(rsa.c.obj)
                0x000000000000776c                mbedtls_rsa_init
 .text.mbedtls_rsa_free
                0x0000000000007788       0x70 modules/mbedtls/lib..__modules__crypto__mbedtls.a(rsa.c.obj)
                0x0000000000007788                mbedtls_rsa_free
 .text.mbedtls_sha256_init
                0x00000000000077f8        0xc modules/mbedtls/lib..__modules__crypto__mbedtls.a(sha256.c.obj)
                0x00000000000077f8                mbedtls_sha256_init
 .text.mbedtls_sha256_update_ret
                0x0000000000007804       0x86 modules/mbedtls/lib..__modules__crypto__mbedtls.a(sha256.c.obj)
                0x0000000000007804                mbedtls_sha256_update_ret
 .text.mbedtls_sha256_finish_ret
                0x000000000000788a      0x140 modules/mbedtls/lib..__modules__crypto__mbedtls.a(sha256.c.obj)
                0x000000000000788a                mbedtls_sha256_finish_ret
 .text.arch_system_halt
                0x00000000000079ca       0x12 zephyr/kernel/libkernel.a(fatal.c.obj)
                0x00000000000079ca                arch_system_halt
 .text.k_sys_fatal_error_handler
                0x00000000000079dc        0xe zephyr/kernel/libkernel.a(fatal.c.obj)
                0x00000000000079dc                k_sys_fatal_error_handler
 .text.z_fatal_error
                0x00000000000079ea       0x1c zephyr/kernel/libkernel.a(fatal.c.obj)
                0x00000000000079ea                z_fatal_error
 .text.create_free_list
                0x0000000000007a06       0x2e zephyr/kernel/libkernel.a(mem_slab.c.obj)
 .text.pended_on
                0x0000000000007a34        0x4 zephyr/kernel/libkernel.a(sched.c.obj)
 .text.z_is_t1_higher_prio_than_t2
                0x0000000000007a38       0x14 zephyr/kernel/libkernel.a(sched.c.obj)
                0x0000000000007a38                z_is_t1_higher_prio_than_t2
 .text.z_reschedule
                0x0000000000007a4c       0x26 zephyr/kernel/libkernel.a(sched.c.obj)
                0x0000000000007a4c                z_reschedule
 .text.z_reschedule_irqlock
                0x0000000000007a72       0x1c zephyr/kernel/libkernel.a(sched.c.obj)
                0x0000000000007a72                z_reschedule_irqlock
 .text.z_priq_dumb_best
                0x0000000000007a8e        0xe zephyr/kernel/libkernel.a(sched.c.obj)
                0x0000000000007a8e                z_priq_dumb_best
 .text.z_unpend_first_thread
                0x0000000000007a9c       0x76 zephyr/kernel/libkernel.a(sched.c.obj)
                0x0000000000007a9c                z_unpend_first_thread
 .text.remove_timeout
                0x0000000000007b12       0x24 zephyr/kernel/libkernel.a(timeout.c.obj)
 .text.next_timeout
                0x0000000000007b36       0x1e zephyr/kernel/libkernel.a(timeout.c.obj)
 .text.z_abort_timeout
                0x0000000000007b54       0x3c zephyr/kernel/libkernel.a(timeout.c.obj)
                0x0000000000007b54                z_abort_timeout
 .text.k_mem_pool_init
                0x0000000000007b90       0x10 zephyr/kernel/libkernel.a(mempool.c.obj)
 .text._OffsetAbsSyms
                0x0000000000007ba0        0x2 zephyr/CMakeFiles/offsets.dir/./arch/arm/core/offsets/offsets.c.obj
                0x0000000000007ba0                _OffsetAbsSyms
 *(SORT_BY_ALIGNMENT(.gnu.linkonce.t.*))
 *(SORT_BY_ALIGNMENT(.glue_7t))
 .glue_7t       0x0000000000007ba2        0x0 linker stubs
 *(SORT_BY_ALIGNMENT(.glue_7))
 .glue_7        0x0000000000007ba2        0x0 linker stubs
 *(SORT_BY_ALIGNMENT(.vfp11_veneer))
 .vfp11_veneer  0x0000000000007ba2        0x0 linker stubs
 *(SORT_BY_ALIGNMENT(.v4_bx))
 .v4_bx         0x0000000000007ba2        0x0 linker stubs
                0x0000000000007ba2                _image_text_end = .

.ARM.exidx      0x0000000000007ba4        0x8
                0x0000000000007ba4                __exidx_start = .
 *(SORT_BY_ALIGNMENT(.ARM.exidx*) SORT_BY_ALIGNMENT(gnu.linkonce.armexidx.*))
 .ARM.exidx     0x0000000000007ba4        0x8 /opt/gnuarmemb/bin/../lib/gcc/arm-none-eabi/9.2.1/thumb/v8-m.main/nofp/libgcc.a(_udivmoddi4.o)
                0x0000000000007bac                __exidx_end = .
                0x0000000000007bac                _image_rodata_start = .

sw_isr_table    0x0000000000007bac      0x208
                0x0000000000007bac                . = ALIGN (0x0)
 *(SORT_BY_ALIGNMENT(.gnu.linkonce.sw_isr_table))
 .gnu.linkonce.sw_isr_table
                0x0000000000007bac      0x208 zephyr/CMakeFiles/zephyr_final.dir/isr_tables.c.obj
                0x0000000000007bac                _sw_isr_table

app_shmem_regions
                0x0000000000007db4        0x0
                0x0000000000007db4                __app_shmem_regions_start = .
 *(SORT_BY_NAME(SORT_BY_ALIGNMENT(.app_regions.*)))
                0x0000000000007db4                __app_shmem_regions_end = .

devconfig       0x0000000000007db4       0x90
                0x0000000000007db4                __devconfig_start = .
 *(SORT_BY_ALIGNMENT(.devconfig.*))
 .devconfig.init
                0x0000000000007db4        0xc zephyr/libzephyr.a(soc.c.obj)
 .devconfig.init
                0x0000000000007dc0        0xc zephyr/libzephyr.a(log_core.c.obj)
 .devconfig.init
                0x0000000000007dcc        0xc zephyr/libzephyr.a(uart_console.c.obj)
 .devconfig.init
                0x0000000000007dd8        0xc zephyr/libzephyr.a(nrf_power_clock.c.obj)
 .devconfig.init
                0x0000000000007de4        0xc zephyr/libzephyr.a(sys_clock_init.c.obj)
 .devconfig.init
                0x0000000000007df0        0xc zephyr/arch/arch/arm/core/aarch32/cortex_m/mpu/libarch__arm__core__aarch32__cortex_m__mpu.a(arm_mpu.c.obj)
 .devconfig.init
                0x0000000000007dfc        0xc zephyr/drivers/gpio/libdrivers__gpio.a(gpio_nrfx.c.obj)
 .devconfig.init
                0x0000000000007e08        0xc zephyr/drivers/flash/libdrivers__flash.a(soc_flash_nrf.c.obj)
 .devconfig.init
                0x0000000000007e14        0xc zephyr/drivers/serial/libdrivers__serial.a(uart_nrfx_uarte.c.obj)
 .devconfig.init
                0x0000000000007e20        0xc modules/mbedtls/lib..__modules__crypto__mbedtls.a(zephyr_init.c.obj)
 .devconfig.init
                0x0000000000007e2c        0xc zephyr/kernel/libkernel.a(mem_slab.c.obj)
 .devconfig.init
                0x0000000000007e38        0xc zephyr/kernel/libkernel.a(mempool.c.obj)
 *(SORT_BY_NAME(SORT_BY_ALIGNMENT(.devconfig*)))
                0x0000000000007e44                __devconfig_end = .

net_l2          0x0000000000007e44        0x0
                0x0000000000007e44                __net_l2_start = .
 *(SORT_BY_ALIGNMENT(.net_l2.init))
 *(SORT_BY_NAME(SORT_BY_ALIGNMENT(.net_l2.init*)))
                0x0000000000007e44                __net_l2_end = .

_bt_channels_area
                0x0000000000007e44        0x0
                0x0000000000007e44                _bt_l2cap_fixed_chan_list_start = .
 *(SORT_BY_NAME(SORT_BY_ALIGNMENT(._bt_l2cap_fixed_chan.static.*)))
                0x0000000000007e44                _bt_l2cap_fixed_chan_list_end = .

_bt_services_area
                0x0000000000007e44        0x0
                0x0000000000007e44                _bt_gatt_service_static_list_start = .
 *(SORT_BY_NAME(SORT_BY_ALIGNMENT(._bt_gatt_service_static.static.*)))
                0x0000000000007e44                _bt_gatt_service_static_list_end = .

log_const_sections
                0x0000000000007e44       0x30
                0x0000000000007e44                __log_const_start = .
 *(SORT_BY_NAME(SORT_BY_ALIGNMENT(.log_const_*)))
 .log_const_clock_control
                0x0000000000007e44        0x8 zephyr/libzephyr.a(nrf_power_clock.c.obj)
                0x0000000000007e44                log_const_clock_control
 .log_const_mcuboot
                0x0000000000007e4c        0x8 app/libapp.a(main.c.obj)
                0x0000000000007e4c                log_const_mcuboot
 .log_const_mpu
                0x0000000000007e54        0x8 zephyr/arch/arch/arm/core/aarch32/cortex_m/mpu/libarch__arm__core__aarch32__cortex_m__mpu.a(arm_core_mpu.c.obj)
                0x0000000000007e54                log_const_mpu
 .log_const_os  0x0000000000007e5c        0x8 zephyr/kernel/libkernel.a(init.c.obj)
                0x0000000000007e5c                log_const_os
 .log_const_soc
                0x0000000000007e64        0x8 zephyr/libzephyr.a(soc.c.obj)
                0x0000000000007e64                log_const_soc
 .log_const_uart_nrfx_uarte
                0x0000000000007e6c        0x8 zephyr/drivers/serial/libdrivers__serial.a(uart_nrfx_uarte.c.obj)
                0x0000000000007e6c                log_const_uart_nrfx_uarte
                0x0000000000007e74                __log_const_end = .

log_backends_sections
                0x0000000000007e74       0x10
                0x0000000000007e74                __log_backends_start = .
 *(SORT_BY_ALIGNMENT(._log_backend.*))
 ._log_backend.static.log_backend_uart
                0x0000000000007e74       0x10 zephyr/libzephyr.a(log_backend_uart.c.obj)
                0x0000000000007e84                __log_backends_end = .

shell_root_cmds_sections
                0x0000000000007e84        0x0
                0x0000000000007e84                __shell_root_cmds_start = .
 *(SORT_BY_NAME(SORT_BY_ALIGNMENT(.shell_root_cmd_*)))
                0x0000000000007e84                __shell_root_cmds_end = .

font_entry_sections
                0x0000000000007e84        0x0
                0x0000000000007e84                __font_entry_start = .
 *(SORT_BY_NAME(SORT_BY_ALIGNMENT(._cfb_font.*)))
                0x0000000000007e84                __font_entry_end = .

rodata          0x0000000000007e84      0x9d8
 *(SORT_BY_ALIGNMENT(.rodata))
 .rodata        0x0000000000007e84       0x10 zephyr/drivers/serial/libdrivers__serial.a(uart_nrfx_uarte.c.obj)
 *(SORT_BY_ALIGNMENT(.rodata.*))
 .rodata.main.str1.4
                0x0000000000007e94       0xf6 app/libapp.a(main.c.obj)
 *fill*         0x0000000000007f8a        0x2 
 .rodata.str1.4
                0x0000000000007f8c        0x8 app/libapp.a(main.c.obj)
 .rodata.flash_device_base.str1.4
                0x0000000000007f94       0x21 app/libapp.a(flash_map_extended.c.obj)
 *fill*         0x0000000000007fb5        0x3 
 .rodata.bootutil_key_cnt
                0x0000000000007fb8        0x4 app/libapp.a(keys.c.obj)
                0x0000000000007fb8                bootutil_key_cnt
 .rodata.bootutil_keys
                0x0000000000007fbc        0x8 app/libapp.a(keys.c.obj)
                0x0000000000007fbc                bootutil_keys
 .rodata.boot_validate_slot.str1.4
                0x0000000000007fc4       0x37 app/libapp.a(loader.c.obj)
 *fill*         0x0000000000007ffb        0x1 
 .rodata.boot_swap_image.str1.4
                0x0000000000007ffc       0x2a app/libapp.a(loader.c.obj)
 *fill*         0x0000000000008026        0x2 
 .rodata.boot_complete_partial_swap.str1.4
                0x0000000000008028        0x7 app/libapp.a(loader.c.obj)
 *fill*         0x000000000000802f        0x1 
 .rodata.boot_prepare_image_for_update.str1.4
                0x0000000000008030       0x8d app/libapp.a(loader.c.obj)
 *fill*         0x00000000000080bd        0x3 
 .rodata.swap_read_status_bytes.str1.4
                0x00000000000080c0       0x1e app/libapp.a(swap_move.c.obj)
 *fill*         0x00000000000080de        0x2 
 .rodata.boot_slots_compatible.str1.4
                0x00000000000080e0       0x8b app/libapp.a(swap_move.c.obj)
 *fill*         0x000000000000816b        0x1 
 .rodata.swap_status_source.str1.4
                0x000000000000816c       0x8e app/libapp.a(swap_move.c.obj)
 *fill*         0x00000000000081fa        0x2 
 .rodata.fixup_revert.str1.4
                0x00000000000081fc       0x10 app/libapp.a(swap_move.c.obj)
 .rodata.swap_run.str1.4
                0x000000000000820c       0x2a app/libapp.a(swap_move.c.obj)
 *fill*         0x0000000000008236        0x2 
 .rodata.boot_swap_type_multi.str1.4
                0x0000000000008238       0x4c app/libapp.a(bootutil_misc.c.obj)
 .rodata.boot_img_magic
                0x0000000000008284       0x10 app/libapp.a(bootutil_misc.c.obj)
                0x0000000000008284                boot_img_magic
 .rodata.boot_swap_tables
                0x0000000000008294       0x12 app/libapp.a(bootutil_misc.c.obj)
 *fill*         0x00000000000082a6        0x2 
 .rodata.pss_zeros
                0x00000000000082a8        0x8 app/libapp.a(image_rsa.c.obj)
 .rodata.rsa_pub_key
                0x00000000000082b0      0x10e app/libapp.a(autogen-pubkey.c.obj)
                0x00000000000082b0                rsa_pub_key
 *fill*         0x00000000000083be        0x2 
 .rodata.rsa_pub_key_len
                0x00000000000083c0        0x4 app/libapp.a(autogen-pubkey.c.obj)
                0x00000000000083c0                rsa_pub_key_len
 .rodata.str1.4
                0x00000000000083c4        0x4 zephyr/libzephyr.a(soc.c.obj)
                                          0x8 (size before relaxing)
 .rodata.str1.4
                0x00000000000083c8        0x1 zephyr/libzephyr.a(log_core.c.obj)
 .rodata.timestamp_print.str1.4
                0x00000000000083c8       0x28 zephyr/libzephyr.a(log_output.c.obj)
 .rodata.color_print.str1.4
                0x00000000000083f0        0xb zephyr/libzephyr.a(log_output.c.obj)
 *fill*         0x00000000000083fb        0x1 
 .rodata.newline_print.str1.4
                0x00000000000083fc        0x3 zephyr/libzephyr.a(log_output.c.obj)
                                          0x7 (size before relaxing)
 *fill*         0x00000000000083ff        0x1 
 .rodata.hexdump_line_print.str1.4
                0x0000000000008400       0x13 zephyr/libzephyr.a(log_output.c.obj)
                                         0x17 (size before relaxing)
 *fill*         0x0000000000008413        0x1 
 .rodata.ids_print.str1.4
                0x0000000000008414       0x12 zephyr/libzephyr.a(log_output.c.obj)
 *fill*         0x0000000000008426        0x2 
 .rodata.raw_string_print.str1.4
                0x0000000000008428        0x2 zephyr/libzephyr.a(log_output.c.obj)
 *fill*         0x000000000000842a        0x2 
 .rodata.str1.4
                0x000000000000842c       0x20 zephyr/libzephyr.a(log_output.c.obj)
 .rodata.colors
                0x000000000000844c       0x14 zephyr/libzephyr.a(log_output.c.obj)
 .rodata.severity
                0x0000000000008460       0x14 zephyr/libzephyr.a(log_output.c.obj)
 .rodata.log_backend_uart_init.str1.4
                0x0000000000008474        0x7 zephyr/libzephyr.a(log_backend_uart.c.obj)
 *fill*         0x000000000000847b        0x1 
 .rodata.str1.4
                0x000000000000847c       0x11 zephyr/libzephyr.a(log_backend_uart.c.obj)
 *fill*         0x000000000000848d        0x3 
 .rodata.log_backend_uart_api
                0x0000000000008490       0x18 zephyr/libzephyr.a(log_backend_uart.c.obj)
                0x0000000000008490                log_backend_uart_api
 .rodata.log_output
                0x00000000000084a8       0x10 zephyr/libzephyr.a(log_backend_uart.c.obj)
 .rodata.str1.4
                0x00000000000084b8       0x13 zephyr/libzephyr.a(flash_map_default.c.obj)
 .rodata.default_flash_map
                0x00000000000084b8       0x80 zephyr/libzephyr.a(flash_map_default.c.obj)
                0x00000000000084b8                default_flash_map
 .rodata.flash_map_entries
                0x0000000000008538        0x4 zephyr/libzephyr.a(flash_map_default.c.obj)
                0x0000000000008538                flash_map_entries
 .rodata.uart_console_init.str1.4
                0x000000000000853c        0x7 zephyr/libzephyr.a(uart_console.c.obj)
 .rodata.str1.4
                0x000000000000853c        0x1 zephyr/libzephyr.a(uart_console.c.obj)
 .rodata.str1.4
                0x000000000000853c       0x26 zephyr/libzephyr.a(nrf_power_clock.c.obj)
 *fill*         0x0000000000008562        0x2 
 .rodata.clock_control_api
                0x0000000000008564       0x14 zephyr/libzephyr.a(nrf_power_clock.c.obj)
 .rodata.config
                0x0000000000008578       0x20 zephyr/libzephyr.a(nrf_power_clock.c.obj)
 .rodata.str1.4
                0x0000000000008598        0xa zephyr/libzephyr.a(sys_clock_init.c.obj)
 .rodata.z_clock_driver_init.str1.4
                0x00000000000085a2        0x6 zephyr/libzephyr.a(nrf_rtc_timer.c.obj)
 *fill*         0x00000000000085a2        0x2 
 .rodata.str1.4
                0x00000000000085a4        0x4 zephyr/arch/arch/arm/core/aarch32/cortex_m/mpu/libarch__arm__core__aarch32__cortex_m__mpu.a(arm_core_mpu.c.obj)
 .rodata.region_allocate_and_init.str1.4
                0x00000000000085a8       0x26 zephyr/arch/arch/arm/core/aarch32/cortex_m/mpu/libarch__arm__core__aarch32__cortex_m__mpu.a(arm_mpu.c.obj)
 *fill*         0x00000000000085ce        0x2 
 .rodata.mpu_configure_regions_and_partition.str1.4
                0x00000000000085d0       0x47 zephyr/arch/arch/arm/core/aarch32/cortex_m/mpu/libarch__arm__core__aarch32__cortex_m__mpu.a(arm_mpu.c.obj)
 .rodata.str1.4
                0x0000000000008617        0x1 zephyr/arch/arch/arm/core/aarch32/cortex_m/mpu/libarch__arm__core__aarch32__cortex_m__mpu.a(arm_mpu.c.obj)
 *fill*         0x0000000000008617        0x1 
 .rodata.str1.4
                0x0000000000008618        0xf zephyr/soc/arm/common/cortex_m/libsoc__arm__common__cortex_m.a(arm_mpu_regions.c.obj)
 *fill*         0x0000000000008627        0x1 
 .rodata.mpu_config
                0x0000000000008628        0x8 zephyr/soc/arm/common/cortex_m/libsoc__arm__common__cortex_m.a(arm_mpu_regions.c.obj)
                0x0000000000008628                mpu_config
 .rodata.mpu_regions
                0x0000000000008630       0x20 zephyr/soc/arm/common/cortex_m/libsoc__arm__common__cortex_m.a(arm_mpu_regions.c.obj)
 .rodata.str1.4
                0x0000000000008650        0x7 zephyr/drivers/gpio/libdrivers__gpio.a(gpio_nrfx.c.obj)
 *fill*         0x0000000000008657        0x1 
 .rodata.gpio_nrfx_drv_api_funcs
                0x0000000000008658       0x1c zephyr/drivers/gpio/libdrivers__gpio.a(gpio_nrfx.c.obj)
 .rodata.gpio_nrfx_p0_cfg
                0x0000000000008674        0x8 zephyr/drivers/gpio/libdrivers__gpio.a(gpio_nrfx.c.obj)
 .rodata.str1.4
                0x000000000000867c       0x13 zephyr/drivers/flash/libdrivers__flash.a(soc_flash_nrf.c.obj)
 .rodata.flash_nrf_api
                0x000000000000867c       0x18 zephyr/drivers/flash/libdrivers__flash.a(soc_flash_nrf.c.obj)
 .rodata.str1.4
                0x0000000000008694       0x10 zephyr/drivers/serial/libdrivers__serial.a(uart_nrfx_uarte.c.obj)
                                         0x18 (size before relaxing)
 .rodata.uart_nrfx_uarte_driver_api
                0x00000000000086a4       0x4c zephyr/drivers/serial/libdrivers__serial.a(uart_nrfx_uarte.c.obj)
 .rodata.uarte_0z_config
                0x00000000000086f0        0x8 zephyr/drivers/serial/libdrivers__serial.a(uart_nrfx_uarte.c.obj)
 .rodata.str1.4
                0x00000000000086f8        0x1 modules/mbedtls/lib..__modules__crypto__mbedtls.a(zephyr_init.c.obj)
 .rodata.K      0x00000000000086f8      0x100 modules/mbedtls/lib..__modules__crypto__mbedtls.a(sha256.c.obj)
 .rodata.config_levels.8393
                0x00000000000087f8       0x14 zephyr/kernel/libkernel.a(device.c.obj)
 .rodata._k_neg_eagain
                0x000000000000880c        0x4 zephyr/kernel/libkernel.a(errno.c.obj)
                0x000000000000880c                _k_neg_eagain
 .rodata.bg_thread_main.str1.4
                0x0000000000008810       0x47 zephyr/kernel/libkernel.a(init.c.obj)
                                         0x4b (size before relaxing)
 *fill*         0x0000000000008857        0x1 
 .rodata.str1.4
                0x0000000000008858        0x3 zephyr/kernel/libkernel.a(init.c.obj)
 .rodata.str1.4
                0x000000000000885b        0x1 zephyr/kernel/libkernel.a(mem_slab.c.obj)
 .rodata.str1.4
                0x000000000000885b        0x1 zephyr/kernel/libkernel.a(mempool.c.obj)
 *(SORT_BY_ALIGNMENT(.gnu.linkonce.r.*))
                0x000000000000885c                . = ALIGN (0x4)
 *fill*         0x000000000000885b        0x1 
                0x000000000000885c                _image_rodata_end = .
                0x0000000000008860                . = ALIGN (_region_min_align)
                0x0000000000008860                _image_rom_end = .
                0x0000000020000000                . = 0x20000000
                0x0000000020000000                . = ALIGN (_region_min_align)
                0x0000000020000000                _image_ram_start = .

.ramfunc        0x0000000020000000        0x0 load address 0x000000000000885c
                0x0000000020000000                . = ALIGN (_region_min_align)
                0x0000000020000000                _ramfunc_ram_start = .
 *(SORT_BY_ALIGNMENT(.ramfunc))
 *(SORT_BY_ALIGNMENT(.ramfunc.*))
                0x0000000020000000                . = ALIGN (_region_min_align)
                0x0000000020000000                _ramfunc_ram_end = .
                0x0000000000000000                _ramfunc_ram_size = (_ramfunc_ram_end - _ramfunc_ram_start)
                0x000000000000885c                _ramfunc_rom_start = LOADADDR (.ramfunc)

bss             0x0000000020000000     0x272a
                0x0000000020000000                . = ALIGN (0x4)
                0x0000000020000000                __bss_start = .
                0x0000000020000000                __kernel_ram_start = .
 *(SORT_BY_ALIGNMENT(.bss))
 *(SORT_BY_ALIGNMENT(.bss.*))
 .bss.curr_tick
                0x0000000020000000        0x8 zephyr/kernel/libkernel.a(timeout.c.obj)
 .bss.flash_dev
                0x0000000020000008        0x4 app/libapp.a(flash_map_extended.c.obj)
 .bss.mempool   0x000000002000000c     0x1800 app/libapp.a(os.c.obj)
 .bss.boot_data
                0x000000002000180c       0x60 app/libapp.a(loader.c.obj)
 .bss.buf.4655  0x000000002000186c      0x400 app/libapp.a(loader.c.obj)
 .bss.primary_slot_sectors.4712
                0x0000000020001c6c      0x400 app/libapp.a(loader.c.obj)
 .bss.secondary_slot_sectors.4713
                0x000000002000206c      0x400 app/libapp.a(loader.c.obj)
 .bss.tmpbuf.4585
                0x000000002000246c      0x100 app/libapp.a(loader.c.obj)
 .bss.boot_status_fails
                0x000000002000256c        0x4 app/libapp.a(swap_move.c.obj)
                0x000000002000256c                boot_status_fails
 .bss.initialized
                0x0000000020002570        0x4 zephyr/libzephyr.a(log_core.c.obj)
 .bss.freq      0x0000000020002574        0x4 zephyr/libzephyr.a(log_output.c.obj)
 .bss.timestamp_div
                0x0000000020002578        0x4 zephyr/libzephyr.a(log_output.c.obj)
 .bss.backend_cb_log_backend_uart
                0x000000002000257c        0x8 zephyr/libzephyr.a(log_backend_uart.c.obj)
 .bss.log_output_control_block
                0x0000000020002584        0xc zephyr/libzephyr.a(log_backend_uart.c.obj)
 .bss.uart_console_dev
                0x0000000020002590        0x4 zephyr/libzephyr.a(uart_console.c.obj)
 .bss.data      0x0000000020002594       0x18 zephyr/libzephyr.a(nrf_power_clock.c.obj)
 .bss.last_count
                0x00000000200025ac        0x4 zephyr/libzephyr.a(nrf_rtc_timer.c.obj)
 .bss.dyn_reg_info
                0x00000000200025b0       0x14 zephyr/arch/arch/arm/core/aarch32/cortex_m/mpu/libarch__arm__core__aarch32__cortex_m__mpu.a(arm_mpu.c.obj)
 .bss.gpio_nrfx_p0_data
                0x00000000200025c4       0x20 zephyr/drivers/gpio/libdrivers__gpio.a(gpio_nrfx.c.obj)
 .bss.dev_layout
                0x00000000200025e4        0x8 zephyr/drivers/flash/libdrivers__flash.a(soc_flash_nrf.c.obj)
 .bss.uarte0_tx_buffer
                0x00000000200025ec       0x20 zephyr/drivers/serial/libdrivers__serial.a(uart_nrfx_uarte.c.obj)
 .bss.heap      0x000000002000260c       0x14 modules/mbedtls/lib..__modules__crypto__mbedtls.a(memory_buffer_alloc.c.obj)
 .bss.z_idle_thread
                0x0000000020002620       0x6c zephyr/kernel/libkernel.a(init.c.obj)
                0x0000000020002620                z_idle_thread
 .bss.z_main_thread
                0x000000002000268c       0x6c zephyr/kernel/libkernel.a(init.c.obj)
                0x000000002000268c                z_main_thread
 .bss._kernel   0x00000000200026f8       0x28 zephyr/kernel/libkernel.a(sched.c.obj)
                0x00000000200026f8                _kernel
 .bss.lock      0x0000000020002720        0x0 zephyr/kernel/libkernel.a(sem.c.obj)
 .bss.announce_remaining
                0x0000000020002720        0x4 zephyr/kernel/libkernel.a(timeout.c.obj)
 .bss.backend_attached
                0x0000000020002724        0x1 zephyr/libzephyr.a(log_core.c.obj)
 .bss.panic_mode
                0x0000000020002725        0x1 zephyr/libzephyr.a(log_core.c.obj)
 .bss.buf       0x0000000020002726        0x1 zephyr/libzephyr.a(log_backend_uart.c.obj)
 .bss.static_regions_num
                0x0000000020002727        0x1 zephyr/arch/arch/arm/core/aarch32/cortex_m/mpu/libarch__arm__core__aarch32__cortex_m__mpu.a(arm_mpu.c.obj)
 .bss.gpio_initialized.9292
                0x0000000020002728        0x1 zephyr/drivers/gpio/libdrivers__gpio.a(gpio_nrfx.c.obj)
 .bss.z_sys_post_kernel
                0x0000000020002729        0x1 zephyr/kernel/libkernel.a(init.c.obj)
                0x0000000020002729                z_sys_post_kernel
 *(SORT_BY_ALIGNMENT(COMMON))
 *(SORT_BY_ALIGNMENT(.kernel_bss.*))
                0x000000002000272c                __bss_end = ALIGN (0x4)

noinit          0x0000000020002730     0x3000
 *(SORT_BY_ALIGNMENT(.noinit))
 *(SORT_BY_ALIGNMENT(.noinit.*))
 .noinit."WEST_TOPDIR/zephyr/kernel/init.c".3
                0x0000000020002730     0x2800 zephyr/kernel/libkernel.a(init.c.obj)
                0x0000000020002730                z_main_stack
 .noinit."WEST_TOPDIR/zephyr/kernel/init.c".5
                0x0000000020004f30      0x800 zephyr/kernel/libkernel.a(init.c.obj)
                0x0000000020004f30                _interrupt_stack
 *(SORT_BY_ALIGNMENT(.kernel_noinit.*))

datas           0x0000000020005730       0x50 load address 0x000000000000885c
                0x0000000020005730                __data_ram_start = .
 *(SORT_BY_ALIGNMENT(.data))
 *(SORT_BY_ALIGNMENT(.data.*))
 .data.g_last_idx
                0x0000000020005730        0x4 app/libapp.a(swap_move.c.obj)
 .data._char_out
                0x0000000020005734        0x4 zephyr/libzephyr.a(printk.c.obj)
                0x0000000020005734                _char_out
 .data.timestamp_func
                0x0000000020005738        0x4 zephyr/libzephyr.a(log_core.c.obj)
 .data.flash_map
                0x000000002000573c        0x4 zephyr/libzephyr.a(flash_map_default.c.obj)
                0x000000002000573c                flash_map
 .data._stdout_hook
                0x0000000020005740        0x4 zephyr/lib/libc/minimal/liblib__libc__minimal.a(stdout_console.c.obj)
 .data.uarte0_int_driven
                0x0000000020005744       0x10 zephyr/drivers/serial/libdrivers__serial.a(uart_nrfx_uarte.c.obj)
 .data.uarte_0_data
                0x0000000020005754       0x10 zephyr/drivers/serial/libdrivers__serial.a(uart_nrfx_uarte.c.obj)
 .data.SystemCoreClock
                0x0000000020005764        0x4 modules/nordic/lib..__modules__hal__nordic.a(system_nrf9160.c.obj)
                0x0000000020005764                SystemCoreClock
 .data.mbedtls_calloc_func
                0x0000000020005768        0x4 modules/mbedtls/lib..__modules__crypto__mbedtls.a(platform.c.obj)
 .data.mbedtls_exit
                0x000000002000576c        0x4 modules/mbedtls/lib..__modules__crypto__mbedtls.a(platform.c.obj)
                0x000000002000576c                mbedtls_exit
 .data.mbedtls_free_func
                0x0000000020005770        0x4 modules/mbedtls/lib..__modules__crypto__mbedtls.a(platform.c.obj)
 .data.memset_func
                0x0000000020005774        0x4 modules/mbedtls/lib..__modules__crypto__mbedtls.a(platform_util.c.obj)
 .data.timeout_list
                0x0000000020005778        0x8 zephyr/kernel/libkernel.a(timeout.c.obj)
 *(SORT_BY_ALIGNMENT(.kernel.*))
                0x000000000000885c                __data_rom_start = LOADADDR (datas)

initlevel       0x0000000020005780       0x90 load address 0x00000000000088ac
                0x0000000020005780                __device_init_start = .
                0x0000000020005780                __device_PRE_KERNEL_1_start = .
 *(SORT_BY_NAME(SORT_BY_ALIGNMENT(.init_PRE_KERNEL_1[0-9])))
 .init_PRE_KERNEL_10
                0x0000000020005780        0xc zephyr/libzephyr.a(soc.c.obj)
 *(SORT_BY_NAME(SORT_BY_ALIGNMENT(.init_PRE_KERNEL_1[1-9][0-9])))
 .init_PRE_KERNEL_130
                0x000000002000578c        0xc zephyr/kernel/libkernel.a(mem_slab.c.obj)
 .init_PRE_KERNEL_130
                0x0000000020005798        0xc zephyr/kernel/libkernel.a(mempool.c.obj)
 .init_PRE_KERNEL_140
                0x00000000200057a4        0xc zephyr/arch/arch/arm/core/aarch32/cortex_m/mpu/libarch__arm__core__aarch32__cortex_m__mpu.a(arm_mpu.c.obj)
 .init_PRE_KERNEL_150
                0x00000000200057b0        0xc zephyr/libzephyr.a(nrf_power_clock.c.obj)
 .init_PRE_KERNEL_150
                0x00000000200057bc        0xc zephyr/drivers/serial/libdrivers__serial.a(uart_nrfx_uarte.c.obj)
 .init_PRE_KERNEL_160
                0x00000000200057c8        0xc zephyr/libzephyr.a(uart_console.c.obj)
                0x00000000200057d4                __device_PRE_KERNEL_2_start = .
 *(SORT_BY_NAME(SORT_BY_ALIGNMENT(.init_PRE_KERNEL_2[0-9])))
 .init_PRE_KERNEL_20
                0x00000000200057d4        0xc zephyr/libzephyr.a(sys_clock_init.c.obj)
 *(SORT_BY_NAME(SORT_BY_ALIGNMENT(.init_PRE_KERNEL_2[1-9][0-9])))
                0x00000000200057e0                __device_POST_KERNEL_start = .
 *(SORT_BY_NAME(SORT_BY_ALIGNMENT(.init_POST_KERNEL[0-9])))
 .init_POST_KERNEL0
                0x00000000200057e0        0xc zephyr/libzephyr.a(log_core.c.obj)
 .init_POST_KERNEL0
                0x00000000200057ec        0xc modules/mbedtls/lib..__modules__crypto__mbedtls.a(zephyr_init.c.obj)
 *(SORT_BY_NAME(SORT_BY_ALIGNMENT(.init_POST_KERNEL[1-9][0-9])))
 .init_POST_KERNEL40
                0x00000000200057f8        0xc zephyr/drivers/gpio/libdrivers__gpio.a(gpio_nrfx.c.obj)
 .init_POST_KERNEL50
                0x0000000020005804        0xc zephyr/drivers/flash/libdrivers__flash.a(soc_flash_nrf.c.obj)
                0x0000000020005810                __device_APPLICATION_start = .
 *(SORT_BY_NAME(SORT_BY_ALIGNMENT(.init_APPLICATION[0-9])))
 *(SORT_BY_NAME(SORT_BY_ALIGNMENT(.init_APPLICATION[1-9][0-9])))
                0x0000000020005810                __device_init_end = .

initlevel_error
                0x0000000020005780        0x0
 *(SORT_BY_NAME(SORT_BY_ALIGNMENT(.init_[_A-Z0-9]*)))
                0x0000000000000001                ASSERT ((SIZEOF (initlevel_error) == 0x0), Undefined initialization levels used.)

initshell       0x0000000020005810        0x0 load address 0x000000000000893c
                0x0000000020005810                __shell_module_start = .
 *(SORT_BY_ALIGNMENT(.shell_module_*))
                0x0000000020005810                __shell_module_end = .
                0x0000000020005810                __shell_cmd_start = .
 *(SORT_BY_ALIGNMENT(.shell_cmd_*))
                0x0000000020005810                __shell_cmd_end = .

log_dynamic_sections
                0x0000000020005810        0x0 load address 0x000000000000893c
                0x0000000020005810                __log_dynamic_start = .
 *(SORT_BY_NAME(SORT_BY_ALIGNMENT(.log_dynamic_*)))
                0x0000000020005810                __log_dynamic_end = .

_static_thread_area
                0x0000000020005810        0x0 load address 0x000000000000893c
                0x0000000020005810                __static_thread_data_list_start = .
 *(SORT_BY_NAME(SORT_BY_ALIGNMENT(.__static_thread_data.static.*)))
                0x0000000020005810                __static_thread_data_list_end = .

_k_timer_area   0x0000000020005810        0x0 load address 0x000000000000893c
                0x0000000020005810                _k_timer_list_start = .
 *(SORT_BY_ALIGNMENT(._k_timer.static.*))
                0x0000000020005810                _k_timer_list_end = .

_k_mem_slab_area
                0x0000000020005810        0x0 load address 0x000000000000893c
                0x0000000020005810                _k_mem_slab_list_start = .
 *(SORT_BY_ALIGNMENT(._k_mem_slab.static.*))
                0x0000000020005810                _k_mem_slab_list_end = .

_k_mem_pool_area
                0x0000000020005810        0x0 load address 0x000000000000893c
                0x0000000020005810                _k_mem_pool_list_start = .
 *(SORT_BY_ALIGNMENT(._k_mem_pool.static.*))
                0x0000000020005810                _k_mem_pool_list_end = .

_k_sem_area     0x0000000020005810       0x10 load address 0x000000000000893c
                0x0000000020005810                _k_sem_list_start = .
 *(SORT_BY_ALIGNMENT(._k_sem.static.*))
 ._k_sem.static.log_process_thread_sem
                0x0000000020005810       0x10 zephyr/libzephyr.a(log_core.c.obj)
                0x0000000020005810                log_process_thread_sem
 *(SORT_BY_ALIGNMENT(._sys_sem.static.*))
                0x0000000020005820                _k_sem_list_end = .

_k_mutex_area   0x0000000020005820       0x14 load address 0x000000000000894c
                0x0000000020005820                _k_mutex_list_start = .
 *(SORT_BY_ALIGNMENT(._k_mutex.static.*))
 ._k_mutex.static.fdtable_lock
                0x0000000020005820       0x14 zephyr/libzephyr.a(fdtable.c.obj)
                0x0000000020005834                _k_mutex_list_end = .

_k_queue_area   0x0000000020005834        0x0 load address 0x0000000000008960
                0x0000000020005834                _k_queue_list_start = .
 *(SORT_BY_ALIGNMENT(._k_queue.static.*))
 *(SORT_BY_ALIGNMENT(._k_fifo.static.*))
 *(SORT_BY_ALIGNMENT(._k_lifo.static.*))
                0x0000000020005834                _k_queue_list_end = .

_k_stack_area   0x0000000020005834        0x0 load address 0x0000000000008960
                0x0000000020005834                _k_stack_list_start = .
 *(SORT_BY_ALIGNMENT(._k_stack.static.*))
                0x0000000020005834                _k_stack_list_end = .

_k_msgq_area    0x0000000020005834        0x0 load address 0x0000000000008960
                0x0000000020005834                _k_msgq_list_start = .
 *(SORT_BY_ALIGNMENT(._k_msgq.static.*))
                0x0000000020005834                _k_msgq_list_end = .

_k_mbox_area    0x0000000020005834        0x0 load address 0x0000000000008960
                0x0000000020005834                _k_mbox_list_start = .
 *(SORT_BY_ALIGNMENT(._k_mbox.static.*))
                0x0000000020005834                _k_mbox_list_end = .

_k_pipe_area    0x0000000020005834        0x0 load address 0x0000000000008960
                0x0000000020005834                _k_pipe_list_start = .
 *(SORT_BY_ALIGNMENT(._k_pipe.static.*))
                0x0000000020005834                _k_pipe_list_end = .

_net_buf_pool_area
                0x0000000020005834        0x0 load address 0x0000000000008960
                0x0000000020005834                _net_buf_pool_list = .
 *(SORT_BY_NAME(SORT_BY_ALIGNMENT(._net_buf_pool.static.*)))

net_if          0x0000000020005834        0x0 load address 0x0000000000008960
                0x0000000020005834                __net_if_start = .
 *(SORT_BY_ALIGNMENT(.net_if.*))
 *(SORT_BY_NAME(SORT_BY_ALIGNMENT(.net_if.*)))
                0x0000000020005834                __net_if_end = .

net_if_dev      0x0000000020005834        0x0 load address 0x0000000000008960
                0x0000000020005834                __net_if_dev_start = .